Component: ARM Compiler 5.06 update 6 (build 750) Tool: armlink [4d35ed]

==============================================================================

Section Cross References

    startup_stm32l496xx.o(RESET) refers to startup_stm32l496xx.o(STACK) for __initial_sp
    startup_stm32l496xx.o(RESET) refers to startup_stm32l496xx.o(.text) for Reset_Handler
    startup_stm32l496xx.o(RESET) refers to stm32l4xx_it.o(i.NMI_Handler) for NMI_Handler
    startup_stm32l496xx.o(RESET) refers to stm32l4xx_it.o(i.HardFault_Handler) for HardFault_Handler
    startup_stm32l496xx.o(RESET) refers to stm32l4xx_it.o(i.MemManage_Handler) for MemManage_Handler
    startup_stm32l496xx.o(RESET) refers to stm32l4xx_it.o(i.BusFault_Handler) for BusFault_Handler
    startup_stm32l496xx.o(RESET) refers to stm32l4xx_it.o(i.UsageFault_Handler) for UsageFault_Handler
    startup_stm32l496xx.o(RESET) refers to port.o(.emb_text) for SVC_Handler
    startup_stm32l496xx.o(RESET) refers to stm32l4xx_it.o(i.DebugMon_Handler) for DebugMon_Handler
    startup_stm32l496xx.o(RESET) refers to stm32l4xx_it.o(i.SysTick_Handler) for SysTick_Handler
    startup_stm32l496xx.o(RESET) refers to stm32l4xx_it.o(i.DMA1_Channel2_IRQHandler) for DMA1_Channel2_IRQHandler
    startup_stm32l496xx.o(RESET) refers to stm32l4xx_it.o(i.DMA1_Channel3_IRQHandler) for DMA1_Channel3_IRQHandler
    startup_stm32l496xx.o(.text) refers to system_stm32l4xx.o(i.SystemInit) for SystemInit
    startup_stm32l496xx.o(.text) refers to entry.o(.ARM.Collect$$$$00000000) for __main
    main.o(i.MX_GPIO_Init) refers to memseta.o(.text) for __aeabi_memclr4
    main.o(i.MX_GPIO_Init) refers to stm32l4xx_hal_pwr_ex.o(i.HAL_PWREx_EnableVddIO2) for HAL_PWREx_EnableVddIO2
    main.o(i.MX_GPIO_Init) refers to stm32l4xx_hal_gpio.o(i.HAL_GPIO_WritePin) for HAL_GPIO_WritePin
    main.o(i.MX_GPIO_Init) refers to stm32l4xx_hal_gpio.o(i.HAL_GPIO_Init) for HAL_GPIO_Init
    main.o(i.MX_LPUART1_UART_Init) refers to stm32l4xx_hal_uart.o(i.HAL_UART_Init) for HAL_UART_Init
    main.o(i.MX_LPUART1_UART_Init) refers to main.o(i.Error_Handler) for Error_Handler
    main.o(i.MX_LPUART1_UART_Init) refers to main.o(.bss) for hlpuart1
    main.o(i.MX_USB_OTG_FS_PCD_Init) refers to stm32l4xx_hal_pcd.o(i.HAL_PCD_Init) for HAL_PCD_Init
    main.o(i.MX_USB_OTG_FS_PCD_Init) refers to main.o(i.Error_Handler) for Error_Handler
    main.o(i.MX_USB_OTG_FS_PCD_Init) refers to main.o(.bss) for hpcd_USB_OTG_FS
    main.o(i.StartDefaultTask) refers to memcpya.o(.text) for __aeabi_memcpy4
    main.o(i.StartDefaultTask) refers to strlen.o(.text) for strlen
    main.o(i.StartDefaultTask) refers to gsm.o(i.socket_close) for socket_close
    main.o(i.StartDefaultTask) refers to gsm.o(i.socket_init) for socket_init
    main.o(i.StartDefaultTask) refers to main.o(i.Error_Handler) for Error_Handler
    main.o(i.StartDefaultTask) refers to gsm.o(i.socket_open) for socket_open
    main.o(i.StartDefaultTask) refers to gsm.o(i.socket_send) for socket_send
    main.o(i.StartDefaultTask) refers to cmsis_os2.o(i.osMutexAcquire) for osMutexAcquire
    main.o(i.StartDefaultTask) refers to cmsis_os2.o(i.osDelay) for osDelay
    main.o(i.StartDefaultTask) refers to stm32l4xx_hal.o(i.HAL_GetTick) for HAL_GetTick
    main.o(i.StartDefaultTask) refers to printf6.o(i.__0printf$6) for __2printf
    main.o(i.StartDefaultTask) refers to cmsis_os2.o(i.osMutexRelease) for osMutexRelease
    main.o(i.StartDefaultTask) refers to gsm.o(i.socket_recv) for socket_recv
    main.o(i.StartDefaultTask) refers to main.o(.constdata) for .constdata
    main.o(i.StartDefaultTask) refers to main.o(.data) for printMutex
    main.o(i.SystemClock_Config) refers to memseta.o(.text) for __aeabi_memclr4
    main.o(i.SystemClock_Config) refers to stm32l4xx_hal_pwr.o(i.HAL_PWR_EnableBkUpAccess) for HAL_PWR_EnableBkUpAccess
    main.o(i.SystemClock_Config) refers to stm32l4xx_hal_rcc.o(i.HAL_RCC_OscConfig) for HAL_RCC_OscConfig
    main.o(i.SystemClock_Config) refers to main.o(i.Error_Handler) for Error_Handler
    main.o(i.SystemClock_Config) refers to stm32l4xx_hal_rcc.o(i.HAL_RCC_ClockConfig) for HAL_RCC_ClockConfig
    main.o(i.SystemClock_Config) refers to stm32l4xx_hal_rcc_ex.o(i.HAL_RCCEx_PeriphCLKConfig) for HAL_RCCEx_PeriphCLKConfig
    main.o(i.SystemClock_Config) refers to stm32l4xx_hal_pwr_ex.o(i.HAL_PWREx_ControlVoltageScaling) for HAL_PWREx_ControlVoltageScaling
    main.o(i.SystemClock_Config) refers to stm32l4xx_hal_rcc_ex.o(i.HAL_RCCEx_EnableMSIPLLMode) for HAL_RCCEx_EnableMSIPLLMode
    main.o(i.main) refers to stm32l4xx_hal.o(i.HAL_Init) for HAL_Init
    main.o(i.main) refers to main.o(i.SystemClock_Config) for SystemClock_Config
    main.o(i.main) refers to main.o(i.MX_GPIO_Init) for MX_GPIO_Init
    main.o(i.main) refers to main.o(i.MX_LPUART1_UART_Init) for MX_LPUART1_UART_Init
    main.o(i.main) refers to main.o(i.MX_USB_OTG_FS_PCD_Init) for MX_USB_OTG_FS_PCD_Init
[...]
    i.osKernelInitialize                     0x080052fc   Section        0  cmsis_os2.o(i.osKernelInitialize)
    i.osKernelStart                          0x0800533c   Section        0  cmsis_os2.o(i.osKernelStart)
    i.osMessageQueueGet                      0x08005384   Section        0  cmsis_os2.o(i.osMessageQueueGet)
    i.osMessageQueueNew                      0x0800541c   Section        0  cmsis_os2.o(i.osMessageQueueNew)
    i.osMessageQueuePut                      0x080054d0   Section        0  cmsis_os2.o(i.osMessageQueuePut)
    i.osMutexAcquire                         0x0800556c   Section        0  cmsis_os2.o(i.osMutexAcquire)
    i.osMutexNew                             0x080055e8   Section        0  cmsis_os2.o(i.osMutexNew)
    i.osMutexRelease                         0x080056b4   Section        0  cmsis_os2.o(i.osMutexRelease)
    i.osThreadNew                            0x0800571c   Section        0  cmsis_os2.o(i.osThreadNew)
    i.prvAddCurrentTaskToDelayedList         0x080057f0   Section        0  tasks.o(i.prvAddCurrentTaskToDelayedList)
    prvAddCurrentTaskToDelayedList           0x080057f1   Thumb Code   100  tasks.o(i.prvAddCurrentTaskToDelayedList)
    i.prvAddNewTaskToReadyList               0x0800586c   Section        0  tasks.o(i.prvAddNewTaskToReadyList)
    prvAddNewTaskToReadyList                 0x0800586d   Thumb Code   154  tasks.o(i.prvAddNewTaskToReadyList)
    i.prvCheckForValidListAndQueue           0x08005924   Section        0  timers.o(i.prvCheckForValidListAndQueue)
    prvCheckForValidListAndQueue             0x08005925   Thumb Code    78  timers.o(i.prvCheckForValidListAndQueue)
    i.prvCheckTasksWaitingTermination        0x08005998   Section        0  tasks.o(i.prvCheckTasksWaitingTermination)
    prvCheckTasksWaitingTermination          0x08005999   Thumb Code    60  tasks.o(i.prvCheckTasksWaitingTermination)
    i.prvCopyDataFromQueue                   0x080059e0   Section        0  queue.o(i.prvCopyDataFromQueue)
    prvCopyDataFromQueue                     0x080059e1   Thumb Code    42  queue.o(i.prvCopyDataFromQueue)
    i.prvCopyDataToQueue                     0x08005a0a   Section        0  queue.o(i.prvCopyDataToQueue)
    prvCopyDataToQueue                       0x08005a0b   Thumb Code   126  queue.o(i.prvCopyDataToQueue)
    i.prvDeleteTCB                           0x08005a88   Section        0  tasks.o(i.prvDeleteTCB)
    prvDeleteTCB                             0x08005a89   Thumb Code    80  tasks.o(i.prvDeleteTCB)
    i.prvGetDisinheritPriorityAfterTimeout   0x08005ad8   Section        0  queue.o(i.prvGetDisinheritPriorityAfterTimeout)
    prvGetDisinheritPriorityAfterTimeout     0x08005ad9   Thumb Code    20  queue.o(i.prvGetDisinheritPriorityAfterTimeout)
    i.prvGetNextExpireTime                   0x08005aec   Section        0  timers.o(i.prvGetNextExpireTime)
    prvGetNextExpireTime                     0x08005aed   Thumb Code    36  timers.o(i.prvGetNextExpireTime)
    i.prvHeapInit                            0x08005b14   Section        0  heap_4.o(i.prvHeapInit)
    prvHeapInit                              0x08005b15   Thumb Code    98  heap_4.o(i.prvHeapInit)
    i.prvIdleTask                            0x08005b90   Section        0  tasks.o(i.prvIdleTask)
    prvIdleTask                              0x08005b91   Thumb Code    32  tasks.o(i.prvIdleTask)
    i.prvInitialiseMutex                     0x08005bb8   Section        0  queue.o(i.prvInitialiseMutex)
    prvInitialiseMutex                       0x08005bb9   Thumb Code    30  queue.o(i.prvInitialiseMutex)
    i.prvInitialiseNewQueue                  0x08005bd6   Section        0  queue.o(i.prvInitialiseNewQueue)
    prvInitialiseNewQueue                    0x08005bd7   Thumb Code    42  queue.o(i.prvInitialiseNewQueue)
    i.prvInitialiseNewTask                   0x08005c00   Section        0  tasks.o(i.prvInitialiseNewTask)
    prvInitialiseNewTask                     0x08005c01   Thumb Code   190  tasks.o(i.prvInitialiseNewTask)
    i.prvInitialiseTaskLists                 0x08005cc4   Section        0  tasks.o(i.prvInitialiseTaskLists)
    prvInitialiseTaskLists                   0x08005cc5   Thumb Code    70  tasks.o(i.prvInitialiseTaskLists)
    i.prvInsertBlockIntoFreeList             0x08005d2c   Section        0  heap_4.o(i.prvInsertBlockIntoFreeList)
    prvInsertBlockIntoFreeList               0x08005d2d   Thumb Code    96  heap_4.o(i.prvInsertBlockIntoFreeList)
    i.prvInsertTimerInActiveList             0x08005d94   Section        0  timers.o(i.prvInsertTimerInActiveList)
    prvInsertTimerInActiveList               0x08005d95   Thumb Code    80  timers.o(i.prvInsertTimerInActiveList)
    i.prvIsQueueEmpty                        0x08005dec   Section        0  queue.o(i.prvIsQueueEmpty)
    prvIsQueueEmpty                          0x08005ded   Thumb Code    26  queue.o(i.prvIsQueueEmpty)
    i.prvIsQueueFull                         0x08005e06   Section        0  queue.o(i.prvIsQueueFull)
    prvIsQueueFull                           0x08005e07   Thumb Code    30  queue.o(i.prvIsQueueFull)
    i.prvProcessExpiredTimer                 0x08005e24   Section        0  timers.o(i.prvProcessExpiredTimer)
    prvProcessExpiredTimer                   0x08005e25   Thumb Code   110  timers.o(i.prvProcessExpiredTimer)
    i.prvProcessReceivedCommands             0x08005e98   Section        0  timers.o(i.prvProcessReceivedCommands)
    prvProcessReceivedCommands               0x08005e99   Thumb Code   350  timers.o(i.prvProcessReceivedCommands)
    i.prvProcessTimerOrBlockTask             0x08005ffc   Section        0  timers.o(i.prvProcessTimerOrBlockTask)
    prvProcessTimerOrBlockTask               0x08005ffd   Thumb Code   102  timers.o(i.prvProcessTimerOrBlockTask)
    i.prvResetNextTaskUnblockTime            0x08006070   Section        0  tasks.o(i.prvResetNextTaskUnblockTime)
    prvResetNextTaskUnblockTime              0x08006071   Thumb Code    42  tasks.o(i.prvResetNextTaskUnblockTime)
    i.prvSampleTimeNow                       0x080060a4   Section        0  timers.o(i.prvSampleTimeNow)
    prvSampleTimeNow                         0x080060a5   Thumb Code    40  timers.o(i.prvSampleTimeNow)
    i.prvSwitchTimerLists                    0x080060d0   Section        0  timers.o(i.prvSwitchTimerLists)
    prvSwitchTimerLists                      0x080060d1   Thumb Code   154  timers.o(i.prvSwitchTimerLists)
    i.prvTaskExitError                       0x08006174   Section        0  port.o(i.prvTaskExitError)
    prvTaskExitError                         0x08006175   Thumb Code    60  port.o(i.prvTaskExitError)
    i.prvTimerTask                           0x080061b4   Section        0  timers.o(i.prvTimerTask)
    prvTimerTask                             0x080061b5   Thumb Code    26  timers.o(i.prvTimerTask)
    i.prvUnlockQueue                         0x080061ce   Section        0  queue.o(i.prvUnlockQueue)
    prvUnlockQueue                           0x080061cf   Thumb Code   126  queue.o(i.prvUnlockQueue)
    i.pvPortMalloc                           0x0800624c   Section        0  heap_4.o(i.pvPortMalloc)
    i.pvTaskIncrementMutexHeldCount          0x08006388   Section        0  tasks.o(i.pvTaskIncrementMutexHeldCount)
    i.pxPortInitialiseStack                  0x080063a8   Section        0  port.o(i.pxPortInitialiseStack)
    i.socket_close                           0x080063d4   Section        0  gsm.o(i.socket_close)
    i.socket_init                            0x0800642c   Section        0  gsm.o(i.socket_init)
    i.socket_open                            0x08006478   Section        0  gsm.o(i.socket_open)
    i.socket_recv                            0x080064f8   Section        0  gsm.o(i.socket_recv)
    i.socket_send                            0x08006538   Section        0  gsm.o(i.socket_send)
    i.stdout_putchar                         0x08006580   Section        0  retarget_io.o(i.stdout_putchar)
    stdout_putchar                           0x08006581   Thumb Code    12  retarget_io.o(i.stdout_putchar)
    i.uxListRemove                           0x0800658c   Section        0  list.o(i.uxListRemove)
    i.vApplicationGetIdleTaskMemory          0x080065b4   Section        0  cmsis_os2.o(i.vApplicationGetIdleTaskMemory)
    i.vApplicationGetTimerTaskMemory         0x080065cc   Section        0  cmsis_os2.o(i.vApplicationGetTimerTaskMemory)
    i.vListInitialise                        0x080065e4   Section        0  list.o(i.vListInitialise)
    i.vListInitialiseItem                    0x080065fe   Section        0  list.o(i.vListInitialiseItem)
    i.vListInsert                            0x08006604   Section        0  list.o(i.vListInsert)
    i.vListInsertEnd                         0x08006638   Section        0  list.o(i.vListInsertEnd)
    i.vPortEnterCritical                     0x08006650   Section        0  port.o(i.vPortEnterCritical)
    i.vPortExitCritical                      0x080066a4   Section        0  port.o(i.vPortExitCritical)
    i.vPortFree                              0x080066e0   Section        0  heap_4.o(i.vPortFree)
    i.vPortSetupTimerInterrupt               0x08006774   Section        0  port.o(i.vPortSetupTimerInterrupt)
    i.vPortValidateInterruptPriority         0x0800679c   Section        0  port.o(i.vPortValidateInterruptPriority)
    i.vQueueAddToRegistry                    0x08006814   Section        0  queue.o(i.vQueueAddToRegistry)
    i.vQueueWaitForMessageRestricted         0x08006840   Section        0  queue.o(i.vQueueWaitForMessageRestricted)
    i.vTaskDelay                             0x0800688c   Section        0  tasks.o(i.vTaskDelay)
    i.vTaskInternalSetTimeOutState           0x080068e8   Section        0  tasks.o(i.vTaskInternalSetTimeOutState)
    i.vTaskMissedYield                       0x08006900   Section        0  tasks.o(i.vTaskMissedYield)
    i.vTaskPlaceOnEventList                  0x0800690c   Section        0  tasks.o(i.vTaskPlaceOnEventList)
    i.vTaskPlaceOnEventListRestricted        0x08006944   Section        0  tasks.o(i.vTaskPlaceOnEventListRestricted)
    i.vTaskPriorityDisinheritAfterTimeout    0x08006984   Section        0  tasks.o(i.vTaskPriorityDisinheritAfterTimeout)
    i.vTaskStartScheduler                    0x08006a54   Section        0  tasks.o(i.vTaskStartScheduler)
    i.vTaskSuspendAll                        0x08006b0c   Section        0  tasks.o(i.vTaskSuspendAll)
    i.vTaskSwitchContext                     0x08006b1c   Section        0  tasks.o(i.vTaskSwitchContext)
    i.xPortStartScheduler                    0x08006bac   Section        0  port.o(i.xPortStartScheduler)
    i.xPortSysTickHandler                    0x08006d14   Section        0  port.o(i.xPortSysTickHandler)
    i.xQueueCreateMutex                      0x08006d48   Section        0  queue.o(i.xQueueCreateMutex)
    i.xQueueCreateMutexStatic                0x08006d6a   Section        0  queue.o(i.xQueueCreateMutexStatic)
    i.xQueueGenericCreate                    0x08006d94   Section        0  queue.o(i.xQueueGenericCreate)
    i.xQueueGenericCreateStatic              0x08006df4   Section        0  queue.o(i.xQueueGenericCreateStatic)
    i.xQueueGenericReset                     0x08006ed4   Section        0  queue.o(i.xQueueGenericReset)
    i.xQueueGenericSend                      0x08006f6c   Section        0  queue.o(i.xQueueGenericSend)
    i.xQueueGenericSendFromISR               0x08007114   Section        0  queue.o(i.xQueueGenericSendFromISR)
    i.xQueueGiveMutexRecursive               0x08007212   Section        0  queue.o(i.xQueueGiveMutexRecursive)
    i.xQueueReceive                          0x0800725c   Section        0  queue.o(i.xQueueReceive)
    i.xQueueReceiveFromISR                   0x080073c4   Section        0  queue.o(i.xQueueReceiveFromISR)
    i.xQueueSemaphoreTake                    0x08007494   Section        0  queue.o(i.xQueueSemaphoreTake)
    i.xQueueTakeMutexRecursive               0x0800764c   Section        0  queue.o(i.xQueueTakeMutexRecursive)
    i.xTaskCheckForTimeOut                   0x0800769c   Section        0  tasks.o(i.xTaskCheckForTimeOut)
    i.xTaskCreate                            0x08007728   Section        0  tasks.o(i.xTaskCreate)
    i.xTaskCreateStatic                      0x08007792   Section        0  tasks.o(i.xTaskCreateStatic)
    i.xTaskGetCurrentTaskHandle              0x08007854   Section        0  tasks.o(i.xTaskGetCurrentTaskHandle)
    i.xTaskGetSchedulerState                 0x08007860   Section        0  tasks.o(i.xTaskGetSchedulerState)
    i.xTaskGetTickCount                      0x08007880   Section        0  tasks.o(i.xTaskGetTickCount)
    i.xTaskIncrementTick                     0x0800788c   Section        0  tasks.o(i.xTaskIncrementTick)
    i.xTaskPriorityDisinherit                0x080079d0   Section        0  tasks.o(i.xTaskPriorityDisinherit)
    i.xTaskPriorityInherit                   0x08007a74   Section        0  tasks.o(i.xTaskPriorityInherit)
    i.xTaskRemoveFromEventList               0x08007b18   Section        0  tasks.o(i.xTaskRemoveFromEventList)
    i.xTaskResumeAll                         0x08007bb0   Section        0  tasks.o(i.xTaskResumeAll)
    i.xTimerCreateTimerTask                  0x08007cb4   Section        0  timers.o(i.xTimerCreateTimerTask)
    i.xTimerGenericCommand                   0x08007d2c   Section        0  timers.o(i.xTimerGenericCommand)
    .constdata                               0x08007db0   Section      116  main.o(.constdata)
    .constdata                               0x08007e24   Section     4836  gsm.o(.constdata)
    .constdata                               0x08009108   Section       72  system_stm32l4xx.o(.constdata)
    .constdata                               0x08009150   Section       64  ctype_c.o(.constdata)
    .conststring                             0x08009190   Section       12  main.o(.conststring)
    .conststring                             0x0800919c   Section        8  gsm.o(.conststring)
    .data                                    0x20000000   Section        8  main.o(.data)
    .data                                    0x20000008   Section       12  gsm.o(.data)
    .data                                    0x20000014   Section        4  system_stm32l4xx.o(.data)
    .data                                    0x20000018   Section        9  stm32l4xx_hal.o(.data)
    .data                                    0x20000024   Section       60  tasks.o(.data)
    pxDelayedTaskList                        0x20000028   Data           4  tasks.o(.data)
    pxOverflowDelayedTaskList                0x2000002c   Data           4  tasks.o(.data)
    uxDeletedTasksWaitingCleanUp             0x20000030   Data           4  tasks.o(.data)
    uxCurrentNumberOfTasks                   0x20000034   Data           4  tasks.o(.data)
    xTickCount                               0x20000038   Data           4  tasks.o(.data)
    uxTopReadyPriority                       0x2000003c   Data           4  tasks.o(.data)
    xSchedulerRunning                        0x20000040   Data           4  tasks.o(.data)
    uxPendedTicks                            0x20000044   Data           4  tasks.o(.data)
    xYieldPending                            0x20000048   Data           4  tasks.o(.data)
    xNumOfOverflows                          0x2000004c   Data           4  tasks.o(.data)
    uxTaskNumber                             0x20000050   Data           4  tasks.o(.data)
    xNextTaskUnblockTime                     0x20000054   Data           4  tasks.o(.data)
    xIdleTaskHandle                          0x20000058   Data           4  tasks.o(.data)
    uxSchedulerSuspended                     0x2000005c   Data           4  tasks.o(.data)
    .data                                    0x20000060   Section       20  timers.o(.data)
    pxCurrentTimerList                       0x20000060   Data           4  timers.o(.data)
    pxOverflowTimerList                      0x20000064   Data           4  timers.o(.data)
    xTimerQueue                              0x20000068   Data           4  timers.o(.data)
    xTimerTaskHandle                         0x2000006c   Data           4  timers.o(.data)
    xLastTime                                0x20000070   Data           4  timers.o(.data)
    .data                                    0x20000074   Section        4  cmsis_os2.o(.data)
    KernelState                              0x20000074   Data           4  cmsis_os2.o(.data)
    .data                                    0x20000078   Section       24  heap_4.o(.data)
    xStart                                   0x20000078   Data           8  heap_4.o(.data)
    pxEnd                                    0x20000080   Data           4  heap_4.o(.data)
    xFreeBytesRemaining                      0x20000084   Data           4  heap_4.o(.data)
    xMinimumEverFreeBytesRemaining           0x20000088   Data           4  heap_4.o(.data)
    xBlockAllocatedBit                       0x2000008c   Data           4  heap_4.o(.data)
    .data                                    0x20000090   Section       12  port.o(.data)
    uxCriticalNesting                        0x20000090   Data           4  port.o(.data)
    ucMaxSysCallPriority                     0x20000094   Data           1  port.o(.data)
    ulMaxPRIGROUPValue                       0x20000098   Data           4  port.o(.data)
    .data                                    0x2000009c   Section        4  stdout.o(.data)
    .bss                                     0x200000a0   Section     1240  main.o(.bss)
    os_mutex_cb_printMutex                   0x20000528   Data          80  main.o(.bss)
    .bss                                     0x20000578   Section      184  gsm.o(.bss)
    gsm                                      0x20000578   Data          48  gsm.o(.bss)
    msg_tcp_rx                               0x200005a8   Data          68  gsm.o(.bss)
    msg_tcp_tx                               0x200005ec   Data          68  gsm.o(.bss)
    .bss                                     0x20000630   Section      272  usart.o(.bss)
    .bss                                     0x20000740   Section       64  queue.o(.bss)
    .bss                                     0x20000780   Section     1220  tasks.o(.bss)
    pxReadyTasksLists                        0x20000780   Data        1120  tasks.o(.bss)
    xDelayedTaskList1                        0x20000be0   Data          20  tasks.o(.bss)
    xDelayedTaskList2                        0x20000bf4   Data          20  tasks.o(.bss)
    xPendingReadyList                        0x20000c08   Data          20  tasks.o(.bss)
    xTasksWaitingTermination                 0x20000c1c   Data          20  tasks.o(.bss)
    xSuspendedTaskList                       0x20000c30   Data          20  tasks.o(.bss)
    .bss                                     0x20000c44   Section      280  timers.o(.bss)
    xActiveTimerList1                        0x20000c44   Data          20  timers.o(.bss)
    xActiveTimerList2                        0x20000c58   Data          20  timers.o(.bss)
    xStaticTimerQueue                        0x20000c6c   Data          80  timers.o(.bss)
    ucStaticTimerQueueStorage                0x20000cbc   Data         160  timers.o(.bss)
    .bss                                     0x20000d5c   Section     1720  cmsis_os2.o(.bss)
    Idle_TCB                                 0x20000d5c   Data          92  cmsis_os2.o(.bss)
    Idle_Stack                               0x20000db8   Data         512  cmsis_os2.o(.bss)
    Timer_TCB                                0x20000fb8   Data          92  cmsis_os2.o(.bss)
    Timer_Stack                              0x20001014   Data        1024  cmsis_os2.o(.bss)
    .bss                                     0x20001414   Section     3000  heap_4.o(.bss)
    ucHeap                                   0x20001414   Data        3000  heap_4.o(.bss)
    STACK                                    0x20001fd0   Section     1024  startup_stm32l496xx.o(STACK)

    Global Symbols

    Symbol Name                              Value     Ov Type        Size  Object(Section)

    BuildAttributes$$THM_ISAv4$E$P$D$K$B$S$7EM$VFPi3$EXTD16$VFPS$VFMA$PE$A:L22UL41UL21$X:L11$S22US41US21$IEEE1$IW$USESV6$~STKCKD$USESV7$~SHL$OSPACE$ROPI$EBA8$MICROLIB$REQ8$PRES8$EABIv2 0x00000000   Number         0  anon$$obj.o ABSOLUTE
    __ARM_use_no_argv                        0x00000000   Number         0  main.o ABSOLUTE
    _printf_a                                0x00000000   Number         0  stubs.o ABSOLUTE
    _printf_c                                0x00000000   Number         0  stubs.o ABSOLUTE
    _printf_charcount                        0x00000000   Number         0  stubs.o ABSOLUTE
    _printf_d                                0x00000000   Number         0  stubs.o ABSOLUTE
    _printf_e                                0x00000000   Number         0  stubs.o ABSOLUTE
    _printf_f                                0x00000000   Number         0  stubs.o ABSOLUTE
    _printf_flags                            0x00000000   Number         0  stubs.o ABSOLUTE
    _printf_fp_dec                           0x00000000   Number         0  stubs.o ABSOLUTE
    _printf_fp_hex                           0x00000000   Number         0  stubs.o ABSOLUTE
    _printf_g                                0x00000000   Number         0  stubs.o ABSOLUTE
    _printf_i                                0x00000000   Number         0  stubs.o ABSOLUTE
    _printf_int_dec                          0x00000000   Number         0  stubs.o ABSOLUTE
    _printf_l                                0x00000000   Number         0  stubs.o ABSOLUTE
    _printf_lc                               0x00000000   Number         0  stubs.o ABSOLUTE
    _printf_ll                               0x00000000   Number         0  stubs.o ABSOLUTE
    _printf_lld                              0x00000000   Number         0  stubs.o ABSOLUTE
    _printf_lli                              0x00000000   Number         0  stubs.o ABSOLUTE
    _printf_llo                              0x00000000   Number         0  stubs.o ABSOLUTE
    _printf_llu                              0x00000000   Number         0  stubs.o ABSOLUTE
    _printf_llx                              0x00000000   Number         0  stubs.o ABSOLUTE
    _printf_longlong_dec                     0x00000000   Number         0  stubs.o ABSOLUTE
    _printf_longlong_hex                     0x00000000   Number         0  stubs.o ABSOLUTE
    _printf_longlong_oct                     0x00000000   Number         0  stubs.o ABSOLUTE
    _printf_ls                               0x00000000   Number         0  stubs.o ABSOLUTE
    _printf_mbtowc                           0x00000000   Number         0  stubs.o ABSOLUTE
    _printf_n                                0x00000000   Number         0  stubs.o ABSOLUTE
    _printf_o                                0x00000000   Number         0  stubs.o ABSOLUTE
    _printf_p                                0x00000000   Number         0  stubs.o ABSOLUTE
    _printf_percent                          0x00000000   Number         0  stubs.o ABSOLUTE
    _printf_pre_padding                      0x00000000   Number         0  stubs.o ABSOLUTE
    _printf_return_value                     0x00000000   Number         0  stubs.o ABSOLUTE
    _printf_s                                0x00000000   Number         0  stubs.o ABSOLUTE
    _printf_sizespec                         0x00000000   Number         0  stubs.o ABSOLUTE
    _printf_str                              0x00000000   Number         0  stubs.o ABSOLUTE
    _printf_truncate_signed                  0x00000000   Number         0  stubs.o ABSOLUTE
    _printf_truncate_unsigned                0x00000000   Number         0  stubs.o ABSOLUTE
    _printf_u                                0x00000000   Number         0  stubs.o ABSOLUTE
    _printf_wc                               0x00000000   Number         0  stubs.o ABSOLUTE
    _printf_wctomb                           0x00000000   Number         0  stubs.o ABSOLUTE
    _printf_widthprec                        0x00000000   Number         0  stubs.o ABSOLUTE
    _printf_x                                0x00000000   Number         0  stubs.o ABSOLUTE
    __cpp_initialize__aeabi_                  - Undefined Weak Reference
    __cxa_finalize                            - Undefined Weak Reference
    __decompress                              - Undefined Weak Reference
    _clock_init                               - Undefined Weak Reference
    _microlib_exit                            - Undefined Weak Reference
    _scanf_longlong                           - Undefined Weak Reference
    _scanf_real                               - Undefined Weak Reference
    _scanf_string                             - Undefined Weak Reference
    __Vectors_Size                           0x000001ac   Number         0  startup_stm32l496xx.o ABSOLUTE
    __Vectors                                0x08000000   Data           4  startup_stm32l496xx.o(RESET)
    __Vectors_End                            0x080001ac   Data           0  startup_stm32l496xx.o(RESET)
    __main                                   0x080001ad   Thumb Code     0  entry.o(.ARM.Collect$$$$00000000)
    _main_stk                                0x080001ad   Thumb Code     0  entry2.o(.ARM.Collect$$$$00000001)
    _main_scatterload                        0x080001b1   Thumb Code     0  entry5.o(.ARM.Collect$$$$00000004)
    __main_after_scatterload                 0x080001b5   Thumb Code     0  entry5.o(.ARM.Collect$$$$00000004)
    _main_clock                              0x080001b5   Thumb Code     0  entry7b.o(.ARM.Collect$$$$00000008)
    _main_cpp_init                           0x080001b5   Thumb Code     0  entry8b.o(.ARM.Collect$$$$0000000A)
    _main_init                               0x080001b5   Thumb Code     0  entry9a.o(.ARM.Collect$$$$0000000B)
    __rt_final_cpp                           0x080001bd   Thumb Code     0  entry10a.o(.ARM.Collect$$$$0000000D)
    __rt_final_exit                          0x080001bd   Thumb Code     0  entry11a.o(.ARM.Collect$$$$0000000F)
    SVC_Handler                              0x080001c1   Thumb Code    28  port.o(.emb_text)
    __asm___6_port_c_39a90d8d__prvStartFirstTask 0x080001e1   Thumb Code    36  port.o(.emb_text)
    __asm___6_port_c_39a90d8d__prvEnableVFP  0x08000209   Thumb Code    16  port.o(.emb_text)
    PendSV_Handler                           0x0800021d   Thumb Code    88  port.o(.emb_text)
    vPortGetIPSR                             0x08000279   Thumb Code     6  port.o(.emb_text)
    Reset_Handler                            0x080002a1   Thumb Code     8  startup_stm32l496xx.o(.text)
    ADC1_2_IRQHandler                        0x080002bb   Thumb Code     0  startup_stm32l496xx.o(.text)
    ADC3_IRQHandler                          0x080002bb   Thumb Code     0  startup_stm32l496xx.o(.text)
    CAN1_RX0_IRQHandler                      0x080002bb   Thumb Code     0  startup_stm32l496xx.o(.text)
    CAN1_RX1_IRQHandler                      0x080002bb   Thumb Code     0  startup_stm32l496xx.o(.text)
    CAN1_SCE_IRQHandler                      0x080002bb   Thumb Code     0  startup_stm32l496xx.o(.text)
    CAN1_TX_IRQHandler                       0x080002bb   Thumb Code     0  startup_stm32l496xx.o(.text)
    CAN2_RX0_IRQHandler                      0x080002bb   Thumb Code     0  startup_stm32l496xx.o(.text)
    CAN2_RX1_IRQHandler                      0x080002bb   Thumb Code     0  startup_stm32l496xx.o(.text)
    CAN2_SCE_IRQHandler                      0x080002bb   Thumb Code     0  startup_stm32l496xx.o(.text)
    CAN2_TX_IRQHandler                       0x080002bb   Thumb Code     0  startup_stm32l496xx.o(.text)
    COMP_IRQHandler                          0x080002bb   Thumb Code     0  startup_stm32l496xx.o(.text)
    CRS_IRQHandler                           0x080002bb   Thumb Code     0  startup_stm32l496xx.o(.text)
    DCMI_IRQHandler                          0x080002bb   Thumb Code     0  startup_stm32l496xx.o(.text)
    DFSDM1_FLT0_IRQHandler                   0x080002bb   Thumb Code     0  startup_stm32l496xx.o(.text)
    DFSDM1_FLT1_IRQHandler                   0x080002bb   Thumb Code     0  startup_stm32l496xx.o(.text)
    DFSDM1_FLT2_IRQHandler                   0x080002bb   Thumb Code     0  startup_stm32l496xx.o(.text)
    DFSDM1_FLT3_IRQHandler                   0x080002bb   Thumb Code     0  startup_stm32l496xx.o(.text)
    DMA1_Channel1_IRQHandler                 0x080002bb   Thumb Code     0  startup_stm32l496xx.o(.text)
    DMA1_Channel4_IRQHandler                 0x080002bb   Thumb Code     0  startup_stm32l496xx.o(.text)
    DMA1_Channel5_IRQHandler                 0x080002bb   Thumb Code     0  startup_stm32l496xx.o(.text)
    DMA1_Channel6_IRQHandler                 0x080002bb   Thumb Code     0  startup_stm32l496xx.o(.text)
    DMA1_Channel7_IRQHandler                 0x080002bb   Thumb Code     0  startup_stm32l496xx.o(.text)
    DMA2D_IRQHandler                         0x080002bb   Thumb Code     0  startup_stm32l496xx.o(.text)
    DMA2_Channel1_IRQHandler                 0x080002bb   Thumb Code     0  startup_stm32l496xx.o(.text)
    DMA2_Channel2_IRQHandler                 0x080002bb   Thumb Code     0  startup_stm32l496xx.o(.text)
    DMA2_Channel3_IRQHandler                 0x080002bb   Thumb Code     0  startup_stm32l496xx.o(.text)
    DMA2_Channel4_IRQHandler                 0x080002bb   Thumb Code     0  startup_stm32l496xx.o(.text)
    DMA2_Channel5_IRQHandler                 0x080002bb   Thumb Code     0  startup_stm32l496xx.o(.text)
    DMA2_Channel6_IRQHandler                 0x080002bb   Thumb Code     0  startup_stm32l496xx.o(.text)
    DMA2_Channel7_IRQHandler                 0x080002bb   Thumb Code     0  startup_stm32l496xx.o(.text)
    EXTI0_IRQHandler                         0x080002bb   Thumb Code     0  startup_stm32l496xx.o(.text)
    EXTI15_10_IRQHandler                     0x080002bb   Thumb Code     0  startup_stm32l496xx.o(.text)
    EXTI1_IRQHandler                         0x080002bb   Thumb Code     0  startup_stm32l496xx.o(.text)
    EXTI2_IRQHandler                         0x080002bb   Thumb Code     0  startup_stm32l496xx.o(.text)
    EXTI3_IRQHandler                         0x080002bb   Thumb Code     0  startup_stm32l496xx.o(.text)
    EXTI4_IRQHandler                         0x080002bb   Thumb Code     0  startup_stm32l496xx.o(.text)
    EXTI9_5_IRQHandler                       0x080002bb   Thumb Code     0  startup_stm32l496xx.o(.text)
    FLASH_IRQHandler                         0x080002bb   Thumb Code     0  startup_stm32l496xx.o(.text)
    FMC_IRQHandler                           0x080002bb   Thumb Code     0  startup_stm32l496xx.o(.text)
    FPU_IRQHandler                           0x080002bb   Thumb Code     0  startup_stm32l496xx.o(.text)
    I2C1_ER_IRQHandler                       0x080002bb   Thumb Code     0  startup_stm32l496xx.o(.text)
    I2C1_EV_IRQHandler                       0x080002bb   Thumb Code     0  startup_stm32l496xx.o(.text)
    I2C2_ER_IRQHandler                       0x080002bb   Thumb Code     0  startup_stm32l496xx.o(.text)
    I2C2_EV_IRQHandler                       0x080002bb   Thumb Code     0  startup_stm32l496xx.o(.text)
    I2C3_ER_IRQHandler                       0x080002bb   Thumb Code     0  startup_stm32l496xx.o(.text)
    I2C3_EV_IRQHandler                       0x080002bb   Thumb Code     0  startup_stm32l496xx.o(.text)
    I2C4_ER_IRQHandler                       0x080002bb   Thumb Code     0  startup_stm32l496xx.o(.text)
    I2C4_EV_IRQHandler                       0x080002bb   Thumb Code     0  startup_stm32l496xx.o(.text)
    LCD_IRQHandler                           0x080002bb   Thumb Code     0  startup_stm32l496xx.o(.text)
    LPTIM1_IRQHandler                        0x080002bb   Thumb Code     0  startup_stm32l496xx.o(.text)
    LPTIM2_IRQHandler                        0x080002bb   Thumb Code     0  startup_stm32l496xx.o(.text)
    LPUART1_IRQHandler                       0x080002bb   Thumb Code     0  startup_stm32l496xx.o(.text)
    OTG_FS_IRQHandler                        0x080002bb   Thumb Code     0  startup_stm32l496xx.o(.text)
    PVD_PVM_IRQHandler                       0x080002bb   Thumb Code     0  startup_stm32l496xx.o(.text)
    QUADSPI_IRQHandler                       0x080002bb   Thumb Code     0  startup_stm32l496xx.o(.text)
    RCC_IRQHandler                           0x080002bb   Thumb Code     0  startup_stm32l496xx.o(.text)
    RNG_IRQHandler                           0x080002bb   Thumb Code     0  startup_stm32l496xx.o(.text)
    RTC_Alarm_IRQHandler                     0x080002bb   Thumb Code     0  startup_stm32l496xx.o(.text)
    RTC_WKUP_IRQHandler                      0x080002bb   Thumb Code     0  startup_stm32l496xx.o(.text)
    SAI1_IRQHandler                          0x080002bb   Thumb Code     0  startup_stm32l496xx.o(.text)
    SAI2_IRQHandler                          0x080002bb   Thumb Code     0  startup_stm32l496xx.o(.text)
    SDMMC1_IRQHandler                        0x080002bb   Thumb Code     0  startup_stm32l496xx.o(.text)
    SPI1_IRQHandler                          0x080002bb   Thumb Code     0  startup_stm32l496xx.o(.text)
    SPI2_IRQHandler                          0x080002bb   Thumb Code     0  startup_stm32l496xx.o(.text)
    SPI3_IRQHandler                          0x080002bb   Thumb Code     0  startup_stm32l496xx.o(.text)
    SWPMI1_IRQHandler                        0x080002bb   Thumb Code     0  startup_stm32l496xx.o(.text)
    TAMP_STAMP_IRQHandler                    0x080002bb   Thumb Code     0  startup_stm32l496xx.o(.text)
    TIM1_BRK_TIM15_IRQHandler                0x080002bb   Thumb Code     0  startup_stm32l496xx.o(.text)
    TIM1_CC_IRQHandler                       0x080002bb   Thumb Code     0  startup_stm32l496xx.o(.text)
    TIM1_TRG_COM_TIM17_IRQHandler            0x080002bb   Thumb Code     0  startup_stm32l496xx.o(.text)
    TIM1_UP_TIM16_IRQHandler                 0x080002bb   Thumb Code     0  startup_stm32l496xx.o(.text)
    TIM2_IRQHandler                          0x080002bb   Thumb Code     0  startup_stm32l496xx.o(.text)
    TIM3_IRQHandler                          0x080002bb   Thumb Code     0  startup_stm32l496xx.o(.text)
    TIM4_IRQHandler                          0x080002bb   Thumb Code     0  startup_stm32l496xx.o(.text)
    TIM5_IRQHandler                          0x080002bb   Thumb Code     0  startup_stm32l496xx.o(.text)
    TIM6_DAC_IRQHandler                      0x080002bb   Thumb Code     0  startup_stm32l496xx.o(.text)
    TIM7_IRQHandler                          0x080002bb   Thumb Code     0  startup_stm32l496xx.o(.text)
    TIM8_BRK_IRQHandler                      0x080002bb   Thumb Code     0  startup_stm32l496xx.o(.text)
    TIM8_CC_IRQHandler                       0x080002bb   Thumb Code     0  startup_stm32l496xx.o(.text)
    TIM8_TRG_COM_IRQHandler                  0x080002bb   Thumb Code     0  startup_stm32l496xx.o(.text)
    TIM8_UP_IRQHandler                       0x080002bb   Thumb Code     0  startup_stm32l496xx.o(.text)
    TSC_IRQHandler                           0x080002bb   Thumb Code     0  startup_stm32l496xx.o(.text)
    UART4_IRQHandler                         0x080002bb   Thumb Code     0  startup_stm32l496xx.o(.text)
    UART5_IRQHandler                         0x080002bb   Thumb Code     0  startup_stm32l496xx.o(.text)
    USART1_IRQHandler                        0x080002bb   Thumb Code     0  startup_stm32l496xx.o(.text)
    USART2_IRQHandler                        0x080002bb   Thumb Code     0  startup_stm32l496xx.o(.text)
    USART3_IRQHandler                        0x080002bb   Thumb Code     0  startup_stm32l496xx.o(.text)
    WWDG_IRQHandler                          0x080002bb   Thumb Code     0  startup_stm32l496xx.o(.text)
    __aeabi_uldivmod                         0x080002c5   Thumb Code    98  uldiv.o(.text)
    __aeabi_memcpy                           0x0800032d   Thumb Code    36  memcpya.o(.text)
    __aeabi_memcpy4                          0x0800032d   Thumb Code     0  memcpya.o(.text)
    __aeabi_memcpy8                          0x0800032d   Thumb Code     0  memcpya.o(.text)
    __aeabi_memset                           0x08000351   Thumb Code    14  memseta.o(.text)
    __aeabi_memset4                          0x08000351   Thumb Code     0  memseta.o(.text)
    __aeabi_memset8                          0x08000351   Thumb Code     0  memseta.o(.text)
    __aeabi_memclr                           0x0800035f   Thumb Code     4  memseta.o(.text)
    __aeabi_memclr4                          0x0800035f   Thumb Code     0  memseta.o(.text)
    __aeabi_memclr8                          0x0800035f   Thumb Code     0  memseta.o(.text)
    memset                                   0x08000363   Thumb Code    18  memseta.o(.text)
    strstr                                   0x08000375   Thumb Code    36  strstr.o(.text)
    strlen                                   0x08000399   Thumb Code    14  strlen.o(.text)
    memcmp                                   0x080003a7   Thumb Code    26  memcmp.o(.text)
    strcpy                                   0x080003c1   Thumb Code    18  strcpy.o(.text)
    __0sscanf                                0x080003d5   Thumb Code    48  __0sscanf.o(.text)
    _scanf_int                               0x0800040d   Thumb Code   332  _scanf_int.o(.text)
    __aeabi_uidiv                            0x0800055f   Thumb Code     0  uidiv.o(.text)
    __aeabi_uidivmod                         0x0800055f   Thumb Code    44  uidiv.o(.text)
    __aeabi_llsl                             0x0800058b   Thumb Code    30  llshl.o(.text)
    _ll_shift_l                              0x0800058b   Thumb Code     0  llshl.o(.text)
    __aeabi_llsr                             0x080005a9   Thumb Code    32  llushr.o(.text)
    _ll_ushift_r                             0x080005a9   Thumb Code     0  llushr.o(.text)
    _chval                                   0x080005c9   Thumb Code    28  _chval.o(.text)
    __vfscanf_char                           0x080005f1   Thumb Code    20  scanf_char.o(.text)
    _sgetc                                   0x0800060d   Thumb Code    30  _sgetc.o(.text)
    _sbackspace                              0x0800062b   Thumb Code    34  _sgetc.o(.text)
    __scatterload                            0x0800064d   Thumb Code    28  init.o(.text)
    __scatterload_rt2                        0x0800064d   Thumb Code     0  init.o(.text)
    isspace                                  0x08000671   Thumb Code    10  isspace_c.o(.text)
    __vfscanf                                0x0800067d   Thumb Code   808  _scanf.o(.text)
    __ctype_lookup                           0x080009b1   Thumb Code    34  ctype_c.o(.text)
    BusFault_Handler                         0x080009d9   Thumb Code     4  stm32l4xx_it.o(i.BusFault_Handler)
    DMA1_Channel2_IRQHandler                 0x080009dd   Thumb Code    10  stm32l4xx_it.o(i.DMA1_Channel2_IRQHandler)
    DMA1_Channel3_IRQHandler                 0x080009ed   Thumb Code    10  stm32l4xx_it.o(i.DMA1_Channel3_IRQHandler)
    DebugMon_Handler                         0x08000a2d   Thumb Code     2  stm32l4xx_it.o(i.DebugMon_Handler)
    Error_Handler                            0x08000a2f   Thumb Code     2  main.o(i.Error_Handler)
    HAL_DMA_Abort                            0x08000a51   Thumb Code    90  stm32l4xx_hal_dma.o(i.HAL_DMA_Abort)
    HAL_DMA_GetError                         0x08000aab   Thumb Code     6  stm32l4xx_hal_dma.o(i.HAL_DMA_GetError)
    HAL_DMA_IRQHandler                       0x08000ab1   Thumb Code   254  stm32l4xx_hal_dma.o(i.HAL_DMA_IRQHandler)
    HAL_DMA_Init                             0x08000bb1   Thumb Code   258  stm32l4xx_hal_dma.o(i.HAL_DMA_Init)
    HAL_DMA_Start_IT                         0x08000cbd   Thumb Code   156  stm32l4xx_hal_dma.o(i.HAL_DMA_Start_IT)
    HAL_Delay                                0x08000d59   Thumb Code    36  stm32l4xx_hal.o(i.HAL_Delay)
    HAL_GPIO_Init                            0x08000d81   Thumb Code   458  stm32l4xx_hal_gpio.o(i.HAL_GPIO_Init)
    HAL_GPIO_ReadPin                         0x08000f75   Thumb Code    16  stm32l4xx_hal_gpio.o(i.HAL_GPIO_ReadPin)
    HAL_GPIO_TogglePin                       0x08000f85   Thumb Code    20  stm32l4xx_hal_gpio.o(i.HAL_GPIO_TogglePin)
    HAL_GPIO_WritePin                        0x08000f99   Thumb Code    10  stm32l4xx_hal_gpio.o(i.HAL_GPIO_WritePin)
    HAL_GetTick                              0x08000fa5   Thumb Code     6  stm32l4xx_hal.o(i.HAL_GetTick)
    HAL_IncTick                              0x08000fb1   Thumb Code    16  stm32l4xx_hal.o(i.HAL_IncTick)
    HAL_Init                                 0x08000fc9   Thumb Code    30  stm32l4xx_hal.o(i.HAL_Init)
    HAL_InitTick                             0x08000fe9   Thumb Code    74  stm32l4xx_hal.o(i.HAL_InitTick)
    HAL_MspInit                              0x08001041   Thumb Code    58  stm32l4xx_hal_msp.o(i.HAL_MspInit)
    HAL_NVIC_EnableIRQ                       0x08001081   Thumb Code    40  stm32l4xx_hal_cortex.o(i.HAL_NVIC_EnableIRQ)
    HAL_NVIC_SetPriority                     0x080010a9   Thumb Code   124  stm32l4xx_hal_cortex.o(i.HAL_NVIC_SetPriority)
    HAL_NVIC_SetPriorityGrouping             0x0800112d   Thumb Code    32  stm32l4xx_hal_cortex.o(i.HAL_NVIC_SetPriorityGrouping)
    HAL_PCDEx_ActivateLPM                    0x08001155   Thumb Code    36  stm32l4xx_hal_pcd_ex.o(i.HAL_PCDEx_ActivateLPM)
    HAL_PCD_Init                             0x0800117d   Thumb Code   370  stm32l4xx_hal_pcd.o(i.HAL_PCD_Init)
    HAL_PCD_MspInit                          0x080012f1   Thumb Code   194  stm32l4xx_hal_msp.o(i.HAL_PCD_MspInit)
    HAL_PWREx_ControlVoltageScaling          0x080013b9   Thumb Code   128  stm32l4xx_hal_pwr_ex.o(i.HAL_PWREx_ControlVoltageScaling)
    HAL_PWREx_EnableVddIO2                   0x08001445   Thumb Code    14  stm32l4xx_hal_pwr_ex.o(i.HAL_PWREx_EnableVddIO2)
    HAL_PWREx_EnableVddUSB                   0x08001459   Thumb Code    14  stm32l4xx_hal_pwr_ex.o(i.HAL_PWREx_EnableVddUSB)
    HAL_PWREx_GetVoltageRange                0x0800146d   Thumb Code    10  stm32l4xx_hal_pwr_ex.o(i.HAL_PWREx_GetVoltageRange)
    HAL_PWR_EnableBkUpAccess                 0x0800147d   Thumb Code    14  stm32l4xx_hal_pwr.o(i.HAL_PWR_EnableBkUpAccess)
    HAL_RCCEx_EnableMSIPLLMode               0x08001491   Thumb Code    14  stm32l4xx_hal_rcc_ex.o(i.HAL_RCCEx_EnableMSIPLLMode)
    HAL_RCCEx_PeriphCLKConfig                0x080014a5   Thumb Code  1268  stm32l4xx_hal_rcc_ex.o(i.HAL_RCCEx_PeriphCLKConfig)
    HAL_RCC_ClockConfig                      0x0800199d   Thumb Code   360  stm32l4xx_hal_rcc.o(i.HAL_RCC_ClockConfig)
    HAL_RCC_GetHCLKFreq                      0x08001b19   Thumb Code     6  stm32l4xx_hal_rcc.o(i.HAL_RCC_GetHCLKFreq)
    HAL_RCC_GetPCLK1Freq                     0x08001b25   Thumb Code    26  stm32l4xx_hal_rcc.o(i.HAL_RCC_GetPCLK1Freq)
    HAL_RCC_GetPCLK2Freq                     0x08001b49   Thumb Code    26  stm32l4xx_hal_rcc.o(i.HAL_RCC_GetPCLK2Freq)
    HAL_RCC_GetSysClockFreq                  0x08001b6d   Thumb Code   220  stm32l4xx_hal_rcc.o(i.HAL_RCC_GetSysClockFreq)
    HAL_RCC_OscConfig                        0x08001c59   Thumb Code  1890  stm32l4xx_hal_rcc.o(i.HAL_RCC_OscConfig)
    HAL_SYSTICK_Config                       0x080023cd   Thumb Code    52  stm32l4xx_hal_cortex.o(i.HAL_SYSTICK_Config)
    HAL_UART_Abort                           0x08002401   Thumb Code   190  stm32l4xx_hal_uart.o(i.HAL_UART_Abort)
    HAL_UART_ErrorCallback                   0x080024bf   Thumb Code     2  stm32l4xx_hal_uart.o(i.HAL_UART_ErrorCallback)
    HAL_UART_Init                            0x080024c1   Thumb Code   116  stm32l4xx_hal_uart.o(i.HAL_UART_Init)
    HAL_UART_MspInit                         0x08002535   Thumb Code   316  stm32l4xx_hal_msp.o(i.HAL_UART_MspInit)
    HAL_UART_Receive_DMA                     0x08002691   Thumb Code   180  stm32l4xx_hal_uart.o(i.HAL_UART_Receive_DMA)
    HAL_UART_RxCpltCallback                  0x08002751   Thumb Code     2  stm32l4xx_hal_uart.o(i.HAL_UART_RxCpltCallback)
    HAL_UART_RxHalfCpltCallback              0x08002753   Thumb Code     2  stm32l4xx_hal_uart.o(i.HAL_UART_RxHalfCpltCallback)
    HAL_UART_Transmit_DMA                    0x08002755   Thumb Code   166  stm32l4xx_hal_uart.o(i.HAL_UART_Transmit_DMA)
    HAL_UART_TxCpltCallback                  0x08002809   Thumb Code     2  stm32l4xx_hal_uart.o(i.HAL_UART_TxCpltCallback)
    HAL_UART_TxHalfCpltCallback              0x0800280b   Thumb Code     2  stm32l4xx_hal_uart.o(i.HAL_UART_TxHalfCpltCallback)
    HardFault_Handler                        0x0800280d   Thumb Code     4  stm32l4xx_it.o(i.HardFault_Handler)
    ITM_SendChar                             0x08002811   Thumb Code    42  retarget_io.o(i.ITM_SendChar)
    MX_DMA_Init                              0x08002841   Thumb Code    64  dma.o(i.MX_DMA_Init)
    MX_USART3_UART_Init                      0x08002a71   Thumb Code    56  usart.o(i.MX_USART3_UART_Init)
    MemManage_Handler                        0x08002aed   Thumb Code     4  stm32l4xx_it.o(i.MemManage_Handler)
    NMI_Handler                              0x08002af1   Thumb Code     2  stm32l4xx_it.o(i.NMI_Handler)
    StartDefaultTask                         0x08002e79   Thumb Code   244  main.o(i.StartDefaultTask)
    StartGsmTask                             0x08002fb5   Thumb Code  4716  gsm.o(i.StartGsmTask)
    SysTick_Handler                          0x080042b1   Thumb Code    30  stm32l4xx_it.o(i.SysTick_Handler)
    SystemClock_Config                       0x080042d5   Thumb Code   212  main.o(i.SystemClock_Config)
    SystemInit                               0x080043ad   Thumb Code    68  system_stm32l4xx.o(i.SystemInit)
    UART_AdvFeatureConfig                    0x080043fd   Thumb Code   248  stm32l4xx_hal_uart.o(i.UART_AdvFeatureConfig)
    UART_CheckIdleState                      0x080044f5   Thumb Code   110  stm32l4xx_hal_uart.o(i.UART_CheckIdleState)
    UART_SetConfig                           0x08004689   Thumb Code   852  stm32l4xx_hal_uart.o(i.UART_SetConfig)
    UART_WaitOnFlagUntilTimeout              0x08004a07   Thumb Code   180  stm32l4xx_hal_uart.o(i.UART_WaitOnFlagUntilTimeout)
    USB_CoreInit                             0x08004abd   Thumb Code   106  stm32l4xx_ll_usb.o(i.USB_CoreInit)
    USB_DevDisconnect                        0x08004b79   Thumb Code    36  stm32l4xx_ll_usb.o(i.USB_DevDisconnect)
    USB_DevInit                              0x08004b9d   Thumb Code   430  stm32l4xx_ll_usb.o(i.USB_DevInit)
    USB_DisableGlobalInt                     0x08004d55   Thumb Code    14  stm32l4xx_ll_usb.o(i.USB_DisableGlobalInt)
    USB_FlushRxFifo                          0x08004d65   Thumb Code    38  stm32l4xx_ll_usb.o(i.USB_FlushRxFifo)
    USB_FlushTxFifo                          0x08004d91   Thumb Code    44  stm32l4xx_ll_usb.o(i.USB_FlushTxFifo)
    USB_SetCurrentMode                       0x08004dc1   Thumb Code    54  stm32l4xx_ll_usb.o(i.USB_SetCurrentMode)
    USB_SetDevSpeed                          0x08004df7   Thumb Code    18  stm32l4xx_ll_usb.o(i.USB_SetDevSpeed)
    UsageFault_Handler                       0x08004e09   Thumb Code     4  stm32l4xx_it.o(i.UsageFault_Handler)
    __0printf$6                              0x08004e0d   Thumb Code    22  printf6.o(i.__0printf$6)
    __1printf$6                              0x08004e0d   Thumb Code     0  printf6.o(i.__0printf$6)
    __2printf                                0x08004e0d   Thumb Code     0  printf6.o(i.__0printf$6)
    __0sprintf$6                             0x08004e2d   Thumb Code    34  printf6.o(i.__0sprintf$6)
    __1sprintf$6                             0x08004e2d   Thumb Code     0  printf6.o(i.__0sprintf$6)
    __2sprintf                               0x08004e2d   Thumb Code     0  printf6.o(i.__0sprintf$6)
    __scatterload_copy                       0x08004e9f   Thumb Code    14  handlers.o(i.__scatterload_copy)
    __scatterload_null                       0x08004ead   Thumb Code     2  handlers.o(i.__scatterload_null)
    __scatterload_zeroinit                   0x08004eaf   Thumb Code    14  handlers.o(i.__scatterload_zeroinit)
    fputc                                    0x08005211   Thumb Code    26  retarget_io.o(i.fputc)
    main                                     0x0800525d   Thumb Code    70  main.o(i.main)
    osDelay                                  0x080052c5   Thumb Code    50  cmsis_os2.o(i.osDelay)
    osKernelInitialize                       0x080052fd   Thumb Code    58  cmsis_os2.o(i.osKernelInitialize)
    osKernelStart                            0x0800533d   Thumb Code    68  cmsis_os2.o(i.osKernelStart)
    osMessageQueueGet                        0x08005385   Thumb Code   144  cmsis_os2.o(i.osMessageQueueGet)
    osMessageQueueNew                        0x0800541d   Thumb Code   176  cmsis_os2.o(i.osMessageQueueNew)
    osMessageQueuePut                        0x080054d1   Thumb Code   148  cmsis_os2.o(i.osMessageQueuePut)
    osMutexAcquire                           0x0800556d   Thumb Code   120  cmsis_os2.o(i.osMutexAcquire)
    osMutexNew                               0x080055e9   Thumb Code   198  cmsis_os2.o(i.osMutexNew)
    osMutexRelease                           0x080056b5   Thumb Code   100  cmsis_os2.o(i.osMutexRelease)
    osThreadNew                              0x0800571d   Thumb Code   208  cmsis_os2.o(i.osThreadNew)
    pvPortMalloc                             0x0800624d   Thumb Code   296  heap_4.o(i.pvPortMalloc)
    pvTaskIncrementMutexHeldCount            0x08006389   Thumb Code    26  tasks.o(i.pvTaskIncrementMutexHeldCount)
    pxPortInitialiseStack                    0x080063a9   Thumb Code    38  port.o(i.pxPortInitialiseStack)
    socket_close                             0x080063d5   Thumb Code    82  gsm.o(i.socket_close)
    socket_init                              0x0800642d   Thumb Code    72  gsm.o(i.socket_init)
    socket_open                              0x08006479   Thumb Code   120  gsm.o(i.socket_open)
    socket_recv                              0x080064f9   Thumb Code    60  gsm.o(i.socket_recv)
    socket_send                              0x08006539   Thumb Code    66  gsm.o(i.socket_send)
    uxListRemove                             0x0800658d   Thumb Code    40  list.o(i.uxListRemove)
    vApplicationGetIdleTaskMemory            0x080065b5   Thumb Code    14  cmsis_os2.o(i.vApplicationGetIdleTaskMemory)
    vApplicationGetTimerTaskMemory           0x080065cd   Thumb Code    16  cmsis_os2.o(i.vApplicationGetTimerTaskMemory)
    vListInitialise                          0x080065e5   Thumb Code    26  list.o(i.vListInitialise)
    vListInitialiseItem                      0x080065ff   Thumb Code     6  list.o(i.vListInitialiseItem)
    vListInsert                              0x08006605   Thumb Code    52  list.o(i.vListInsert)
    vListInsertEnd                           0x08006639   Thumb Code    24  list.o(i.vListInsertEnd)
    vPortEnterCritical                       0x08006651   Thumb Code    76  port.o(i.vPortEnterCritical)
    vPortExitCritical                        0x080066a5   Thumb Code    56  port.o(i.vPortExitCritical)
    vPortFree                                0x080066e1   Thumb Code   140  heap_4.o(i.vPortFree)
    vPortSetupTimerInterrupt                 0x08006775   Thumb Code    36  port.o(i.vPortSetupTimerInterrupt)
    vPortValidateInterruptPriority           0x0800679d   Thumb Code   106  port.o(i.vPortValidateInterruptPriority)
    vQueueAddToRegistry                      0x08006815   Thumb Code    38  queue.o(i.vQueueAddToRegistry)
    vQueueWaitForMessageRestricted           0x08006841   Thumb Code    74  queue.o(i.vQueueWaitForMessageRestricted)
    vTaskDelay                               0x0800688d   Thumb Code    82  tasks.o(i.vTaskDelay)
    vTaskInternalSetTimeOutState             0x080068e9   Thumb Code    14  tasks.o(i.vTaskInternalSetTimeOutState)
    vTaskMissedYield                         0x08006901   Thumb Code     8  tasks.o(i.vTaskMissedYield)
    vTaskPlaceOnEventList                    0x0800690d   Thumb Code    52  tasks.o(i.vTaskPlaceOnEventList)
    vTaskPlaceOnEventListRestricted          0x08006945   Thumb Code    60  tasks.o(i.vTaskPlaceOnEventListRestricted)
    vTaskPriorityDisinheritAfterTimeout      0x08006985   Thumb Code   194  tasks.o(i.vTaskPriorityDisinheritAfterTimeout)
    vTaskStartScheduler                      0x08006a55   Thumb Code   156  tasks.o(i.vTaskStartScheduler)
    vTaskSuspendAll                          0x08006b0d   Thumb Code    12  tasks.o(i.vTaskSuspendAll)
    vTaskSwitchContext                       0x08006b1d   Thumb Code   122  tasks.o(i.vTaskSwitchContext)
    xPortStartScheduler                      0x08006bad   Thumb Code   330  port.o(i.xPortStartScheduler)
    xPortSysTickHandler                      0x08006d15   Thumb Code    46  port.o(i.xPortSysTickHandler)
    xQueueCreateMutex                        0x08006d49   Thumb Code    34  queue.o(i.xQueueCreateMutex)
    xQueueCreateMutexStatic                  0x08006d6b   Thumb Code    42  queue.o(i.xQueueCreateMutexStatic)
    xQueueGenericCreate                      0x08006d95   Thumb Code    96  queue.o(i.xQueueGenericCreate)
    xQueueGenericCreateStatic                0x08006df5   Thumb Code   224  queue.o(i.xQueueGenericCreateStatic)
    xQueueGenericReset                       0x08006ed5   Thumb Code   146  queue.o(i.xQueueGenericReset)
    xQueueGenericSend                        0x08006f6d   Thumb Code   420  queue.o(i.xQueueGenericSend)
    xQueueGenericSendFromISR                 0x08007115   Thumb Code   248  queue.o(i.xQueueGenericSendFromISR)
    xQueueGiveMutexRecursive                 0x08007213   Thumb Code    72  queue.o(i.xQueueGiveMutexRecursive)
    xQueueReceive                            0x0800725d   Thumb Code   356  queue.o(i.xQueueReceive)
    xQueueReceiveFromISR                     0x080073c5   Thumb Code   202  queue.o(i.xQueueReceiveFromISR)
    xQueueSemaphoreTake                      0x08007495   Thumb Code   434  queue.o(i.xQueueSemaphoreTake)
    xQueueTakeMutexRecursive                 0x0800764d   Thumb Code    78  queue.o(i.xQueueTakeMutexRecursive)
    xTaskCheckForTimeOut                     0x0800769d   Thumb Code   132  tasks.o(i.xTaskCheckForTimeOut)
    xTaskCreate                              0x08007729   Thumb Code   100  tasks.o(i.xTaskCreate)
    xTaskCreateStatic                        0x08007793   Thumb Code   186  tasks.o(i.xTaskCreateStatic)
    xTaskGetCurrentTaskHandle                0x08007855   Thumb Code     6  tasks.o(i.xTaskGetCurrentTaskHandle)
    xTaskGetSchedulerState                   0x08007861   Thumb Code    24  tasks.o(i.xTaskGetSchedulerState)
    xTaskGetTickCount                        0x08007881   Thumb Code     6  tasks.o(i.xTaskGetTickCount)
    xTaskIncrementTick                       0x0800788d   Thumb Code   280  tasks.o(i.xTaskIncrementTick)
    xTaskPriorityDisinherit                  0x080079d1   Thumb Code   152  tasks.o(i.xTaskPriorityDisinherit)
    xTaskPriorityInherit                     0x08007a75   Thumb Code   150  tasks.o(i.xTaskPriorityInherit)
    xTaskRemoveFromEventList                 0x08007b19   Thumb Code   126  tasks.o(i.xTaskRemoveFromEventList)
    xTaskResumeAll                           0x08007bb1   Thumb Code   222  tasks.o(i.xTaskResumeAll)
    xTimerCreateTimerTask                    0x08007cb5   Thumb Code   100  timers.o(i.xTimerCreateTimerTask)
    xTimerGenericCommand                     0x08007d2d   Thumb Code   128  timers.o(i.xTimerGenericCommand)
    defaultTask_attributes                   0x08007db0   Data          36  main.o(.constdata)
    os_mutex_def_printMutex                  0x08007dd4   Data          16  main.o(.constdata)
    gsmTask_attributes                       0x08007e24   Data          36  gsm.o(.constdata)
    sGsmATStart                              0x08007e48   Data        4200  gsm.o(.constdata)
    sGsmATStop                               0x08008eb0   Data         600  gsm.o(.constdata)
    AHBPrescTable                            0x08009108   Data          16  system_stm32l4xx.o(.constdata)
    APBPrescTable                            0x08009118   Data           8  system_stm32l4xx.o(.constdata)
    MSIRangeTable                            0x08009120   Data          48  system_stm32l4xx.o(.constdata)
    __ctype_categories                       0x08009150   Data          64  ctype_c.o(.constdata)
    Region$$Table$$Base                      0x080091a4   Number         0  anon$$obj.o(Region$$Table)
    Region$$Table$$Limit                     0x080091c4   Number         0  anon$$obj.o(Region$$Table)
    defaultTaskHandle                        0x20000000   Data           4  main.o(.data)
    printMutex                               0x20000004   Data           4  main.o(.data)
    MsgTcpRx                                 0x20000008   Data           4  gsm.o(.data)
    MsgTcpTx                                 0x2000000c   Data           4  gsm.o(.data)
    gsmTaskHandle                            0x20000010   Data           4  gsm.o(.data)
    SystemCoreClock                          0x20000014   Data           4  system_stm32l4xx.o(.data)
    uwTick                                   0x20000018   Data           4  stm32l4xx_hal.o(.data)
    uwTickPrio                               0x2000001c   Data           4  stm32l4xx_hal.o(.data)
    uwTickFreq                               0x20000020   Data           1  stm32l4xx_hal.o(.data)
    pxCurrentTCB                             0x20000024   Data           4  tasks.o(.data)
    __stdout                                 0x2000009c   Data           4  stdout.o(.data)
    hlpuart1                                 0x200000a0   Data         128  main.o(.bss)
    hpcd_USB_OTG_FS                          0x20000120   Data        1032  main.o(.bss)
    huart3                                   0x20000630   Data         128  usart.o(.bss)
    hdma_usart3_rx                           0x200006b0   Data          72  usart.o(.bss)
    hdma_usart3_tx                           0x200006f8   Data          72  usart.o(.bss)
    xQueueRegistry                           0x20000740   Data          64  queue.o(.bss)
    __initial_sp                             0x200023d0   Data           0  startup_stm32l496xx.o(STACK)



==============================================================================

Memory Map of the image

  Image Entry point : 0x080001ad

  Load Region LR_IROM1 (Base: 0x08000000, Size: 0x00009264, Max: 0x00100000, ABSOLUTE)

    Execution Region ER_IROM1 (Exec base: 0x08000000, Load base: 0x08000000, Size: 0x000091c4, Max: 0x00100000, ABSOLUTE)

    Exec Addr    Load Addr    Size         Type   Attr      Idx    E Section Name        Object

    0x08000000   0x08000000   0x000001ac   Data   RO            3    RESET               startup_stm32l496xx.o
    0x080001ac   0x080001ac   0x00000000   Code   RO         4810  * .ARM.Collect$$$$00000000  mc_w.l(entry.o)
    0x080001ac   0x080001ac   0x00000004   Code   RO         5102    .ARM.Collect$$$$00000001  mc_w.l(entry2.o)
    0x080001b0   0x080001b0   0x00000004   Code   RO         5105    .ARM.Collect$$$$00000004  mc_w.l(entry5.o)
    0x080001b4   0x080001b4   0x00000000   Code   RO         5107    .ARM.Collect$$$$00000008  mc_w.l(entry7b.o)
    0x080001b4   0x080001b4   0x00000000   Code   RO         5109    .ARM.Collect$$$$0000000A  mc_w.l(entry8b.o)
    0x080001b4   0x080001b4   0x00000008   Code   RO         5110    .ARM.Collect$$$$0000000B  mc_w.l(entry9a.o)
    0x080001bc   0x080001bc   0x00000000   Code   RO         5112    .ARM.Collect$$$$0000000D  mc_w.l(entry10a.o)
    0x080001bc   0x080001bc   0x00000000   Code   RO         5114    .ARM.Collect$$$$0000000F  mc_w.l(entry11a.o)
    0x080001bc   0x080001bc   0x00000004   Code   RO         5103    .ARM.Collect$$$$00002712  mc_w.l(entry2.o)
    0x080001c0   0x080001c0   0x000000de   Code   RO         4664    .emb_text           port.o
    0x0800029e   0x0800029e   0x00000002   PAD
    0x080002a0   0x080002a0   0x00000024   Code   RO            4    .text               startup_stm32l496xx.o
    0x080002c4   0x080002c4   0x00000068   Code   RO         4819    .text               mc_w.l(uldiv.o)
    0x0800032c   0x0800032c   0x00000024   Code   RO         4821    .text               mc_w.l(memcpya.o)
    0x08000350   0x08000350   0x00000024   Code   RO         4825    .text               mc_w.l(memseta.o)
    0x08000374   0x08000374   0x00000024   Code   RO         4827    .text               mc_w.l(strstr.o)
    0x08000398   0x08000398   0x0000000e   Code   RO         4829    .text               mc_w.l(strlen.o)
    0x080003a6   0x080003a6   0x0000001a   Code   RO         4831    .text               mc_w.l(memcmp.o)
    0x080003c0   0x080003c0   0x00000012   Code   RO         4833    .text               mc_w.l(strcpy.o)
    0x080003d2   0x080003d2   0x00000002   PAD
    0x080003d4   0x080003d4   0x00000038   Code   RO         5098    .text               mc_w.l(__0sscanf.o)
    0x0800040c   0x0800040c   0x00000152   Code   RO         5100    .text               mc_w.l(_scanf_int.o)
    0x0800055e   0x0800055e   0x0000002c   Code   RO         5116    .text               mc_w.l(uidiv.o)
    0x0800058a   0x0800058a   0x0000001e   Code   RO         5118    .text               mc_w.l(llshl.o)
    0x080005a8   0x080005a8   0x00000020   Code   RO         5120    .text               mc_w.l(llushr.o)
    0x080005c8   0x080005c8   0x0000001c   Code   RO         5122    .text               mc_w.l(_chval.o)
    0x080005e4   0x080005e4   0x00000028   Code   RO         5124    .text               mc_w.l(scanf_char.o)
    0x0800060c   0x0800060c   0x00000040   Code   RO         5126    .text               mc_w.l(_sgetc.o)
    0x0800064c   0x0800064c   0x00000024   Code   RO         5139    .text               mc_w.l(init.o)
    0x08000670   0x08000670   0x0000000a   Code   RO         5143    .text               mc_w.l(isspace_c.o)
    0x0800067a   0x0800067a   0x00000002   PAD
    0x0800067c   0x0800067c   0x00000332   Code   RO         5145    .text               mc_w.l(_scanf.o)
    0x080009ae   0x080009ae   0x00000002   PAD
    0x080009b0   0x080009b0   0x00000028   Code   RO         5149    .text               mc_w.l(ctype_c.o)
    0x080009d8   0x080009d8   0x00000004   Code   RO          381    i.BusFault_Handler  stm32l4xx_it.o
    0x080009dc   0x080009dc   0x00000010   Code   RO          382    i.DMA1_Channel2_IRQHandler  stm32l4xx_it.o
    0x080009ec   0x080009ec   0x00000010   Code   RO          383    i.DMA1_Channel3_IRQHandler  stm32l4xx_it.o
    0x080009fc   0x080009fc   0x00000030   Code   RO          929    i.DMA_SetConfig     stm32l4xx_hal_dma.o
    0x08000a2c   0x08000a2c   0x00000002   Code   RO          384    i.DebugMon_Handler  stm32l4xx_it.o
    0x08000a2e   0x08000a2e   0x00000002   Code   RO           13    i.Error_Handler     main.o
    0x08000a30   0x08000a30   0x00000020   Code   RO          228    i.GSM_Init          gsm.o
    0x08000a50   0x08000a50   0x0000005a   Code   RO          930    i.HAL_DMA_Abort     stm32l4xx_hal_dma.o
    0x08000aaa   0x08000aaa   0x00000006   Code   RO          933    i.HAL_DMA_GetError  stm32l4xx_hal_dma.o
    0x08000ab0   0x08000ab0   0x000000fe   Code   RO          935    i.HAL_DMA_IRQHandler  stm32l4xx_hal_dma.o
    0x08000bae   0x08000bae   0x00000002   PAD
    0x08000bb0   0x08000bb0   0x0000010c   Code   RO          936    i.HAL_DMA_Init      stm32l4xx_hal_dma.o
    0x08000cbc   0x08000cbc   0x0000009c   Code   RO          940    i.HAL_DMA_Start_IT  stm32l4xx_hal_dma.o
    0x08000d58   0x08000d58   0x00000028   Code   RO          558    i.HAL_Delay         stm32l4xx_hal.o
    0x08000d80   0x08000d80   0x000001f4   Code   RO         1283    i.HAL_GPIO_Init     stm32l4xx_hal_gpio.o
    0x08000f74   0x08000f74   0x00000010   Code   RO         1285    i.HAL_GPIO_ReadPin  stm32l4xx_hal_gpio.o
    0x08000f84   0x08000f84   0x00000014   Code   RO         1286    i.HAL_GPIO_TogglePin  stm32l4xx_hal_gpio.o
    0x08000f98   0x08000f98   0x0000000a   Code   RO         1287    i.HAL_GPIO_WritePin  stm32l4xx_hal_gpio.o
    0x08000fa2   0x08000fa2   0x00000002   PAD
    0x08000fa4   0x08000fa4   0x0000000c   Code   RO          562    i.HAL_GetTick       stm32l4xx_hal.o
    0x08000fb0   0x08000fb0   0x00000018   Code   RO          568    i.HAL_IncTick       stm32l4xx_hal.o
    0x08000fc8   0x08000fc8   0x0000001e   Code   RO          569    i.HAL_Init          stm32l4xx_hal.o
    0x08000fe6   0x08000fe6   0x00000002   PAD
    0x08000fe8   0x08000fe8   0x00000058   Code   RO          570    i.HAL_InitTick      stm32l4xx_hal.o
    0x08001040   0x08001040   0x00000040   Code   RO          332    i.HAL_MspInit       stm32l4xx_hal_msp.o
    0x08001080   0x08001080   0x00000028   Code   RO          794    i.HAL_NVIC_EnableIRQ  stm32l4xx_hal_cortex.o
    0x080010a8   0x080010a8   0x00000082   Code   RO          800    i.HAL_NVIC_SetPriority  stm32l4xx_hal_cortex.o
    0x0800112a   0x0800112a   0x00000002   PAD
    0x0800112c   0x0800112c   0x00000028   Code   RO          801    i.HAL_NVIC_SetPriorityGrouping  stm32l4xx_hal_cortex.o
    0x08001154   0x08001154   0x00000028   Code   RO         1572    i.HAL_PCDEx_ActivateLPM  stm32l4xx_hal_pcd_ex.o
    0x0800117c   0x0800117c   0x00000172   Code   RO         1367    i.HAL_PCD_Init      stm32l4xx_hal_pcd.o
    0x080012ee   0x080012ee   0x00000002   PAD
    0x080012f0   0x080012f0   0x000000c8   Code   RO          334    i.HAL_PCD_MspInit   stm32l4xx_hal_msp.o
    0x080013b8   0x080013b8   0x0000008c   Code   RO         1758    i.HAL_PWREx_ControlVoltageScaling  stm32l4xx_hal_pwr_ex.o
    0x08001444   0x08001444   0x00000014   Code   RO         1783    i.HAL_PWREx_EnableVddIO2  stm32l4xx_hal_pwr_ex.o
    0x08001458   0x08001458   0x00000014   Code   RO         1784    i.HAL_PWREx_EnableVddUSB  stm32l4xx_hal_pwr_ex.o
    0x0800146c   0x0800146c   0x00000010   Code   RO         1789    i.HAL_PWREx_GetVoltageRange  stm32l4xx_hal_pwr_ex.o
    0x0800147c   0x0800147c   0x00000014   Code   RO         1650    i.HAL_PWR_EnableBkUpAccess  stm32l4xx_hal_pwr.o
    0x08001490   0x08001490   0x00000014   Code   RO         2127    i.HAL_RCCEx_EnableMSIPLLMode  stm32l4xx_hal_rcc_ex.o
    0x080014a4   0x080014a4   0x000004f8   Code   RO         2134    i.HAL_RCCEx_PeriphCLKConfig  stm32l4xx_hal_rcc_ex.o
    0x0800199c   0x0800199c   0x0000017c   Code   RO         2010    i.HAL_RCC_ClockConfig  stm32l4xx_hal_rcc.o
    0x08001b18   0x08001b18   0x0000000c   Code   RO         2014    i.HAL_RCC_GetHCLKFreq  stm32l4xx_hal_rcc.o
    0x08001b24   0x08001b24   0x00000024   Code   RO         2016    i.HAL_RCC_GetPCLK1Freq  stm32l4xx_hal_rcc.o
    0x08001b48   0x08001b48   0x00000024   Code   RO         2017    i.HAL_RCC_GetPCLK2Freq  stm32l4xx_hal_rcc.o
    0x08001b6c   0x08001b6c   0x000000ec   Code   RO         2018    i.HAL_RCC_GetSysClockFreq  stm32l4xx_hal_rcc.o
    0x08001c58   0x08001c58   0x00000774   Code   RO         2021    i.HAL_RCC_OscConfig  stm32l4xx_hal_rcc.o
    0x080023cc   0x080023cc   0x00000034   Code   RO          805    i.HAL_SYSTICK_Config  stm32l4xx_hal_cortex.o
    0x08002400   0x08002400   0x000000be   Code   RO         2314    i.HAL_UART_Abort    stm32l4xx_hal_uart.o
    0x080024be   0x080024be   0x00000002   Code   RO         2329    i.HAL_UART_ErrorCallback  stm32l4xx_hal_uart.o
    0x080024c0   0x080024c0   0x00000074   Code   RO         2333    i.HAL_UART_Init     stm32l4xx_hal_uart.o
    0x08002534   0x08002534   0x0000015c   Code   RO          336    i.HAL_UART_MspInit  stm32l4xx_hal_msp.o
    0x08002690   0x08002690   0x000000c0   Code   RO         2337    i.HAL_UART_Receive_DMA  stm32l4xx_hal_uart.o
    0x08002750   0x08002750   0x00000002   Code   RO         2340    i.HAL_UART_RxCpltCallback  stm32l4xx_hal_uart.o
    0x08002752   0x08002752   0x00000002   Code   RO         2341    i.HAL_UART_RxHalfCpltCallback  stm32l4xx_hal_uart.o
    0x08002754   0x08002754   0x000000b4   Code   RO         2343    i.HAL_UART_Transmit_DMA  stm32l4xx_hal_uart.o
    0x08002808   0x08002808   0x00000002   Code   RO         2345    i.HAL_UART_TxCpltCallback  stm32l4xx_hal_uart.o
    0x0800280a   0x0800280a   0x00000002   Code   RO         2346    i.HAL_UART_TxHalfCpltCallback  stm32l4xx_hal_uart.o
    0x0800280c   0x0800280c   0x00000004   Code   RO          385    i.HardFault_Handler  stm32l4xx_it.o
    0x08002810   0x08002810   0x00000030   Code   RO         4742    i.ITM_SendChar      retarget_io.o
    0x08002840   0x08002840   0x00000044   Code   RO          457    i.MX_DMA_Init       dma.o
    0x08002884   0x08002884   0x000001a8   Code   RO           14    i.MX_GPIO_Init      main.o
    0x08002a2c   0x08002a2c   0x00000044   Code   RO           15    i.MX_LPUART1_UART_Init  main.o
    0x08002a70   0x08002a70   0x00000040   Code   RO          481    i.MX_USART3_UART_Init  usart.o
    0x08002ab0   0x08002ab0   0x0000003c   Code   RO           16    i.MX_USB_OTG_FS_PCD_Init  main.o
    0x08002aec   0x08002aec   0x00000004   Code   RO          386    i.MemManage_Handler  stm32l4xx_it.o
    0x08002af0   0x08002af0   0x00000002   Code   RO          387    i.NMI_Handler       stm32l4xx_it.o
    0x08002af2   0x08002af2   0x00000002   PAD
    0x08002af4   0x08002af4   0x00000188   Code   RO         2138    i.RCCEx_PLLSAI1_Config  stm32l4xx_hal_rcc_ex.o
    0x08002c7c   0x08002c7c   0x00000160   Code   RO         2139    i.RCCEx_PLLSAI2_Config  stm32l4xx_hal_rcc_ex.o
    0x08002ddc   0x08002ddc   0x0000009c   Code   RO         2022    i.RCC_SetFlashLatencyFromMSIRange  stm32l4xx_hal_rcc.o
    0x08002e78   0x08002e78   0x0000013c   Code   RO           17    i.StartDefaultTask  main.o
    0x08002fb4   0x08002fb4   0x000012fc   Code   RO          229    i.StartGsmTask      gsm.o
    0x080042b0   0x080042b0   0x00000024   Code   RO          388    i.SysTick_Handler   stm32l4xx_it.o
    0x080042d4   0x080042d4   0x000000d8   Code   RO           18    i.SystemClock_Config  main.o
    0x080043ac   0x080043ac   0x00000050   Code   RO          512    i.SystemInit        system_stm32l4xx.o
    0x080043fc   0x080043fc   0x000000f8   Code   RO         2347    i.UART_AdvFeatureConfig  stm32l4xx_hal_uart.o
    0x080044f4   0x080044f4   0x0000006e   Code   RO         2348    i.UART_CheckIdleState  stm32l4xx_hal_uart.o
    0x08004562   0x08004562   0x00000056   Code   RO         2350    i.UART_DMAError     stm32l4xx_hal_uart.o
    0x080045b8   0x080045b8   0x00000046   Code   RO         2351    i.UART_DMAReceiveCplt  stm32l4xx_hal_uart.o
    0x080045fe   0x080045fe   0x0000000e   Code   RO         2353    i.UART_DMARxHalfCplt  stm32l4xx_hal_uart.o
    0x0800460c   0x0800460c   0x00000038   Code   RO         2355    i.UART_DMATransmitCplt  stm32l4xx_hal_uart.o
    0x08004644   0x08004644   0x0000000e   Code   RO         2357    i.UART_DMATxHalfCplt  stm32l4xx_hal_uart.o
    0x08004652   0x08004652   0x00000022   Code   RO         2359    i.UART_EndRxTransfer  stm32l4xx_hal_uart.o
    0x08004674   0x08004674   0x00000012   Code   RO         2361    i.UART_EndTxTransfer  stm32l4xx_hal_uart.o
    0x08004686   0x08004686   0x00000002   PAD
    0x08004688   0x08004688   0x0000037e   Code   RO         2364    i.UART_SetConfig    stm32l4xx_hal_uart.o
    0x08004a06   0x08004a06   0x000000b4   Code   RO         2367    i.UART_WaitOnFlagUntilTimeout  stm32l4xx_hal_uart.o
    0x08004aba   0x08004aba   0x00000002   PAD
    0x08004abc   0x08004abc   0x00000070   Code   RO         2760    i.USB_CoreInit      stm32l4xx_ll_usb.o
    0x08004b2c   0x08004b2c   0x0000004c   Code   RO         2761    i.USB_CoreReset     stm32l4xx_ll_usb.o
    0x08004b78   0x08004b78   0x00000024   Code   RO         2766    i.USB_DevDisconnect  stm32l4xx_ll_usb.o
    0x08004b9c   0x08004b9c   0x000001b8   Code   RO         2767    i.USB_DevInit       stm32l4xx_ll_usb.o
    0x08004d54   0x08004d54   0x0000000e   Code   RO         2768    i.USB_DisableGlobalInt  stm32l4xx_ll_usb.o
    0x08004d62   0x08004d62   0x00000002   PAD
    0x08004d64   0x08004d64   0x0000002c   Code   RO         2777    i.USB_FlushRxFifo   stm32l4xx_ll_usb.o
    0x08004d90   0x08004d90   0x00000030   Code   RO         2778    i.USB_FlushTxFifo   stm32l4xx_ll_usb.o
    0x08004dc0   0x08004dc0   0x00000036   Code   RO         2796    i.USB_SetCurrentMode  stm32l4xx_ll_usb.o
    0x08004df6   0x08004df6   0x00000012   Code   RO         2798    i.USB_SetDevSpeed   stm32l4xx_ll_usb.o
    0x08004e08   0x08004e08   0x00000004   Code   RO          389    i.UsageFault_Handler  stm32l4xx_it.o
    0x08004e0c   0x08004e0c   0x00000020   Code   RO         4992    i.__0printf$6       mc_w.l(printf6.o)
    0x08004e2c   0x08004e2c   0x00000028   Code   RO         4994    i.__0sprintf$6      mc_w.l(printf6.o)
    0x08004e54   0x08004e54   0x00000010   Code   RO          807    i.__NVIC_GetPriorityGrouping  stm32l4xx_hal_cortex.o
    0x08004e64   0x08004e64   0x00000028   Code   RO          808    i.__NVIC_SetPriority  stm32l4xx_hal_cortex.o
    0x08004e8c   0x08004e8c   0x00000006   Code   RO         4173    i.__get_BASEPRI     cmsis_os2.o
    0x08004e92   0x08004e92   0x00000006   Code   RO         4174    i.__get_IPSR        cmsis_os2.o
    0x08004e98   0x08004e98   0x00000006   Code   RO         4175    i.__get_PRIMASK     cmsis_os2.o
    0x08004e9e   0x08004e9e   0x0000000e   Code   RO         5154    i.__scatterload_copy  mc_w.l(handlers.o)
    0x08004eac   0x08004eac   0x00000002   Code   RO         5155    i.__scatterload_null  mc_w.l(handlers.o)
    0x08004eae   0x08004eae   0x0000000e   Code   RO         5156    i.__scatterload_zeroinit  mc_w.l(handlers.o)
    0x08004ebc   0x08004ebc   0x000002f6   Code   RO         4999    i._printf_core      mc_w.l(printf6.o)
    0x080051b2   0x080051b2   0x00000024   Code   RO         5000    i._printf_post_padding  mc_w.l(printf6.o)
    0x080051d6   0x080051d6   0x0000002e   Code   RO         5001    i._printf_pre_padding  mc_w.l(printf6.o)
    0x08005204   0x08005204   0x0000000a   Code   RO         5003    i._sputc            mc_w.l(printf6.o)
    0x0800520e   0x0800520e   0x00000002   PAD
    0x08005210   0x08005210   0x00000020   Code   RO         4747    i.fputc             retarget_io.o
    0x08005230   0x08005230   0x0000002c   Code   RO          230    i.gsm_get_status    gsm.o
    0x0800525c   0x0800525c   0x00000068   Code   RO           19    i.main              main.o
    0x080052c4   0x080052c4   0x00000038   Code   RO         4176    i.osDelay           cmsis_os2.o
    0x080052fc   0x080052fc   0x00000040   Code   RO         4190    i.osKernelInitialize  cmsis_os2.o
    0x0800533c   0x0800533c   0x00000048   Code   RO         4193    i.osKernelStart     cmsis_os2.o
    0x08005384   0x08005384   0x00000098   Code   RO         4196    i.osMessageQueueGet  cmsis_os2.o
    0x0800541c   0x0800541c   0x000000b4   Code   RO         4201    i.osMessageQueueNew  cmsis_os2.o
    0x080054d0   0x080054d0   0x0000009c   Code   RO         4202    i.osMessageQueuePut  cmsis_os2.o
    0x0800556c   0x0800556c   0x0000007c   Code   RO         4204    i.osMutexAcquire    cmsis_os2.o
    0x080055e8   0x080055e8   0x000000cc   Code   RO         4207    i.osMutexNew        cmsis_os2.o
    0x080056b4   0x080056b4   0x00000068   Code   RO         4208    i.osMutexRelease    cmsis_os2.o
    0x0800571c   0x0800571c   0x000000d4   Code   RO         4226    i.osThreadNew       cmsis_os2.o
    0x080057f0   0x080057f0   0x0000007c   Code   RO         3633    i.prvAddCurrentTaskToDelayedList  tasks.o
    0x0800586c   0x0800586c   0x000000b8   Code   RO         3634    i.prvAddNewTaskToReadyList  tasks.o
    0x08005924   0x08005924   0x00000074   Code   RO         3997    i.prvCheckForValidListAndQueue  timers.o
    0x08005998   0x08005998   0x00000048   Code   RO         3635    i.prvCheckTasksWaitingTermination  tasks.o
    0x080059e0   0x080059e0   0x0000002a   Code   RO         3229    i.prvCopyDataFromQueue  queue.o
    0x08005a0a   0x08005a0a   0x0000007e   Code   RO         3230    i.prvCopyDataToQueue  queue.o
    0x08005a88   0x08005a88   0x00000050   Code   RO         3636    i.prvDeleteTCB      tasks.o
    0x08005ad8   0x08005ad8   0x00000014   Code   RO         3231    i.prvGetDisinheritPriorityAfterTimeout  queue.o
    0x08005aec   0x08005aec   0x00000028   Code   RO         3998    i.prvGetNextExpireTime  timers.o
    0x08005b14   0x08005b14   0x0000007c   Code   RO         4615    i.prvHeapInit       heap_4.o
    0x08005b90   0x08005b90   0x00000028   Code   RO         3637    i.prvIdleTask       tasks.o
    0x08005bb8   0x08005bb8   0x0000001e   Code   RO         3232    i.prvInitialiseMutex  queue.o
    0x08005bd6   0x08005bd6   0x0000002a   Code   RO         3233    i.prvInitialiseNewQueue  queue.o
    0x08005c00   0x08005c00   0x000000c4   Code   RO         3638    i.prvInitialiseNewTask  tasks.o
    0x08005cc4   0x08005cc4   0x00000068   Code   RO         3639    i.prvInitialiseTaskLists  tasks.o
    0x08005d2c   0x08005d2c   0x00000068   Code   RO         4616    i.prvInsertBlockIntoFreeList  heap_4.o
    0x08005d94   0x08005d94   0x00000058   Code   RO         4000    i.prvInsertTimerInActiveList  timers.o
    0x08005dec   0x08005dec   0x0000001a   Code   RO         3234    i.prvIsQueueEmpty   queue.o
    0x08005e06   0x08005e06   0x0000001e   Code   RO         3235    i.prvIsQueueFull    queue.o
    0x08005e24   0x08005e24   0x00000074   Code   RO         4001    i.prvProcessExpiredTimer  timers.o
    0x08005e98   0x08005e98   0x00000164   Code   RO         4002    i.prvProcessReceivedCommands  timers.o
    0x08005ffc   0x08005ffc   0x00000074   Code   RO         4003    i.prvProcessTimerOrBlockTask  timers.o
    0x08006070   0x08006070   0x00000034   Code   RO         3641    i.prvResetNextTaskUnblockTime  tasks.o
    0x080060a4   0x080060a4   0x0000002c   Code   RO         4004    i.prvSampleTimeNow  timers.o
    0x080060d0   0x080060d0   0x000000a4   Code   RO         4005    i.prvSwitchTimerLists  timers.o
    0x08006174   0x08006174   0x00000040   Code   RO         4665    i.prvTaskExitError  port.o
    0x080061b4   0x080061b4   0x0000001a   Code   RO         4006    i.prvTimerTask      timers.o
    0x080061ce   0x080061ce   0x0000007e   Code   RO         3236    i.prvUnlockQueue    queue.o
    0x0800624c   0x0800624c   0x0000013c   Code   RO         4617    i.pvPortMalloc      heap_4.o
    0x08006388   0x08006388   0x00000020   Code   RO         3644    i.pvTaskIncrementMutexHeldCount  tasks.o
    0x080063a8   0x080063a8   0x0000002c   Code   RO         4666    i.pxPortInitialiseStack  port.o
    0x080063d4   0x080063d4   0x00000058   Code   RO          231    i.socket_close      gsm.o
    0x0800642c   0x0800642c   0x0000004c   Code   RO          232    i.socket_init       gsm.o
    0x08006478   0x08006478   0x00000080   Code   RO          233    i.socket_open       gsm.o
    0x080064f8   0x080064f8   0x00000040   Code   RO          234    i.socket_recv       gsm.o
    0x08006538   0x08006538   0x00000048   Code   RO          235    i.socket_send       gsm.o
    0x08006580   0x08006580   0x0000000c   Code   RO         4748    i.stdout_putchar    retarget_io.o
    0x0800658c   0x0800658c   0x00000028   Code   RO         3189    i.uxListRemove      list.o
    0x080065b4   0x080065b4   0x00000018   Code   RO         4238    i.vApplicationGetIdleTaskMemory  cmsis_os2.o
    0x080065cc   0x080065cc   0x00000018   Code   RO         4239    i.vApplicationGetTimerTaskMemory  cmsis_os2.o
    0x080065e4   0x080065e4   0x0000001a   Code   RO         3190    i.vListInitialise   list.o
    0x080065fe   0x080065fe   0x00000006   Code   RO         3191    i.vListInitialiseItem  list.o
    0x08006604   0x08006604   0x00000034   Code   RO         3192    i.vListInsert       list.o
    0x08006638   0x08006638   0x00000018   Code   RO         3193    i.vListInsertEnd    list.o
    0x08006650   0x08006650   0x00000054   Code   RO         4668    i.vPortEnterCritical  port.o
    0x080066a4   0x080066a4   0x0000003c   Code   RO         4669    i.vPortExitCritical  port.o
    0x080066e0   0x080066e0   0x00000094   Code   RO         4618    i.vPortFree         heap_4.o
    0x08006774   0x08006774   0x00000028   Code   RO         4670    i.vPortSetupTimerInterrupt  port.o
    0x0800679c   0x0800679c   0x00000078   Code   RO         4671    i.vPortValidateInterruptPriority  port.o
    0x08006814   0x08006814   0x0000002c   Code   RO         3242    i.vQueueAddToRegistry  queue.o
    0x08006840   0x08006840   0x0000004a   Code   RO         3246    i.vQueueWaitForMessageRestricted  queue.o
    0x0800688a   0x0800688a   0x00000002   PAD
    0x0800688c   0x0800688c   0x0000005c   Code   RO         3653    i.vTaskDelay        tasks.o
    0x080068e8   0x080068e8   0x00000018   Code   RO         3658    i.vTaskInternalSetTimeOutState  tasks.o
    0x08006900   0x08006900   0x0000000c   Code   RO         3659    i.vTaskMissedYield  tasks.o
    0x0800690c   0x0800690c   0x00000038   Code   RO         3661    i.vTaskPlaceOnEventList  tasks.o
    0x08006944   0x08006944   0x00000040   Code   RO         3662    i.vTaskPlaceOnEventListRestricted  tasks.o
    0x08006984   0x08006984   0x000000d0   Code   RO         3664    i.vTaskPriorityDisinheritAfterTimeout  tasks.o
    0x08006a54   0x08006a54   0x000000b8   Code   RO         3670    i.vTaskStartScheduler  tasks.o
    0x08006b0c   0x08006b0c   0x00000010   Code   RO         3672    i.vTaskSuspendAll   tasks.o
    0x08006b1c   0x08006b1c   0x00000090   Code   RO         3673    i.vTaskSwitchContext  tasks.o
    0x08006bac   0x08006bac   0x00000168   Code   RO         4672    i.xPortStartScheduler  port.o
    0x08006d14   0x08006d14   0x00000034   Code   RO         4673    i.xPortSysTickHandler  port.o
    0x08006d48   0x08006d48   0x00000022   Code   RO         3249    i.xQueueCreateMutex  queue.o
    0x08006d6a   0x08006d6a   0x0000002a   Code   RO         3250    i.xQueueCreateMutexStatic  queue.o
    0x08006d94   0x08006d94   0x00000060   Code   RO         3251    i.xQueueGenericCreate  queue.o
    0x08006df4   0x08006df4   0x000000e0   Code   RO         3252    i.xQueueGenericCreateStatic  queue.o
    0x08006ed4   0x08006ed4   0x00000098   Code   RO         3253    i.xQueueGenericReset  queue.o
    0x08006f6c   0x08006f6c   0x000001a8   Code   RO         3254    i.xQueueGenericSend  queue.o
    0x08007114   0x08007114   0x000000fe   Code   RO         3255    i.xQueueGenericSendFromISR  queue.o
    0x08007212   0x08007212   0x00000048   Code   RO         3259    i.xQueueGiveMutexRecursive  queue.o
    0x0800725a   0x0800725a   0x00000002   PAD
    0x0800725c   0x0800725c   0x00000168   Code   RO         3264    i.xQueueReceive     queue.o
    0x080073c4   0x080073c4   0x000000d0   Code   RO         3265    i.xQueueReceiveFromISR  queue.o
    0x08007494   0x08007494   0x000001b8   Code   RO         3266    i.xQueueSemaphoreTake  queue.o
    0x0800764c   0x0800764c   0x0000004e   Code   RO         3267    i.xQueueTakeMutexRecursive  queue.o
    0x0800769a   0x0800769a   0x00000002   PAD
    0x0800769c   0x0800769c   0x0000008c   Code   RO         3674    i.xTaskCheckForTimeOut  tasks.o
    0x08007728   0x08007728   0x0000006a   Code   RO         3675    i.xTaskCreate       tasks.o
    0x08007792   0x08007792   0x000000c0   Code   RO         3676    i.xTaskCreateStatic  tasks.o
    0x08007852   0x08007852   0x00000002   PAD
    0x08007854   0x08007854   0x0000000c   Code   RO         3679    i.xTaskGetCurrentTaskHandle  tasks.o
    0x08007860   0x08007860   0x00000020   Code   RO         3680    i.xTaskGetSchedulerState  tasks.o
    0x08007880   0x08007880   0x0000000c   Code   RO         3681    i.xTaskGetTickCount  tasks.o
    0x0800788c   0x0800788c   0x00000144   Code   RO         3683    i.xTaskIncrementTick  tasks.o
    0x080079d0   0x080079d0   0x000000a4   Code   RO         3686    i.xTaskPriorityDisinherit  tasks.o
    0x08007a74   0x08007a74   0x000000a4   Code   RO         3687    i.xTaskPriorityInherit  tasks.o
    0x08007b18   0x08007b18   0x00000098   Code   RO         3688    i.xTaskRemoveFromEventList  tasks.o
    0x08007bb0   0x08007bb0   0x00000104   Code   RO         3689    i.xTaskResumeAll    tasks.o
    0x08007cb4   0x08007cb4   0x00000078   Code   RO         4014    i.xTimerCreateTimerTask  timers.o
    0x08007d2c   0x08007d2c   0x00000084   Code   RO         4015    i.xTimerGenericCommand  timers.o
    0x08007db0   0x08007db0   0x00000074   Data   RO           21    .constdata          main.o
    0x08007e24   0x08007e24   0x000012e4   Data   RO          237    .constdata          gsm.o
    0x08009108   0x08009108   0x00000048   Data   RO          513    .constdata          system_stm32l4xx.o
    0x08009150   0x08009150   0x00000040   Data   RO         5150    .constdata          mc_w.l(ctype_c.o)
    0x08009190   0x08009190   0x0000000c   Data   RO           22    .conststring        main.o
    0x0800919c   0x0800919c   0x00000008   Data   RO          238    .conststring        gsm.o
    0x080091a4   0x080091a4   0x00000020   Data   RO         5152    Region$$Table       anon$$obj.o


    Execution Region RW_IRAM1 (Exec base: 0x20000000, Load base: 0x080091c4, Size: 0x000023d0, Max: 0x00040000, ABSOLUTE)

    Exec Addr    Load Addr    Size         Type   Attr      Idx    E Section Name        Object

    0x20000000   0x080091c4   0x00000008   Data   RW           23    .data               main.o
    0x20000008   0x080091cc   0x0000000c   Data   RW          239    .data               gsm.o
    0x20000014   0x080091d8   0x00000004   Data   RW          514    .data               system_stm32l4xx.o
    0x20000018   0x080091dc   0x00000009   Data   RW          586    .data               stm32l4xx_hal.o
    0x20000021   0x080091e5   0x00000003   PAD
    0x20000024   0x080091e8   0x0000003c   Data   RW         3692    .data               tasks.o
    0x20000060   0x08009224   0x00000014   Data   RW         4023    .data               timers.o
    0x20000074   0x08009238   0x00000004   Data   RW         4241    .data               cmsis_os2.o
    0x20000078   0x0800923c   0x00000018   Data   RW         4623    .data               heap_4.o
    0x20000090   0x08009254   0x0000000c   Data   RW         4674    .data               port.o
    0x2000009c   0x08009260   0x00000004   Data   RW         4817    .data               mc_w.l(stdout.o)
    0x200000a0        -       0x000004d8   Zero   RW           20    .bss                main.o
    0x20000578        -       0x000000b8   Zero   RW          236    .bss                gsm.o
    0x20000630        -       0x00000110   Zero   RW          482    .bss                usart.o
    0x20000740        -       0x00000040   Zero   RW         3268    .bss                queue.o
    0x20000780        -       0x000004c4   Zero   RW         3691    .bss                tasks.o
    0x20000c44        -       0x00000118   Zero   RW         4022    .bss                timers.o
    0x20000d5c        -       0x000006b8   Zero   RW         4240    .bss                cmsis_os2.o
    0x20001414        -       0x00000bb8   Zero   RW         4622    .bss                heap_4.o
    0x20001fcc   0x08009264   0x00000004   PAD
    0x20001fd0        -       0x00000400   Zero   RW            1    STACK               startup_stm32l496xx.o


==============================================================================

Image component sizes


      Code (inc. data)   RO Data    RW Data    ZI Data      Debug   Object Name

      1390         72          0          4       1720      36049   cmsis_os2.o
        68          4          0          0          0        758   dma.o
         0          0          0          0          0      18392   event_groups.o
      5364       1260       4844         12        184      11966   gsm.o
       692         62          0         24       3000       4811   heap_4.o
       148          0          0          0          0       3606   list.o
      1190        154        128          8       1240     883074   main.o
      1046         92          0         12          0      11773   port.o
      2944         26          0          0         64      26087   queue.o
        92         12          0          0          0       1819   retarget_io.o
        36          8        428          0       1024        960   startup_stm32l496xx.o
       194         32          0          9          0      16425   stm32l4xx_hal.o
       318         22          0          0          0      34391   stm32l4xx_hal_cortex.o
       822         10          0          0          0       4930   stm32l4xx_hal_dma.o
       546         42          0          0          0       3656   stm32l4xx_hal_gpio.o
       612         44          0          0          0       2651   stm32l4xx_hal_msp.o
       370          0          0          0          0       1447   stm32l4xx_hal_pcd.o
        40          4          0          0          0       1036   stm32l4xx_hal_pcd_ex.o
        20          6          0          0          0        551   stm32l4xx_hal_pwr.o
       196         30          0          0          0       2472   stm32l4xx_hal_pwr_ex.o
      2764        108          0          0          0       7428   stm32l4xx_hal_rcc.o
      2036         48          0          0          0       4549   stm32l4xx_hal_rcc_ex.o
      2412         82          0          0          0      14794   stm32l4xx_hal_uart.o
        88         18          0          0          0       4285   stm32l4xx_it.o
       842         32          0          0          0       6855   stm32l4xx_ll_usb.o
        80         12         72          4          0       1229   system_stm32l4xx.o
      3242        386          0         60       1220      30775   tasks.o
      1318        124          0         20        280      32847   timers.o
        64          8          0          0        272        817   usart.o

    ----------------------------------------------------------------------
     28962       2698       5504        156       9008    1170433   Object Totals
         0          0         32          0          0          0   (incl. Generated)
        28          0          0          3          4          0   (incl. Padding)

    ----------------------------------------------------------------------

      Code (inc. data)   RO Data    RW Data    ZI Data      Debug   Library Member Name

        56          8          0          0          0         84   __0sscanf.o
        28          0          0          0          0         68   _chval.o
       818          4          0          0          0        112   _scanf.o
       338          0          0          0          0         96   _scanf_int.o
        64          0          0          0          0         84   _sgetc.o
        40          6         64          0          0         68   ctype_c.o
         0          0          0          0          0          0   entry.o
         0          0          0          0          0          0   entry10a.o
         0          0          0          0          0          0   entry11a.o
         8          4          0          0          0          0   entry2.o
         4          0          0          0          0          0   entry5.o
         0          0          0          0          0          0   entry7b.o
         0          0          0          0          0          0   entry8b.o
         8          4          0          0          0          0   entry9a.o
        30          0          0          0          0          0   handlers.o
        36          8          0          0          0         68   init.o
        10          0          0          0          0         68   isspace_c.o
        30          0          0          0          0         68   llshl.o
        32          0          0          0          0         68   llushr.o
        26          0          0          0          0         80   memcmp.o
        36          0          0          0          0         68   memcpya.o
        36          0          0          0          0        108   memseta.o
       922         20          0          0          0        504   printf6.o
        40          8          0          0          0         84   scanf_char.o
         0          0          0          4          0          0   stdout.o
        18          0          0          0          0         68   strcpy.o
        14          0          0          0          0         68   strlen.o
        36          0          0          0          0         80   strstr.o
        44          0          0          0          0         80   uidiv.o
       104          0          0          0          0         92   uldiv.o

    ----------------------------------------------------------------------
      2786         62         64          4          0       2016   Library Totals
         8          0          0          0          0          0   (incl. Padding)

    ----------------------------------------------------------------------

      Code (inc. data)   RO Data    RW Data    ZI Data      Debug   Library Name

      2778         62         64          4          0       2016   mc_w.l

    ----------------------------------------------------------------------
      2786         62         64          4          0       2016   Library Totals

    ----------------------------------------------------------------------

==============================================================================


      Code (inc. data)   RO Data    RW Data    ZI Data      Debug   

     31748       2760       5568        160       9008    1152661   Grand Totals
     31748       2760       5568        160       9008    1152661   ELF Image Totals
     31748       2760       5568        160          0          0   ROM Totals

==============================================================================

    Total RO  Size (Code + RO Data)                37316 (  36.44kB)
    Total RW  Size (RW Data + ZI Data)              9168 (   8.95kB)
    Total ROM Size (Code + RO Data + RW Data)      37476 (  36.60kB)

==============================================================================

