<html>
<body>
<pre>
<h1>µVision Build Log</h1>
<h2>Tool Versions:</h2>
IDE-Version: µVision V5.26.2.0
Copyright (C) 2018 ARM Ltd and ARM Germany GmbH. All rights reserved.
License Information: DPEDESIGN DPEDESIGN, DPEDESIGN, LIC=YA374-FNWTW-PBJEG-VIG17-5PI1A-HIZD4
 
Tool Versions:
Toolchain:       MDK-ARM Plus  Version: 5.26.2.0
Toolchain Path:  D:\SOFT\Keil_v5\ARM\ARMCC\Bin
C Compiler:      Armcc.exe V5.06 update 6 (build 750)
Assembler:       Armasm.exe V5.06 update 6 (build 750)
Linker/Locator:  ArmLink.exe V5.06 update 6 (build 750)
Library Manager: ArmAr.exe V5.06 update 6 (build 750)
Hex Converter:   FromElf.exe V5.06 update 6 (build 750)
CPU DLL:         SARMCM3.DLL V5.26.2.0
Dialog DLL:      DCM.DLL V1.17.2.0
Target DLL:      STLink\ST-LINKIII-KEIL_SWO.dll V3.0.5.0
Dialog DLL:      TCM.DLL V1.36.1.0
 
<h2>Project:</h2>
D:\DPEdesign\ETUDE\BTWIN\POC_IOT\SOFT\V0.1\MDK-ARM\POC_IOT.uvprojx
Project File Date:  11/26/2020

<h2>Output:</h2>
*** Using Compiler 'V5.06 update 6 (build 750)', folder: 'D:\SOFT\Keil_v5\ARM\ARMCC\Bin'
Rebuild target 'POC_IOT'
assembling startup_stm32l496xx.s...
compiling stm32l4xx_hal_dma_ex.c...
compiling system_stm32l4xx.c...
compiling stm32l4xx_hal_cortex.c...
compiling dma.c...
compiling usart.c...
compiling stm32l4xx_hal_dma.c...
compiling stm32l4xx_hal.c...
compiling gsm.c...
compiling stm32l4xx_it.c...
compiling stm32l4xx_hal_msp.c...
compiling main.c...
compiling stm32l4xx_hal_flash.c...
compiling stm32l4xx_hal_flash_ramfunc.c...
compiling stm32l4xx_hal_pwr.c...
compiling stm32l4xx_hal_pcd_ex.c...
compiling croutine.c...
compiling stm32l4xx_hal_flash_ex.c...
compiling event_groups.c...
compiling stm32l4xx_hal_gpio.c...
compiling stm32l4xx_hal_pcd.c...
compiling list.c...
compiling stm32l4xx_hal_rcc.c...
compiling queue.c...
compiling stream_buffer.c...
compiling timers.c...
compiling stm32l4xx_hal_pwr_ex.c...
compiling tasks.c...
compiling heap_4.c...
compiling retarget_io.c...
compiling port.c...
compiling cmsis_os2.c...
compiling stm32l4xx_hal_uart.c...
compiling stm32l4xx_hal_rcc_ex.c...
compiling stm32l4xx_hal_uart_ex.c...
compiling stm32l4xx_ll_usb.c...
linking...
Program Size: Code=31712 RO-data=5568 RW-data=160 ZI-data=9008  
".\POC_IOT\POC_IOT.axf" - 0 Error(s), 0 Warning(s).

<h2>Software Packages used:</h2>

Package Vendor: ARM
                http://www.keil.com/pack/ARM.CMSIS.5.6.0.pack
                ARM.CMSIS.5.6.0
                CMSIS (Cortex Microcontroller Software Interface Standard)
   * Component: CORE Version: 5.3.0

Package Vendor: Keil
                http://www.keil.com/pack/Keil.ARM_Compiler.1.6.0.pack
                Keil.ARM_Compiler.1.6.0
                Keil ARM Compiler extensions for ARM Compiler 5 and ARM Compiler 6
   * Component: STDOUT Variant: ITM Version: 1.2.0

Package Vendor: Keil
                http://www.keil.com/pack/Keil.STM32L4xx_DFP.2.0.0.pack
                Keil.STM32L4xx_DFP.2.0.0
                STMicroelectronics STM32L4 Series Device Support, Drivers and Examples

<h2>Collection of Component include folders:</h2>
  .\RTE\_POC_IOT
  D:\SOFT\Keil_v5\ARM\PACK\ARM\CMSIS\5.6.0\CMSIS\Core\Include
  D:\SOFT\Keil_v5\ARM\PACK\Keil\STM32L4xx_DFP\2.0.0\Drivers\CMSIS\Device\ST\STM32L4xx\Include

<h2>Collection of Component Files used:</h2>

   * Component: ARM::CMSIS:CORE:5.3.0

   * Component: Keil.ARM Compiler::Compiler:I/O:STDOUT:ITM:1.2.0
      Source file:   Source\retarget_io.c
Build Time Elapsed:  00:00:44
</pre>
</body>
</html>
