Component: ARM Compiler 5.06 update 6 (build 750) Tool: armlink [4d35ed]

==============================================================================

Section Cross References

    startup_stm32l496xx.o(RESET) refers to startup_stm32l496xx.o(STACK) for __initial_sp
    startup_stm32l496xx.o(RESET) refers to startup_stm32l496xx.o(.text) for Reset_Handler
    startup_stm32l496xx.o(RESET) refers to stm32l4xx_it.o(i.NMI_Handler) for NMI_Handler
    startup_stm32l496xx.o(RESET) refers to stm32l4xx_it.o(i.HardFault_Handler) for HardFault_Handler
    startup_stm32l496xx.o(RESET) refers to stm32l4xx_it.o(i.MemManage_Handler) for MemManage_Handler
    startup_stm32l496xx.o(RESET) refers to stm32l4xx_it.o(i.BusFault_Handler) for BusFault_Handler
    startup_stm32l496xx.o(RESET) refers to stm32l4xx_it.o(i.UsageFault_Handler) for UsageFault_Handler
    startup_stm32l496xx.o(RESET) refers to port.o(.emb_text) for SVC_Handler
    startup_stm32l496xx.o(RESET) refers to stm32l4xx_it.o(i.DebugMon_Handler) for DebugMon_Handler
    startup_stm32l496xx.o(RESET) refers to stm32l4xx_it.o(i.SysTick_Handler) for SysTick_Handler
    startup_stm32l496xx.o(RESET) refers to stm32l4xx_it.o(i.DMA1_Channel2_IRQHandler) for DMA1_Channel2_IRQHandler
    startup_stm32l496xx.o(RESET) refers to stm32l4xx_it.o(i.DMA1_Channel3_IRQHandler) for DMA1_Channel3_IRQHandler
    startup_stm32l496xx.o(.text) refers to system_stm32l4xx.o(i.SystemInit) for SystemInit
    startup_stm32l496xx.o(.text) refers to entry.o(.ARM.Collect$$$$00000000) for __main
    main.o(i.MX_GPIO_Init) refers to memseta.o(.text) for __aeabi_memclr4
    main.o(i.MX_GPIO_Init) refers to stm32l4xx_hal_pwr_ex.o(i.HAL_PWREx_EnableVddIO2) for HAL_PWREx_EnableVddIO2
    main.o(i.MX_GPIO_Init) refers to stm32l4xx_hal_gpio.o(i.HAL_GPIO_WritePin) for HAL_GPIO_WritePin
    main.o(i.MX_GPIO_Init) refers to stm32l4xx_hal_gpio.o(i.HAL_GPIO_Init) for HAL_GPIO_Init
    main.o(i.MX_LPUART1_UART_Init) refers to stm32l4xx_hal_uart.o(i.HAL_UART_Init) for HAL_UART_Init
    main.o(i.MX_LPUART1_UART_Init) refers to main.o(i.Error_Handler) for Error_Handler
    main.o(i.MX_LPUART1_UART_Init) refers to main.o(.bss) for hlpuart1
    main.o(i.MX_USB_OTG_FS_PCD_Init) refers to stm32l4xx_hal_pcd.o(i.HAL_PCD_Init) for HAL_PCD_Init
    main.o(i.MX_USB_OTG_FS_PCD_Init) refers to main.o(i.Error_Handler) for Error_Handler
    main.o(i.MX_USB_OTG_FS_PCD_Init) refers to main.o(.bss) for hpcd_USB_OTG_FS
    main.o(i.StartDefaultTask) refers to cmsis_os2.o(i.osMessageQueueGet) for osMessageQueueGet
    main.o(i.StartDefaultTask) refers to printf6.o(i.__0sprintf$6) for __2sprintf
    main.o(i.StartDefaultTask) refers to strlen.o(.text) for strlen
    main.o(i.StartDefaultTask) refers to cmsis_os2.o(i.osMessageQueuePut) for osMessageQueuePut
    main.o(i.StartDefaultTask) refers to cmsis_os2.o(i.osDelay) for osDelay
    main.o(i.StartDefaultTask) refers to stm32l4xx_hal.o(i.HAL_GetTick) for HAL_GetTick
    main.o(i.StartDefaultTask) refers to printf6.o(i.__0printf$6) for __2printf
    main.o(i.StartDefaultTask) refers to gsm.o(.data) for MsgTcpStatus
    main.o(i.StartDefaultTask) refers to main.o(.data) for cnt
    main.o(i.SystemClock_Config) refers to memseta.o(.text) for __aeabi_memclr4
    main.o(i.SystemClock_Config) refers to stm32l4xx_hal_pwr.o(i.HAL_PWR_EnableBkUpAccess) for HAL_PWR_EnableBkUpAccess
    main.o(i.SystemClock_Config) refers to stm32l4xx_hal_rcc.o(i.HAL_RCC_OscConfig) for HAL_RCC_OscConfig
    main.o(i.SystemClock_Config) refers to main.o(i.Error_Handler) for Error_Handler
    main.o(i.SystemClock_Config) refers to stm32l4xx_hal_rcc.o(i.HAL_RCC_ClockConfig) for HAL_RCC_ClockConfig
    main.o(i.SystemClock_Config) refers to stm32l4xx_hal_rcc_ex.o(i.HAL_RCCEx_PeriphCLKConfig) for HAL_RCCEx_PeriphCLKConfig
    main.o(i.SystemClock_Config) refers to stm32l4xx_hal_pwr_ex.o(i.HAL_PWREx_ControlVoltageScaling) for HAL_PWREx_ControlVoltageScaling
    main.o(i.SystemClock_Config) refers to stm32l4xx_hal_rcc_ex.o(i.HAL_RCCEx_EnableMSIPLLMode) for HAL_RCCEx_EnableMSIPLLMode
    main.o(i.hex2Str) refers to main.o(.bss) for hexStr
    main.o(i.main) refers to stm32l4xx_hal.o(i.HAL_Init) for HAL_Init
    main.o(i.main) refers to main.o(i.SystemClock_Config) for SystemClock_Config
    main.o(i.main) refers to main.o(i.MX_GPIO_Init) for MX_GPIO_Init
    main.o(i.main) refers to main.o(i.MX_LPUART1_UART_Init) for MX_LPUART1_UART_Init
    main.o(i.main) refers to main.o(i.MX_USB_OTG_FS_PCD_Init) for MX_USB_OTG_FS_PCD_Init
    main.o(i.main) refers to cmsis_os2.o(i.osKernelInitialize) for osKernelInitialize
    main.o(i.main) refers to cmsis_os2.o(i.osThreadNew) for osThreadNew
    main.o(i.main) refers to cmsis_os2.o(i.osKernelStart) for osKernelStart
    main.o(i.main) refers to main.o(.constdata) for defaultTask_attributes
    main.o(i.main) refers to main.o(i.StartDefaultTask) for StartDefaultTask
    main.o(i.main) refers to main.o(.data) for defaultTaskHandle
[...]
    i.UART_DMARxHalfCplt                     0x0800428e   Section        0  stm32l4xx_hal_uart.o(i.UART_DMARxHalfCplt)
    UART_DMARxHalfCplt                       0x0800428f   Thumb Code    14  stm32l4xx_hal_uart.o(i.UART_DMARxHalfCplt)
    i.UART_DMATransmitCplt                   0x0800429c   Section        0  stm32l4xx_hal_uart.o(i.UART_DMATransmitCplt)
    UART_DMATransmitCplt                     0x0800429d   Thumb Code    56  stm32l4xx_hal_uart.o(i.UART_DMATransmitCplt)
    i.UART_DMATxHalfCplt                     0x080042d4   Section        0  stm32l4xx_hal_uart.o(i.UART_DMATxHalfCplt)
    UART_DMATxHalfCplt                       0x080042d5   Thumb Code    14  stm32l4xx_hal_uart.o(i.UART_DMATxHalfCplt)
    i.UART_EndRxTransfer                     0x080042e2   Section        0  stm32l4xx_hal_uart.o(i.UART_EndRxTransfer)
    UART_EndRxTransfer                       0x080042e3   Thumb Code    34  stm32l4xx_hal_uart.o(i.UART_EndRxTransfer)
    i.UART_EndTxTransfer                     0x08004304   Section        0  stm32l4xx_hal_uart.o(i.UART_EndTxTransfer)
    UART_EndTxTransfer                       0x08004305   Thumb Code    18  stm32l4xx_hal_uart.o(i.UART_EndTxTransfer)
    i.UART_SetConfig                         0x08004318   Section        0  stm32l4xx_hal_uart.o(i.UART_SetConfig)
    i.UART_WaitOnFlagUntilTimeout            0x08004696   Section        0  stm32l4xx_hal_uart.o(i.UART_WaitOnFlagUntilTimeout)
    i.USB_CoreInit                           0x0800474c   Section        0  stm32l4xx_ll_usb.o(i.USB_CoreInit)
    i.USB_CoreReset                          0x080047bc   Section        0  stm32l4xx_ll_usb.o(i.USB_CoreReset)
    USB_CoreReset                            0x080047bd   Thumb Code    70  stm32l4xx_ll_usb.o(i.USB_CoreReset)
    i.USB_DevDisconnect                      0x08004808   Section        0  stm32l4xx_ll_usb.o(i.USB_DevDisconnect)
    i.USB_DevInit                            0x0800482c   Section        0  stm32l4xx_ll_usb.o(i.USB_DevInit)
    i.USB_DisableGlobalInt                   0x080049e4   Section        0  stm32l4xx_ll_usb.o(i.USB_DisableGlobalInt)
    i.USB_FlushRxFifo                        0x080049f4   Section        0  stm32l4xx_ll_usb.o(i.USB_FlushRxFifo)
    i.USB_FlushTxFifo                        0x08004a20   Section        0  stm32l4xx_ll_usb.o(i.USB_FlushTxFifo)
    i.USB_SetCurrentMode                     0x08004a50   Section        0  stm32l4xx_ll_usb.o(i.USB_SetCurrentMode)
    i.USB_SetDevSpeed                        0x08004a86   Section        0  stm32l4xx_ll_usb.o(i.USB_SetDevSpeed)
    i.UsageFault_Handler                     0x08004a98   Section        0  stm32l4xx_it.o(i.UsageFault_Handler)
    i.__0printf$6                            0x08004a9c   Section        0  printf6.o(i.__0printf$6)
    i.__0sprintf$6                           0x08004abc   Section        0  printf6.o(i.__0sprintf$6)
    i.__NVIC_GetPriorityGrouping             0x08004ae4   Section        0  stm32l4xx_hal_cortex.o(i.__NVIC_GetPriorityGrouping)
    __NVIC_GetPriorityGrouping               0x08004ae5   Thumb Code    10  stm32l4xx_hal_cortex.o(i.__NVIC_GetPriorityGrouping)
    i.__NVIC_SetPriority                     0x08004af4   Section        0  stm32l4xx_hal_cortex.o(i.__NVIC_SetPriority)
    __NVIC_SetPriority                       0x08004af5   Thumb Code    32  stm32l4xx_hal_cortex.o(i.__NVIC_SetPriority)
    i.__get_BASEPRI                          0x08004b1c   Section        0  cmsis_os2.o(i.__get_BASEPRI)
    __get_BASEPRI                            0x08004b1d   Thumb Code     6  cmsis_os2.o(i.__get_BASEPRI)
    i.__get_IPSR                             0x08004b22   Section        0  cmsis_os2.o(i.__get_IPSR)
    __get_IPSR                               0x08004b23   Thumb Code     6  cmsis_os2.o(i.__get_IPSR)
    i.__get_PRIMASK                          0x08004b28   Section        0  cmsis_os2.o(i.__get_PRIMASK)
    __get_PRIMASK                            0x08004b29   Thumb Code     6  cmsis_os2.o(i.__get_PRIMASK)
    i.__scatterload_copy                     0x08004b2e   Section       14  handlers.o(i.__scatterload_copy)
    i.__scatterload_null                     0x08004b3c   Section        2  handlers.o(i.__scatterload_null)
    i.__scatterload_zeroinit                 0x08004b3e   Section       14  handlers.o(i.__scatterload_zeroinit)
    i._printf_core                           0x08004b4c   Section        0  printf6.o(i._printf_core)
    _printf_core                             0x08004b4d   Thumb Code   748  printf6.o(i._printf_core)
    i._printf_post_padding                   0x08004e42   Section        0  printf6.o(i._printf_post_padding)
    _printf_post_padding                     0x08004e43   Thumb Code    36  printf6.o(i._printf_post_padding)
    i._printf_pre_padding                    0x08004e66   Section        0  printf6.o(i._printf_pre_padding)
    _printf_pre_padding                      0x08004e67   Thumb Code    46  printf6.o(i._printf_pre_padding)
    i._sputc                                 0x08004e94   Section        0  printf6.o(i._sputc)
    _sputc                                   0x08004e95   Thumb Code    10  printf6.o(i._sputc)
    i.fputc                                  0x08004ea0   Section        0  retarget_io.o(i.fputc)
    i.hex2Str                                0x08004ec0   Section        0  main.o(i.hex2Str)
    i.main                                   0x08004f34   Section        0  main.o(i.main)
    i.osDelay                                0x08004f88   Section        0  cmsis_os2.o(i.osDelay)
    i.osKernelInitialize                     0x08004fc0   Section        0  cmsis_os2.o(i.osKernelInitialize)
    i.osKernelStart                          0x08005000   Section        0  cmsis_os2.o(i.osKernelStart)
    i.osMessageQueueGet                      0x08005048   Section        0  cmsis_os2.o(i.osMessageQueueGet)
    i.osMessageQueueNew                      0x080050e0   Section        0  cmsis_os2.o(i.osMessageQueueNew)
    i.osMessageQueuePut                      0x08005194   Section        0  cmsis_os2.o(i.osMessageQueuePut)
    i.osMessageQueueReset                    0x08005230   Section        0  cmsis_os2.o(i.osMessageQueueReset)
    i.osThreadNew                            0x08005270   Section        0  cmsis_os2.o(i.osThreadNew)
    i.prvAddCurrentTaskToDelayedList         0x08005344   Section        0  tasks.o(i.prvAddCurrentTaskToDelayedList)
    prvAddCurrentTaskToDelayedList           0x08005345   Thumb Code   100  tasks.o(i.prvAddCurrentTaskToDelayedList)
    i.prvAddNewTaskToReadyList               0x080053c0   Section        0  tasks.o(i.prvAddNewTaskToReadyList)
    prvAddNewTaskToReadyList                 0x080053c1   Thumb Code   154  tasks.o(i.prvAddNewTaskToReadyList)
    i.prvCheckForValidListAndQueue           0x08005478   Section        0  timers.o(i.prvCheckForValidListAndQueue)
    prvCheckForValidListAndQueue             0x08005479   Thumb Code    78  timers.o(i.prvCheckForValidListAndQueue)
    i.prvCheckTasksWaitingTermination        0x080054ec   Section        0  tasks.o(i.prvCheckTasksWaitingTermination)
    prvCheckTasksWaitingTermination          0x080054ed   Thumb Code    60  tasks.o(i.prvCheckTasksWaitingTermination)
    i.prvCopyDataFromQueue                   0x08005534   Section        0  queue.o(i.prvCopyDataFromQueue)
    prvCopyDataFromQueue                     0x08005535   Thumb Code    42  queue.o(i.prvCopyDataFromQueue)
    i.prvCopyDataToQueue                     0x0800555e   Section        0  queue.o(i.prvCopyDataToQueue)
    prvCopyDataToQueue                       0x0800555f   Thumb Code   126  queue.o(i.prvCopyDataToQueue)
    i.prvDeleteTCB                           0x080055dc   Section        0  tasks.o(i.prvDeleteTCB)
    prvDeleteTCB                             0x080055dd   Thumb Code    80  tasks.o(i.prvDeleteTCB)
    i.prvGetNextExpireTime                   0x0800562c   Section        0  timers.o(i.prvGetNextExpireTime)
    prvGetNextExpireTime                     0x0800562d   Thumb Code    36  timers.o(i.prvGetNextExpireTime)
    i.prvHeapInit                            0x08005654   Section        0  heap_4.o(i.prvHeapInit)
    prvHeapInit                              0x08005655   Thumb Code    98  heap_4.o(i.prvHeapInit)
    i.prvIdleTask                            0x080056d0   Section        0  tasks.o(i.prvIdleTask)
    prvIdleTask                              0x080056d1   Thumb Code    32  tasks.o(i.prvIdleTask)
    i.prvInitialiseNewQueue                  0x080056f8   Section        0  queue.o(i.prvInitialiseNewQueue)
    prvInitialiseNewQueue                    0x080056f9   Thumb Code    42  queue.o(i.prvInitialiseNewQueue)
    i.prvInitialiseNewTask                   0x08005722   Section        0  tasks.o(i.prvInitialiseNewTask)
    prvInitialiseNewTask                     0x08005723   Thumb Code   190  tasks.o(i.prvInitialiseNewTask)
    i.prvInitialiseTaskLists                 0x080057e8   Section        0  tasks.o(i.prvInitialiseTaskLists)
    prvInitialiseTaskLists                   0x080057e9   Thumb Code    70  tasks.o(i.prvInitialiseTaskLists)
    i.prvInsertBlockIntoFreeList             0x08005850   Section        0  heap_4.o(i.prvInsertBlockIntoFreeList)
    prvInsertBlockIntoFreeList               0x08005851   Thumb Code    96  heap_4.o(i.prvInsertBlockIntoFreeList)
    i.prvInsertTimerInActiveList             0x080058b8   Section        0  timers.o(i.prvInsertTimerInActiveList)
    prvInsertTimerInActiveList               0x080058b9   Thumb Code    80  timers.o(i.prvInsertTimerInActiveList)
    i.prvIsQueueEmpty                        0x08005910   Section        0  queue.o(i.prvIsQueueEmpty)
    prvIsQueueEmpty                          0x08005911   Thumb Code    26  queue.o(i.prvIsQueueEmpty)
    i.prvIsQueueFull                         0x0800592a   Section        0  queue.o(i.prvIsQueueFull)
    prvIsQueueFull                           0x0800592b   Thumb Code    30  queue.o(i.prvIsQueueFull)
    i.prvProcessExpiredTimer                 0x08005948   Section        0  timers.o(i.prvProcessExpiredTimer)
    prvProcessExpiredTimer                   0x08005949   Thumb Code   110  timers.o(i.prvProcessExpiredTimer)
    i.prvProcessReceivedCommands             0x080059bc   Section        0  timers.o(i.prvProcessReceivedCommands)
    prvProcessReceivedCommands               0x080059bd   Thumb Code   350  timers.o(i.prvProcessReceivedCommands)
    i.prvProcessTimerOrBlockTask             0x08005b20   Section        0  timers.o(i.prvProcessTimerOrBlockTask)
    prvProcessTimerOrBlockTask               0x08005b21   Thumb Code   102  timers.o(i.prvProcessTimerOrBlockTask)
    i.prvResetNextTaskUnblockTime            0x08005b94   Section        0  tasks.o(i.prvResetNextTaskUnblockTime)
    prvResetNextTaskUnblockTime              0x08005b95   Thumb Code    42  tasks.o(i.prvResetNextTaskUnblockTime)
    i.prvSampleTimeNow                       0x08005bc8   Section        0  timers.o(i.prvSampleTimeNow)
    prvSampleTimeNow                         0x08005bc9   Thumb Code    40  timers.o(i.prvSampleTimeNow)
    i.prvSwitchTimerLists                    0x08005bf4   Section        0  timers.o(i.prvSwitchTimerLists)
    prvSwitchTimerLists                      0x08005bf5   Thumb Code   154  timers.o(i.prvSwitchTimerLists)
    i.prvTaskExitError                       0x08005c98   Section        0  port.o(i.prvTaskExitError)
    prvTaskExitError                         0x08005c99   Thumb Code    60  port.o(i.prvTaskExitError)
    i.prvTimerTask                           0x08005cd8   Section        0  timers.o(i.prvTimerTask)
    prvTimerTask                             0x08005cd9   Thumb Code    26  timers.o(i.prvTimerTask)
    i.prvUnlockQueue                         0x08005cf2   Section        0  queue.o(i.prvUnlockQueue)
    prvUnlockQueue                           0x08005cf3   Thumb Code   126  queue.o(i.prvUnlockQueue)
    i.pvPortMalloc                           0x08005d70   Section        0  heap_4.o(i.pvPortMalloc)
    i.pxPortInitialiseStack                  0x08005eac   Section        0  port.o(i.pxPortInitialiseStack)
    i.stdout_putchar                         0x08005ed8   Section        0  retarget_io.o(i.stdout_putchar)
    stdout_putchar                           0x08005ed9   Thumb Code    12  retarget_io.o(i.stdout_putchar)
    i.uxListRemove                           0x08005ee4   Section        0  list.o(i.uxListRemove)
    i.vApplicationGetIdleTaskMemory          0x08005f0c   Section        0  cmsis_os2.o(i.vApplicationGetIdleTaskMemory)
    i.vApplicationGetTimerTaskMemory         0x08005f24   Section        0  cmsis_os2.o(i.vApplicationGetTimerTaskMemory)
    i.vListInitialise                        0x08005f3c   Section        0  list.o(i.vListInitialise)
    i.vListInitialiseItem                    0x08005f56   Section        0  list.o(i.vListInitialiseItem)
    i.vListInsert                            0x08005f5c   Section        0  list.o(i.vListInsert)
    i.vListInsertEnd                         0x08005f90   Section        0  list.o(i.vListInsertEnd)
    i.vPortEnterCritical                     0x08005fa8   Section        0  port.o(i.vPortEnterCritical)
    i.vPortExitCritical                      0x08005ffc   Section        0  port.o(i.vPortExitCritical)
    i.vPortFree                              0x08006038   Section        0  heap_4.o(i.vPortFree)
    i.vPortSetupTimerInterrupt               0x080060cc   Section        0  port.o(i.vPortSetupTimerInterrupt)
    i.vPortValidateInterruptPriority         0x080060f4   Section        0  port.o(i.vPortValidateInterruptPriority)
    i.vQueueAddToRegistry                    0x0800616c   Section        0  queue.o(i.vQueueAddToRegistry)
    i.vQueueWaitForMessageRestricted         0x08006198   Section        0  queue.o(i.vQueueWaitForMessageRestricted)
    i.vTaskDelay                             0x080061e4   Section        0  tasks.o(i.vTaskDelay)
    i.vTaskInternalSetTimeOutState           0x08006240   Section        0  tasks.o(i.vTaskInternalSetTimeOutState)
    i.vTaskMissedYield                       0x08006258   Section        0  tasks.o(i.vTaskMissedYield)
    i.vTaskPlaceOnEventList                  0x08006264   Section        0  tasks.o(i.vTaskPlaceOnEventList)
    i.vTaskPlaceOnEventListRestricted        0x0800629c   Section        0  tasks.o(i.vTaskPlaceOnEventListRestricted)
    i.vTaskStartScheduler                    0x080062dc   Section        0  tasks.o(i.vTaskStartScheduler)
    i.vTaskSuspendAll                        0x08006394   Section        0  tasks.o(i.vTaskSuspendAll)
    i.vTaskSwitchContext                     0x080063a4   Section        0  tasks.o(i.vTaskSwitchContext)
    i.xPortStartScheduler                    0x08006434   Section        0  port.o(i.xPortStartScheduler)
    i.xPortSysTickHandler                    0x0800659c   Section        0  port.o(i.xPortSysTickHandler)
    i.xQueueGenericCreate                    0x080065d0   Section        0  queue.o(i.xQueueGenericCreate)
    i.xQueueGenericCreateStatic              0x08006630   Section        0  queue.o(i.xQueueGenericCreateStatic)
    i.xQueueGenericReset                     0x08006710   Section        0  queue.o(i.xQueueGenericReset)
    i.xQueueGenericSend                      0x080067a8   Section        0  queue.o(i.xQueueGenericSend)
    i.xQueueGenericSendFromISR               0x08006950   Section        0  queue.o(i.xQueueGenericSendFromISR)
    i.xQueueReceive                          0x08006a50   Section        0  queue.o(i.xQueueReceive)
    i.xQueueReceiveFromISR                   0x08006bb8   Section        0  queue.o(i.xQueueReceiveFromISR)
    i.xTaskCheckForTimeOut                   0x08006c88   Section        0  tasks.o(i.xTaskCheckForTimeOut)
    i.xTaskCreate                            0x08006d14   Section        0  tasks.o(i.xTaskCreate)
    i.xTaskCreateStatic                      0x08006d7e   Section        0  tasks.o(i.xTaskCreateStatic)
    i.xTaskGetSchedulerState                 0x08006e40   Section        0  tasks.o(i.xTaskGetSchedulerState)
    i.xTaskGetTickCount                      0x08006e60   Section        0  tasks.o(i.xTaskGetTickCount)
    i.xTaskIncrementTick                     0x08006e6c   Section        0  tasks.o(i.xTaskIncrementTick)
    i.xTaskPriorityDisinherit                0x08006fb0   Section        0  tasks.o(i.xTaskPriorityDisinherit)
    i.xTaskRemoveFromEventList               0x08007054   Section        0  tasks.o(i.xTaskRemoveFromEventList)
    i.xTaskResumeAll                         0x080070ec   Section        0  tasks.o(i.xTaskResumeAll)
    i.xTimerCreateTimerTask                  0x080071f0   Section        0  timers.o(i.xTimerCreateTimerTask)
    i.xTimerGenericCommand                   0x08007268   Section        0  timers.o(i.xTimerGenericCommand)
    .constdata                               0x080072ec   Section       36  main.o(.constdata)
    .constdata                               0x08007310   Section     4836  gsm.o(.constdata)
    .constdata                               0x080085f4   Section       72  system_stm32l4xx.o(.constdata)
    .constdata                               0x0800863c   Section      129  ctype_o.o(.constdata)
    .constdata                               0x080086c0   Section        4  ctype_o.o(.constdata)
    table                                    0x080086c0   Data           4  ctype_o.o(.constdata)
    .conststring                             0x080086c4   Section       12  main.o(.conststring)
    .conststring                             0x080086d0   Section        8  gsm.o(.conststring)
    .data                                    0x20000000   Section        5  main.o(.data)
    cnt                                      0x20000004   Data           1  main.o(.data)
    .data                                    0x20000008   Section       16  gsm.o(.data)
    .data                                    0x20000018   Section        4  system_stm32l4xx.o(.data)
    .data                                    0x2000001c   Section        9  stm32l4xx_hal.o(.data)
    .data                                    0x20000028   Section       60  tasks.o(.data)
    pxDelayedTaskList                        0x2000002c   Data           4  tasks.o(.data)
    pxOverflowDelayedTaskList                0x20000030   Data           4  tasks.o(.data)
    uxDeletedTasksWaitingCleanUp             0x20000034   Data           4  tasks.o(.data)
    uxCurrentNumberOfTasks                   0x20000038   Data           4  tasks.o(.data)
    xTickCount                               0x2000003c   Data           4  tasks.o(.data)
    uxTopReadyPriority                       0x20000040   Data           4  tasks.o(.data)
    xSchedulerRunning                        0x20000044   Data           4  tasks.o(.data)
    uxPendedTicks                            0x20000048   Data           4  tasks.o(.data)
    xYieldPending                            0x2000004c   Data           4  tasks.o(.data)
    xNumOfOverflows                          0x20000050   Data           4  tasks.o(.data)
    uxTaskNumber                             0x20000054   Data           4  tasks.o(.data)
    xNextTaskUnblockTime                     0x20000058   Data           4  tasks.o(.data)
    xIdleTaskHandle                          0x2000005c   Data           4  tasks.o(.data)
    uxSchedulerSuspended                     0x20000060   Data           4  tasks.o(.data)
    .data                                    0x20000064   Section       20  timers.o(.data)
    pxCurrentTimerList                       0x20000064   Data           4  timers.o(.data)
    pxOverflowTimerList                      0x20000068   Data           4  timers.o(.data)
    xTimerQueue                              0x2000006c   Data           4  timers.o(.data)
    xTimerTaskHandle                         0x20000070   Data           4  timers.o(.data)
    xLastTime                                0x20000074   Data           4  timers.o(.data)
    .data                                    0x20000078   Section        4  cmsis_os2.o(.data)
    KernelState                              0x20000078   Data           4  cmsis_os2.o(.data)
    .data                                    0x2000007c   Section       24  heap_4.o(.data)
    xStart                                   0x2000007c   Data           8  heap_4.o(.data)
    pxEnd                                    0x20000084   Data           4  heap_4.o(.data)
    xFreeBytesRemaining                      0x20000088   Data           4  heap_4.o(.data)
    xMinimumEverFreeBytesRemaining           0x2000008c   Data           4  heap_4.o(.data)
    xBlockAllocatedBit                       0x20000090   Data           4  heap_4.o(.data)
    .data                                    0x20000094   Section       12  port.o(.data)
    uxCriticalNesting                        0x20000094   Data           4  port.o(.data)
    ucMaxSysCallPriority                     0x20000098   Data           1  port.o(.data)
    ulMaxPRIGROUPValue                       0x2000009c   Data           4  port.o(.data)
    .data                                    0x200000a0   Section        4  stdout.o(.data)
    .bss                                     0x200000a4   Section     1416  main.o(.bss)
    hexStr                                   0x2000052c   Data         256  main.o(.bss)
    .bss                                     0x2000062c   Section      352  gsm.o(.bss)
    msg_tcp_rx                               0x20000704   Data          68  gsm.o(.bss)
    msg_tcp_tx                               0x20000748   Data          68  gsm.o(.bss)
    .bss                                     0x2000078c   Section      272  usart.o(.bss)
    .bss                                     0x2000089c   Section       64  queue.o(.bss)
    .bss                                     0x200008dc   Section     1220  tasks.o(.bss)
    pxReadyTasksLists                        0x200008dc   Data        1120  tasks.o(.bss)
    xDelayedTaskList1                        0x20000d3c   Data          20  tasks.o(.bss)
    xDelayedTaskList2                        0x20000d50   Data          20  tasks.o(.bss)
    xPendingReadyList                        0x20000d64   Data          20  tasks.o(.bss)
    xTasksWaitingTermination                 0x20000d78   Data          20  tasks.o(.bss)
    xSuspendedTaskList                       0x20000d8c   Data          20  tasks.o(.bss)
    .bss                                     0x20000da0   Section      280  timers.o(.bss)
    xActiveTimerList1                        0x20000da0   Data          20  timers.o(.bss)
    xActiveTimerList2                        0x20000db4   Data          20  timers.o(.bss)
    xStaticTimerQueue                        0x20000dc8   Data          80  timers.o(.bss)
    ucStaticTimerQueueStorage                0x20000e18   Data         160  timers.o(.bss)
    .bss                                     0x20000eb8   Section     1720  cmsis_os2.o(.bss)
    Idle_TCB                                 0x20000eb8   Data          92  cmsis_os2.o(.bss)
    Idle_Stack                               0x20000f14   Data         512  cmsis_os2.o(.bss)
    Timer_TCB                                0x20001114   Data          92  cmsis_os2.o(.bss)
    Timer_Stack                              0x20001170   Data        1024  cmsis_os2.o(.bss)
    .bss                                     0x20001570   Section     3000  heap_4.o(.bss)
    ucHeap                                   0x20001570   Data        3000  heap_4.o(.bss)
    STACK                                    0x20002128   Section     1024  startup_stm32l496xx.o(STACK)

    Global Symbols

    Symbol Name                              Value     Ov Type        Size  Object(Section)

    BuildAttributes$$THM_ISAv4$E$P$D$K$B$S$7EM$VFPi3$EXTD16$VFPS$VFMA$PE$A:L22UL41UL21$X:L11$S22US41US21$IEEE1$IW$USESV6$~STKCKD$USESV7$~SHL$OSPACE$ROPI$EBA8$MICROLIB$REQ8$PRES8$EABIv2 0x00000000   Number         0  anon$$obj.o ABSOLUTE
    __ARM_use_no_argv                        0x00000000   Number         0  main.o ABSOLUTE
    _printf_a                                0x00000000   Number         0  stubs.o ABSOLUTE
    _printf_c                                0x00000000   Number         0  stubs.o ABSOLUTE
    _printf_charcount                        0x00000000   Number         0  stubs.o ABSOLUTE
    _printf_d                                0x00000000   Number         0  stubs.o ABSOLUTE
    _printf_e                                0x00000000   Number         0  stubs.o ABSOLUTE
    _printf_f                                0x00000000   Number         0  stubs.o ABSOLUTE
    _printf_flags                            0x00000000   Number         0  stubs.o ABSOLUTE
    _printf_fp_dec                           0x00000000   Number         0  stubs.o ABSOLUTE
    _printf_fp_hex                           0x00000000   Number         0  stubs.o ABSOLUTE
    _printf_g                                0x00000000   Number         0  stubs.o ABSOLUTE
    _printf_i                                0x00000000   Number         0  stubs.o ABSOLUTE
    _printf_int_dec                          0x00000000   Number         0  stubs.o ABSOLUTE
    _printf_l                                0x00000000   Number         0  stubs.o ABSOLUTE
    _printf_lc                               0x00000000   Number         0  stubs.o ABSOLUTE
    _printf_ll                               0x00000000   Number         0  stubs.o ABSOLUTE
    _printf_lld                              0x00000000   Number         0  stubs.o ABSOLUTE
    _printf_lli                              0x00000000   Number         0  stubs.o ABSOLUTE
    _printf_llo                              0x00000000   Number         0  stubs.o ABSOLUTE
    _printf_llu                              0x00000000   Number         0  stubs.o ABSOLUTE
    _printf_llx                              0x00000000   Number         0  stubs.o ABSOLUTE
    _printf_longlong_dec                     0x00000000   Number         0  stubs.o ABSOLUTE
    _printf_longlong_hex                     0x00000000   Number         0  stubs.o ABSOLUTE
    _printf_longlong_oct                     0x00000000   Number         0  stubs.o ABSOLUTE
    _printf_ls                               0x00000000   Number         0  stubs.o ABSOLUTE
    _printf_mbtowc                           0x00000000   Number         0  stubs.o ABSOLUTE
    _printf_n                                0x00000000   Number         0  stubs.o ABSOLUTE
    _printf_o                                0x00000000   Number         0  stubs.o ABSOLUTE
    _printf_p                                0x00000000   Number         0  stubs.o ABSOLUTE
    _printf_percent                          0x00000000   Number         0  stubs.o ABSOLUTE
    _printf_pre_padding                      0x00000000   Number         0  stubs.o ABSOLUTE
    _printf_return_value                     0x00000000   Number         0  stubs.o ABSOLUTE
    _printf_s                                0x00000000   Number         0  stubs.o ABSOLUTE
    _printf_sizespec                         0x00000000   Number         0  stubs.o ABSOLUTE
    _printf_str                              0x00000000   Number         0  stubs.o ABSOLUTE
    _printf_truncate_signed                  0x00000000   Number         0  stubs.o ABSOLUTE
    _printf_truncate_unsigned                0x00000000   Number         0  stubs.o ABSOLUTE
    _printf_u                                0x00000000   Number         0  stubs.o ABSOLUTE
    _printf_wc                               0x00000000   Number         0  stubs.o ABSOLUTE
    _printf_wctomb                           0x00000000   Number         0  stubs.o ABSOLUTE
    _printf_widthprec                        0x00000000   Number         0  stubs.o ABSOLUTE
    _printf_x                                0x00000000   Number         0  stubs.o ABSOLUTE
    __cpp_initialize__aeabi_                  - Undefined Weak Reference
    __cxa_finalize                            - Undefined Weak Reference
    __decompress                              - Undefined Weak Reference
    _clock_init                               - Undefined Weak Reference
    _microlib_exit                            - Undefined Weak Reference
    _scanf_longlong                           - Undefined Weak Reference
    _scanf_real                               - Undefined Weak Reference
    _scanf_string                             - Undefined Weak Reference
    __Vectors_Size                           0x000001ac   Number         0  startup_stm32l496xx.o ABSOLUTE
    __Vectors                                0x08000000   Data           4  startup_stm32l496xx.o(RESET)
    __Vectors_End                            0x080001ac   Data           0  startup_stm32l496xx.o(RESET)
    __main                                   0x080001ad   Thumb Code     0  entry.o(.ARM.Collect$$$$00000000)
    _main_stk                                0x080001ad   Thumb Code     0  entry2.o(.ARM.Collect$$$$00000001)
    _main_scatterload                        0x080001b1   Thumb Code     0  entry5.o(.ARM.Collect$$$$00000004)
    __main_after_scatterload                 0x080001b5   Thumb Code     0  entry5.o(.ARM.Collect$$$$00000004)
    _main_clock                              0x080001b5   Thumb Code     0  entry7b.o(.ARM.Collect$$$$00000008)
    _main_cpp_init                           0x080001b5   Thumb Code     0  entry8b.o(.ARM.Collect$$$$0000000A)
    _main_init                               0x080001b5   Thumb Code     0  entry9a.o(.ARM.Collect$$$$0000000B)
    __rt_final_cpp                           0x080001bd   Thumb Code     0  entry10a.o(.ARM.Collect$$$$0000000D)
    __rt_final_exit                          0x080001bd   Thumb Code     0  entry11a.o(.ARM.Collect$$$$0000000F)
    SVC_Handler                              0x080001c1   Thumb Code    28  port.o(.emb_text)
    __asm___6_port_c_39a90d8d__prvStartFirstTask 0x080001e1   Thumb Code    36  port.o(.emb_text)
    __asm___6_port_c_39a90d8d__prvEnableVFP  0x08000209   Thumb Code    16  port.o(.emb_text)
    PendSV_Handler                           0x0800021d   Thumb Code    88  port.o(.emb_text)
    vPortGetIPSR                             0x08000279   Thumb Code     6  port.o(.emb_text)
    Reset_Handler                            0x080002a1   Thumb Code     8  startup_stm32l496xx.o(.text)
    ADC1_2_IRQHandler                        0x080002bb   Thumb Code     0  startup_stm32l496xx.o(.text)
    ADC3_IRQHandler                          0x080002bb   Thumb Code     0  startup_stm32l496xx.o(.text)
    CAN1_RX0_IRQHandler                      0x080002bb   Thumb Code     0  startup_stm32l496xx.o(.text)
    CAN1_RX1_IRQHandler                      0x080002bb   Thumb Code     0  startup_stm32l496xx.o(.text)
    CAN1_SCE_IRQHandler                      0x080002bb   Thumb Code     0  startup_stm32l496xx.o(.text)
    CAN1_TX_IRQHandler                       0x080002bb   Thumb Code     0  startup_stm32l496xx.o(.text)
    CAN2_RX0_IRQHandler                      0x080002bb   Thumb Code     0  startup_stm32l496xx.o(.text)
    CAN2_RX1_IRQHandler                      0x080002bb   Thumb Code     0  startup_stm32l496xx.o(.text)
    CAN2_SCE_IRQHandler                      0x080002bb   Thumb Code     0  startup_stm32l496xx.o(.text)
    CAN2_TX_IRQHandler                       0x080002bb   Thumb Code     0  startup_stm32l496xx.o(.text)
    COMP_IRQHandler                          0x080002bb   Thumb Code     0  startup_stm32l496xx.o(.text)
    CRS_IRQHandler                           0x080002bb   Thumb Code     0  startup_stm32l496xx.o(.text)
    DCMI_IRQHandler                          0x080002bb   Thumb Code     0  startup_stm32l496xx.o(.text)
    DFSDM1_FLT0_IRQHandler                   0x080002bb   Thumb Code     0  startup_stm32l496xx.o(.text)
    DFSDM1_FLT1_IRQHandler                   0x080002bb   Thumb Code     0  startup_stm32l496xx.o(.text)
    DFSDM1_FLT2_IRQHandler                   0x080002bb   Thumb Code     0  startup_stm32l496xx.o(.text)
    DFSDM1_FLT3_IRQHandler                   0x080002bb   Thumb Code     0  startup_stm32l496xx.o(.text)
    DMA1_Channel1_IRQHandler                 0x080002bb   Thumb Code     0  startup_stm32l496xx.o(.text)
    DMA1_Channel4_IRQHandler                 0x080002bb   Thumb Code     0  startup_stm32l496xx.o(.text)
    DMA1_Channel5_IRQHandler                 0x080002bb   Thumb Code     0  startup_stm32l496xx.o(.text)
    DMA1_Channel6_IRQHandler                 0x080002bb   Thumb Code     0  startup_stm32l496xx.o(.text)
    DMA1_Channel7_IRQHandler                 0x080002bb   Thumb Code     0  startup_stm32l496xx.o(.text)
    DMA2D_IRQHandler                         0x080002bb   Thumb Code     0  startup_stm32l496xx.o(.text)
    DMA2_Channel1_IRQHandler                 0x080002bb   Thumb Code     0  startup_stm32l496xx.o(.text)
    DMA2_Channel2_IRQHandler                 0x080002bb   Thumb Code     0  startup_stm32l496xx.o(.text)
    DMA2_Channel3_IRQHandler                 0x080002bb   Thumb Code     0  startup_stm32l496xx.o(.text)
    DMA2_Channel4_IRQHandler                 0x080002bb   Thumb Code     0  startup_stm32l496xx.o(.text)
    DMA2_Channel5_IRQHandler                 0x080002bb   Thumb Code     0  startup_stm32l496xx.o(.text)
    DMA2_Channel6_IRQHandler                 0x080002bb   Thumb Code     0  startup_stm32l496xx.o(.text)
    DMA2_Channel7_IRQHandler                 0x080002bb   Thumb Code     0  startup_stm32l496xx.o(.text)
    EXTI0_IRQHandler                         0x080002bb   Thumb Code     0  startup_stm32l496xx.o(.text)
    EXTI15_10_IRQHandler                     0x080002bb   Thumb Code     0  startup_stm32l496xx.o(.text)
    EXTI1_IRQHandler                         0x080002bb   Thumb Code     0  startup_stm32l496xx.o(.text)
    EXTI2_IRQHandler                         0x080002bb   Thumb Code     0  startup_stm32l496xx.o(.text)
    EXTI3_IRQHandler                         0x080002bb   Thumb Code     0  startup_stm32l496xx.o(.text)
    EXTI4_IRQHandler                         0x080002bb   Thumb Code     0  startup_stm32l496xx.o(.text)
    EXTI9_5_IRQHandler                       0x080002bb   Thumb Code     0  startup_stm32l496xx.o(.text)
    FLASH_IRQHandler                         0x080002bb   Thumb Code     0  startup_stm32l496xx.o(.text)
    FMC_IRQHandler                           0x080002bb   Thumb Code     0  startup_stm32l496xx.o(.text)
    FPU_IRQHandler                           0x080002bb   Thumb Code     0  startup_stm32l496xx.o(.text)
    I2C1_ER_IRQHandler                       0x080002bb   Thumb Code     0  startup_stm32l496xx.o(.text)
    I2C1_EV_IRQHandler                       0x080002bb   Thumb Code     0  startup_stm32l496xx.o(.text)
    I2C2_ER_IRQHandler                       0x080002bb   Thumb Code     0  startup_stm32l496xx.o(.text)
    I2C2_EV_IRQHandler                       0x080002bb   Thumb Code     0  startup_stm32l496xx.o(.text)
    I2C3_ER_IRQHandler                       0x080002bb   Thumb Code     0  startup_stm32l496xx.o(.text)
    I2C3_EV_IRQHandler                       0x080002bb   Thumb Code     0  startup_stm32l496xx.o(.text)
    I2C4_ER_IRQHandler                       0x080002bb   Thumb Code     0  startup_stm32l496xx.o(.text)
    I2C4_EV_IRQHandler                       0x080002bb   Thumb Code     0  startup_stm32l496xx.o(.text)
    LCD_IRQHandler                           0x080002bb   Thumb Code     0  startup_stm32l496xx.o(.text)
    LPTIM1_IRQHandler                        0x080002bb   Thumb Code     0  startup_stm32l496xx.o(.text)
    LPTIM2_IRQHandler                        0x080002bb   Thumb Code     0  startup_stm32l496xx.o(.text)
    LPUART1_IRQHandler                       0x080002bb   Thumb Code     0  startup_stm32l496xx.o(.text)
    OTG_FS_IRQHandler                        0x080002bb   Thumb Code     0  startup_stm32l496xx.o(.text)
    PVD_PVM_IRQHandler                       0x080002bb   Thumb Code     0  startup_stm32l496xx.o(.text)
    QUADSPI_IRQHandler                       0x080002bb   Thumb Code     0  startup_stm32l496xx.o(.text)
    RCC_IRQHandler                           0x080002bb   Thumb Code     0  startup_stm32l496xx.o(.text)
    RNG_IRQHandler                           0x080002bb   Thumb Code     0  startup_stm32l496xx.o(.text)
    RTC_Alarm_IRQHandler                     0x080002bb   Thumb Code     0  startup_stm32l496xx.o(.text)
    RTC_WKUP_IRQHandler                      0x080002bb   Thumb Code     0  startup_stm32l496xx.o(.text)
    SAI1_IRQHandler                          0x080002bb   Thumb Code     0  startup_stm32l496xx.o(.text)
    SAI2_IRQHandler                          0x080002bb   Thumb Code     0  startup_stm32l496xx.o(.text)
    SDMMC1_IRQHandler                        0x080002bb   Thumb Code     0  startup_stm32l496xx.o(.text)
    SPI1_IRQHandler                          0x080002bb   Thumb Code     0  startup_stm32l496xx.o(.text)
    SPI2_IRQHandler                          0x080002bb   Thumb Code     0  startup_stm32l496xx.o(.text)
    SPI3_IRQHandler                          0x080002bb   Thumb Code     0  startup_stm32l496xx.o(.text)
    SWPMI1_IRQHandler                        0x080002bb   Thumb Code     0  startup_stm32l496xx.o(.text)
    TAMP_STAMP_IRQHandler                    0x080002bb   Thumb Code     0  startup_stm32l496xx.o(.text)
    TIM1_BRK_TIM15_IRQHandler                0x080002bb   Thumb Code     0  startup_stm32l496xx.o(.text)
    TIM1_CC_IRQHandler                       0x080002bb   Thumb Code     0  startup_stm32l496xx.o(.text)
    TIM1_TRG_COM_TIM17_IRQHandler            0x080002bb   Thumb Code     0  startup_stm32l496xx.o(.text)
    TIM1_UP_TIM16_IRQHandler                 0x080002bb   Thumb Code     0  startup_stm32l496xx.o(.text)
    TIM2_IRQHandler                          0x080002bb   Thumb Code     0  startup_stm32l496xx.o(.text)
    TIM3_IRQHandler                          0x080002bb   Thumb Code     0  startup_stm32l496xx.o(.text)
    TIM4_IRQHandler                          0x080002bb   Thumb Code     0  startup_stm32l496xx.o(.text)
    TIM5_IRQHandler                          0x080002bb   Thumb Code     0  startup_stm32l496xx.o(.text)
    TIM6_DAC_IRQHandler                      0x080002bb   Thumb Code     0  startup_stm32l496xx.o(.text)
    TIM7_IRQHandler                          0x080002bb   Thumb Code     0  startup_stm32l496xx.o(.text)
    TIM8_BRK_IRQHandler                      0x080002bb   Thumb Code     0  startup_stm32l496xx.o(.text)
    TIM8_CC_IRQHandler                       0x080002bb   Thumb Code     0  startup_stm32l496xx.o(.text)
    TIM8_TRG_COM_IRQHandler                  0x080002bb   Thumb Code     0  startup_stm32l496xx.o(.text)
    TIM8_UP_IRQHandler                       0x080002bb   Thumb Code     0  startup_stm32l496xx.o(.text)
    TSC_IRQHandler                           0x080002bb   Thumb Code     0  startup_stm32l496xx.o(.text)
    UART4_IRQHandler                         0x080002bb   Thumb Code     0  startup_stm32l496xx.o(.text)
    UART5_IRQHandler                         0x080002bb   Thumb Code     0  startup_stm32l496xx.o(.text)
    USART1_IRQHandler                        0x080002bb   Thumb Code     0  startup_stm32l496xx.o(.text)
    USART2_IRQHandler                        0x080002bb   Thumb Code     0  startup_stm32l496xx.o(.text)
    USART3_IRQHandler                        0x080002bb   Thumb Code     0  startup_stm32l496xx.o(.text)
    WWDG_IRQHandler                          0x080002bb   Thumb Code     0  startup_stm32l496xx.o(.text)
    __aeabi_uldivmod                         0x080002c5   Thumb Code    98  uldiv.o(.text)
    __rt_ctype_table                         0x0800032d   Thumb Code     4  ctype_o.o(.text)
    isspace                                  0x08000335   Thumb Code    18  isspace_o.o(.text)
    __aeabi_memcpy                           0x08000347   Thumb Code    36  memcpya.o(.text)
    __aeabi_memcpy4                          0x08000347   Thumb Code     0  memcpya.o(.text)
    __aeabi_memcpy8                          0x08000347   Thumb Code     0  memcpya.o(.text)
    __aeabi_memset                           0x0800036b   Thumb Code    14  memseta.o(.text)
    __aeabi_memset4                          0x0800036b   Thumb Code     0  memseta.o(.text)
    __aeabi_memset8                          0x0800036b   Thumb Code     0  memseta.o(.text)
    __aeabi_memclr                           0x08000379   Thumb Code     4  memseta.o(.text)
    __aeabi_memclr4                          0x08000379   Thumb Code     0  memseta.o(.text)
    __aeabi_memclr8                          0x08000379   Thumb Code     0  memseta.o(.text)
    memset                                   0x0800037d   Thumb Code    18  memseta.o(.text)
    strstr                                   0x0800038f   Thumb Code    36  strstr.o(.text)
    strlen                                   0x080003b3   Thumb Code    14  strlen.o(.text)
    memcmp                                   0x080003c1   Thumb Code    26  memcmp.o(.text)
    strcpy                                   0x080003db   Thumb Code    18  strcpy.o(.text)
    __0sscanf                                0x080003ed   Thumb Code    48  __0sscanf.o(.text)
    _scanf_int                               0x08000425   Thumb Code   332  _scanf_int.o(.text)
    __aeabi_uidiv                            0x08000577   Thumb Code     0  uidiv.o(.text)
    __aeabi_uidivmod                         0x08000577   Thumb Code    44  uidiv.o(.text)
    __aeabi_llsl                             0x080005a3   Thumb Code    30  llshl.o(.text)
    _ll_shift_l                              0x080005a3   Thumb Code     0  llshl.o(.text)
    __aeabi_llsr                             0x080005c1   Thumb Code    32  llushr.o(.text)
    _ll_ushift_r                             0x080005c1   Thumb Code     0  llushr.o(.text)
    _chval                                   0x080005e1   Thumb Code    28  _chval.o(.text)
    __vfscanf_char                           0x08000609   Thumb Code    20  scanf_char.o(.text)
    _sgetc                                   0x08000625   Thumb Code    30  _sgetc.o(.text)
    _sbackspace                              0x08000643   Thumb Code    34  _sgetc.o(.text)
    __scatterload                            0x08000665   Thumb Code    28  init.o(.text)
    __scatterload_rt2                        0x08000665   Thumb Code     0  init.o(.text)
    __vfscanf                                0x08000689   Thumb Code   808  _scanf.o(.text)
    BusFault_Handler                         0x080009bb   Thumb Code     4  stm32l4xx_it.o(i.BusFault_Handler)
    DMA1_Channel2_IRQHandler                 0x080009c1   Thumb Code    10  stm32l4xx_it.o(i.DMA1_Channel2_IRQHandler)
    DMA1_Channel3_IRQHandler                 0x080009d1   Thumb Code    10  stm32l4xx_it.o(i.DMA1_Channel3_IRQHandler)
    DebugMon_Handler                         0x08000a11   Thumb Code     2  stm32l4xx_it.o(i.DebugMon_Handler)
    Error_Handler                            0x08000a13   Thumb Code     2  main.o(i.Error_Handler)
    HAL_DMA_Abort                            0x08000a7d   Thumb Code    90  stm32l4xx_hal_dma.o(i.HAL_DMA_Abort)
    HAL_DMA_GetError                         0x08000ad7   Thumb Code     6  stm32l4xx_hal_dma.o(i.HAL_DMA_GetError)
    HAL_DMA_IRQHandler                       0x08000add   Thumb Code   254  stm32l4xx_hal_dma.o(i.HAL_DMA_IRQHandler)
    HAL_DMA_Init                             0x08000bdd   Thumb Code   258  stm32l4xx_hal_dma.o(i.HAL_DMA_Init)
    HAL_DMA_Start_IT                         0x08000ce9   Thumb Code   156  stm32l4xx_hal_dma.o(i.HAL_DMA_Start_IT)
    HAL_Delay                                0x08000d85   Thumb Code    36  stm32l4xx_hal.o(i.HAL_Delay)
    HAL_GPIO_Init                            0x08000dad   Thumb Code   458  stm32l4xx_hal_gpio.o(i.HAL_GPIO_Init)
    HAL_GPIO_ReadPin                         0x08000fa1   Thumb Code    16  stm32l4xx_hal_gpio.o(i.HAL_GPIO_ReadPin)
    HAL_GPIO_WritePin                        0x08000fb1   Thumb Code    10  stm32l4xx_hal_gpio.o(i.HAL_GPIO_WritePin)
    HAL_GetTick                              0x08000fbd   Thumb Code     6  stm32l4xx_hal.o(i.HAL_GetTick)
    HAL_IncTick                              0x08000fc9   Thumb Code    16  stm32l4xx_hal.o(i.HAL_IncTick)
    HAL_Init                                 0x08000fe1   Thumb Code    30  stm32l4xx_hal.o(i.HAL_Init)
    HAL_InitTick                             0x08001001   Thumb Code    74  stm32l4xx_hal.o(i.HAL_InitTick)
    HAL_MspInit                              0x08001059   Thumb Code    58  stm32l4xx_hal_msp.o(i.HAL_MspInit)
    HAL_NVIC_EnableIRQ                       0x08001099   Thumb Code    40  stm32l4xx_hal_cortex.o(i.HAL_NVIC_EnableIRQ)
    HAL_NVIC_SetPriority                     0x080010c1   Thumb Code   124  stm32l4xx_hal_cortex.o(i.HAL_NVIC_SetPriority)
    HAL_NVIC_SetPriorityGrouping             0x08001145   Thumb Code    32  stm32l4xx_hal_cortex.o(i.HAL_NVIC_SetPriorityGrouping)
    HAL_PCDEx_ActivateLPM                    0x0800116d   Thumb Code    36  stm32l4xx_hal_pcd_ex.o(i.HAL_PCDEx_ActivateLPM)
    HAL_PCD_Init                             0x08001195   Thumb Code   370  stm32l4xx_hal_pcd.o(i.HAL_PCD_Init)
    HAL_PCD_MspInit                          0x08001309   Thumb Code   194  stm32l4xx_hal_msp.o(i.HAL_PCD_MspInit)
    HAL_PWREx_ControlVoltageScaling          0x080013d1   Thumb Code   128  stm32l4xx_hal_pwr_ex.o(i.HAL_PWREx_ControlVoltageScaling)
    HAL_PWREx_EnableVddIO2                   0x0800145d   Thumb Code    14  stm32l4xx_hal_pwr_ex.o(i.HAL_PWREx_EnableVddIO2)
    HAL_PWREx_EnableVddUSB                   0x08001471   Thumb Code    14  stm32l4xx_hal_pwr_ex.o(i.HAL_PWREx_EnableVddUSB)
    HAL_PWREx_GetVoltageRange                0x08001485   Thumb Code    10  stm32l4xx_hal_pwr_ex.o(i.HAL_PWREx_GetVoltageRange)
    HAL_PWR_EnableBkUpAccess                 0x08001495   Thumb Code    14  stm32l4xx_hal_pwr.o(i.HAL_PWR_EnableBkUpAccess)
    HAL_RCCEx_EnableMSIPLLMode               0x080014a9   Thumb Code    14  stm32l4xx_hal_rcc_ex.o(i.HAL_RCCEx_EnableMSIPLLMode)
    HAL_RCCEx_PeriphCLKConfig                0x080014bd   Thumb Code  1268  stm32l4xx_hal_rcc_ex.o(i.HAL_RCCEx_PeriphCLKConfig)
    HAL_RCC_ClockConfig                      0x080019b5   Thumb Code   360  stm32l4xx_hal_rcc.o(i.HAL_RCC_ClockConfig)
    HAL_RCC_GetHCLKFreq                      0x08001b31   Thumb Code     6  stm32l4xx_hal_rcc.o(i.HAL_RCC_GetHCLKFreq)
    HAL_RCC_GetPCLK1Freq                     0x08001b3d   Thumb Code    26  stm32l4xx_hal_rcc.o(i.HAL_RCC_GetPCLK1Freq)
    HAL_RCC_GetPCLK2Freq                     0x08001b61   Thumb Code    26  stm32l4xx_hal_rcc.o(i.HAL_RCC_GetPCLK2Freq)
    HAL_RCC_GetSysClockFreq                  0x08001b85   Thumb Code   220  stm32l4xx_hal_rcc.o(i.HAL_RCC_GetSysClockFreq)
    HAL_RCC_OscConfig                        0x08001c71   Thumb Code  1890  stm32l4xx_hal_rcc.o(i.HAL_RCC_OscConfig)
    HAL_SYSTICK_Config                       0x080023e5   Thumb Code    52  stm32l4xx_hal_cortex.o(i.HAL_SYSTICK_Config)
    HAL_UART_Abort                           0x08002419   Thumb Code   190  stm32l4xx_hal_uart.o(i.HAL_UART_Abort)
    HAL_UART_ErrorCallback                   0x080024d7   Thumb Code     2  stm32l4xx_hal_uart.o(i.HAL_UART_ErrorCallback)
    HAL_UART_Init                            0x080024d9   Thumb Code   116  stm32l4xx_hal_uart.o(i.HAL_UART_Init)
    HAL_UART_MspInit                         0x0800254d   Thumb Code   316  stm32l4xx_hal_msp.o(i.HAL_UART_MspInit)
    HAL_UART_Receive_DMA                     0x080026a9   Thumb Code   180  stm32l4xx_hal_uart.o(i.HAL_UART_Receive_DMA)
    HAL_UART_RxCpltCallback                  0x08002769   Thumb Code     2  stm32l4xx_hal_uart.o(i.HAL_UART_RxCpltCallback)
    HAL_UART_RxHalfCpltCallback              0x0800276b   Thumb Code     2  stm32l4xx_hal_uart.o(i.HAL_UART_RxHalfCpltCallback)
    HAL_UART_Transmit_DMA                    0x0800276d   Thumb Code   166  stm32l4xx_hal_uart.o(i.HAL_UART_Transmit_DMA)
    HAL_UART_TxCpltCallback                  0x08002821   Thumb Code     2  stm32l4xx_hal_uart.o(i.HAL_UART_TxCpltCallback)
    HAL_UART_TxHalfCpltCallback              0x08002823   Thumb Code     2  stm32l4xx_hal_uart.o(i.HAL_UART_TxHalfCpltCallback)
    HardFault_Handler                        0x08002825   Thumb Code     4  stm32l4xx_it.o(i.HardFault_Handler)
    ITM_SendChar                             0x08002829   Thumb Code    42  retarget_io.o(i.ITM_SendChar)
    MX_DMA_Init                              0x08002859   Thumb Code    64  dma.o(i.MX_DMA_Init)
    MX_USART3_UART_Init                      0x08002a89   Thumb Code    56  usart.o(i.MX_USART3_UART_Init)
    MemManage_Handler                        0x08002b05   Thumb Code     4  stm32l4xx_it.o(i.MemManage_Handler)
    NMI_Handler                              0x08002b09   Thumb Code     2  stm32l4xx_it.o(i.NMI_Handler)
    StartDefaultTask                         0x08002e91   Thumb Code   138  main.o(i.StartDefaultTask)
    StartGsmTask                             0x08002f55   Thumb Code  3786  gsm.o(i.StartGsmTask)
    SysTick_Handler                          0x08003f51   Thumb Code    20  stm32l4xx_it.o(i.SysTick_Handler)
    SystemClock_Config                       0x08003f65   Thumb Code   212  main.o(i.SystemClock_Config)
    SystemInit                               0x0800403d   Thumb Code    68  system_stm32l4xx.o(i.SystemInit)
    UART_AdvFeatureConfig                    0x0800408d   Thumb Code   248  stm32l4xx_hal_uart.o(i.UART_AdvFeatureConfig)
    UART_CheckIdleState                      0x08004185   Thumb Code   110  stm32l4xx_hal_uart.o(i.UART_CheckIdleState)
    UART_SetConfig                           0x08004319   Thumb Code   852  stm32l4xx_hal_uart.o(i.UART_SetConfig)
    UART_WaitOnFlagUntilTimeout              0x08004697   Thumb Code   180  stm32l4xx_hal_uart.o(i.UART_WaitOnFlagUntilTimeout)
    USB_CoreInit                             0x0800474d   Thumb Code   106  stm32l4xx_ll_usb.o(i.USB_CoreInit)
    USB_DevDisconnect                        0x08004809   Thumb Code    36  stm32l4xx_ll_usb.o(i.USB_DevDisconnect)
    USB_DevInit                              0x0800482d   Thumb Code   430  stm32l4xx_ll_usb.o(i.USB_DevInit)
    USB_DisableGlobalInt                     0x080049e5   Thumb Code    14  stm32l4xx_ll_usb.o(i.USB_DisableGlobalInt)
    USB_FlushRxFifo                          0x080049f5   Thumb Code    38  stm32l4xx_ll_usb.o(i.USB_FlushRxFifo)
    USB_FlushTxFifo                          0x08004a21   Thumb Code    44  stm32l4xx_ll_usb.o(i.USB_FlushTxFifo)
    USB_SetCurrentMode                       0x08004a51   Thumb Code    54  stm32l4xx_ll_usb.o(i.USB_SetCurrentMode)
    USB_SetDevSpeed                          0x08004a87   Thumb Code    18  stm32l4xx_ll_usb.o(i.USB_SetDevSpeed)
    UsageFault_Handler                       0x08004a99   Thumb Code     4  stm32l4xx_it.o(i.UsageFault_Handler)
    __0printf$6                              0x08004a9d   Thumb Code    22  printf6.o(i.__0printf$6)
    __1printf$6                              0x08004a9d   Thumb Code     0  printf6.o(i.__0printf$6)
    __2printf                                0x08004a9d   Thumb Code     0  printf6.o(i.__0printf$6)
    __0sprintf$6                             0x08004abd   Thumb Code    34  printf6.o(i.__0sprintf$6)
    __1sprintf$6                             0x08004abd   Thumb Code     0  printf6.o(i.__0sprintf$6)
    __2sprintf                               0x08004abd   Thumb Code     0  printf6.o(i.__0sprintf$6)
    __scatterload_copy                       0x08004b2f   Thumb Code    14  handlers.o(i.__scatterload_copy)
    __scatterload_null                       0x08004b3d   Thumb Code     2  handlers.o(i.__scatterload_null)
    __scatterload_zeroinit                   0x08004b3f   Thumb Code    14  handlers.o(i.__scatterload_zeroinit)
    fputc                                    0x08004ea1   Thumb Code    26  retarget_io.o(i.fputc)
    hex2Str                                  0x08004ec1   Thumb Code    92  main.o(i.hex2Str)
    main                                     0x08004f35   Thumb Code    60  main.o(i.main)
    osDelay                                  0x08004f89   Thumb Code    50  cmsis_os2.o(i.osDelay)
    osKernelInitialize                       0x08004fc1   Thumb Code    58  cmsis_os2.o(i.osKernelInitialize)
    osKernelStart                            0x08005001   Thumb Code    68  cmsis_os2.o(i.osKernelStart)
    osMessageQueueGet                        0x08005049   Thumb Code   144  cmsis_os2.o(i.osMessageQueueGet)
    osMessageQueueNew                        0x080050e1   Thumb Code   176  cmsis_os2.o(i.osMessageQueueNew)
    osMessageQueuePut                        0x08005195   Thumb Code   148  cmsis_os2.o(i.osMessageQueuePut)
    osMessageQueueReset                      0x08005231   Thumb Code    60  cmsis_os2.o(i.osMessageQueueReset)
    osThreadNew                              0x08005271   Thumb Code   208  cmsis_os2.o(i.osThreadNew)
    pvPortMalloc                             0x08005d71   Thumb Code   296  heap_4.o(i.pvPortMalloc)
    pxPortInitialiseStack                    0x08005ead   Thumb Code    38  port.o(i.pxPortInitialiseStack)
    uxListRemove                             0x08005ee5   Thumb Code    40  list.o(i.uxListRemove)
    vApplicationGetIdleTaskMemory            0x08005f0d   Thumb Code    14  cmsis_os2.o(i.vApplicationGetIdleTaskMemory)
    vApplicationGetTimerTaskMemory           0x08005f25   Thumb Code    16  cmsis_os2.o(i.vApplicationGetTimerTaskMemory)
    vListInitialise                          0x08005f3d   Thumb Code    26  list.o(i.vListInitialise)
    vListInitialiseItem                      0x08005f57   Thumb Code     6  list.o(i.vListInitialiseItem)
    vListInsert                              0x08005f5d   Thumb Code    52  list.o(i.vListInsert)
    vListInsertEnd                           0x08005f91   Thumb Code    24  list.o(i.vListInsertEnd)
    vPortEnterCritical                       0x08005fa9   Thumb Code    76  port.o(i.vPortEnterCritical)
    vPortExitCritical                        0x08005ffd   Thumb Code    56  port.o(i.vPortExitCritical)
    vPortFree                                0x08006039   Thumb Code   140  heap_4.o(i.vPortFree)
    vPortSetupTimerInterrupt                 0x080060cd   Thumb Code    36  port.o(i.vPortSetupTimerInterrupt)
    vPortValidateInterruptPriority           0x080060f5   Thumb Code   106  port.o(i.vPortValidateInterruptPriority)
    vQueueAddToRegistry                      0x0800616d   Thumb Code    38  queue.o(i.vQueueAddToRegistry)
    vQueueWaitForMessageRestricted           0x08006199   Thumb Code    74  queue.o(i.vQueueWaitForMessageRestricted)
    vTaskDelay                               0x080061e5   Thumb Code    82  tasks.o(i.vTaskDelay)
    vTaskInternalSetTimeOutState             0x08006241   Thumb Code    14  tasks.o(i.vTaskInternalSetTimeOutState)
    vTaskMissedYield                         0x08006259   Thumb Code     8  tasks.o(i.vTaskMissedYield)
    vTaskPlaceOnEventList                    0x08006265   Thumb Code    52  tasks.o(i.vTaskPlaceOnEventList)
    vTaskPlaceOnEventListRestricted          0x0800629d   Thumb Code    60  tasks.o(i.vTaskPlaceOnEventListRestricted)
    vTaskStartScheduler                      0x080062dd   Thumb Code   156  tasks.o(i.vTaskStartScheduler)
    vTaskSuspendAll                          0x08006395   Thumb Code    12  tasks.o(i.vTaskSuspendAll)
    vTaskSwitchContext                       0x080063a5   Thumb Code   122  tasks.o(i.vTaskSwitchContext)
    xPortStartScheduler                      0x08006435   Thumb Code   330  port.o(i.xPortStartScheduler)
    xPortSysTickHandler                      0x0800659d   Thumb Code    46  port.o(i.xPortSysTickHandler)
    xQueueGenericCreate                      0x080065d1   Thumb Code    96  queue.o(i.xQueueGenericCreate)
    xQueueGenericCreateStatic                0x08006631   Thumb Code   224  queue.o(i.xQueueGenericCreateStatic)
    xQueueGenericReset                       0x08006711   Thumb Code   146  queue.o(i.xQueueGenericReset)
    xQueueGenericSend                        0x080067a9   Thumb Code   420  queue.o(i.xQueueGenericSend)
    xQueueGenericSendFromISR                 0x08006951   Thumb Code   248  queue.o(i.xQueueGenericSendFromISR)
    xQueueReceive                            0x08006a51   Thumb Code   356  queue.o(i.xQueueReceive)
    xQueueReceiveFromISR                     0x08006bb9   Thumb Code   202  queue.o(i.xQueueReceiveFromISR)
    xTaskCheckForTimeOut                     0x08006c89   Thumb Code   132  tasks.o(i.xTaskCheckForTimeOut)
    xTaskCreate                              0x08006d15   Thumb Code   100  tasks.o(i.xTaskCreate)
    xTaskCreateStatic                        0x08006d7f   Thumb Code   186  tasks.o(i.xTaskCreateStatic)
    xTaskGetSchedulerState                   0x08006e41   Thumb Code    24  tasks.o(i.xTaskGetSchedulerState)
    xTaskGetTickCount                        0x08006e61   Thumb Code     6  tasks.o(i.xTaskGetTickCount)
    xTaskIncrementTick                       0x08006e6d   Thumb Code   280  tasks.o(i.xTaskIncrementTick)
    xTaskPriorityDisinherit                  0x08006fb1   Thumb Code   152  tasks.o(i.xTaskPriorityDisinherit)
    xTaskRemoveFromEventList                 0x08007055   Thumb Code   126  tasks.o(i.xTaskRemoveFromEventList)
    xTaskResumeAll                           0x080070ed   Thumb Code   222  tasks.o(i.xTaskResumeAll)
    xTimerCreateTimerTask                    0x080071f1   Thumb Code   100  timers.o(i.xTimerCreateTimerTask)
    xTimerGenericCommand                     0x08007269   Thumb Code   128  timers.o(i.xTimerGenericCommand)
    defaultTask_attributes                   0x080072ec   Data          36  main.o(.constdata)
    gsmTask_attributes                       0x08007310   Data          36  gsm.o(.constdata)
    sGsmATStart                              0x08007334   Data        4200  gsm.o(.constdata)
    sGsmATStop                               0x0800839c   Data         600  gsm.o(.constdata)
    AHBPrescTable                            0x080085f4   Data          16  system_stm32l4xx.o(.constdata)
    APBPrescTable                            0x08008604   Data           8  system_stm32l4xx.o(.constdata)
    MSIRangeTable                            0x0800860c   Data          48  system_stm32l4xx.o(.constdata)
    __ctype_table                            0x0800863c   Data         129  ctype_o.o(.constdata)
    Region$$Table$$Base                      0x080086d8   Number         0  anon$$obj.o(Region$$Table)
    Region$$Table$$Limit                     0x080086f8   Number         0  anon$$obj.o(Region$$Table)
    defaultTaskHandle                        0x20000000   Data           4  main.o(.data)
    MsgTcpRx                                 0x20000008   Data           4  gsm.o(.data)
    MsgTcpTx                                 0x2000000c   Data           4  gsm.o(.data)
    MsgTcpStatus                             0x20000010   Data           4  gsm.o(.data)
    gsmTaskHandle                            0x20000014   Data           4  gsm.o(.data)
    SystemCoreClock                          0x20000018   Data           4  system_stm32l4xx.o(.data)
    uwTick                                   0x2000001c   Data           4  stm32l4xx_hal.o(.data)
    uwTickPrio                               0x20000020   Data           4  stm32l4xx_hal.o(.data)
    uwTickFreq                               0x20000024   Data           1  stm32l4xx_hal.o(.data)
    pxCurrentTCB                             0x20000028   Data           4  tasks.o(.data)
    __stdout                                 0x200000a0   Data           4  stdout.o(.data)
    hlpuart1                                 0x200000a4   Data         128  main.o(.bss)
    hpcd_USB_OTG_FS                          0x20000124   Data        1032  main.o(.bss)
    gsm                                      0x2000062c   Data         216  gsm.o(.bss)
    huart3                                   0x2000078c   Data         128  usart.o(.bss)
    hdma_usart3_rx                           0x2000080c   Data          72  usart.o(.bss)
    hdma_usart3_tx                           0x20000854   Data          72  usart.o(.bss)
    xQueueRegistry                           0x2000089c   Data          64  queue.o(.bss)
    __initial_sp                             0x20002528   Data           0  startup_stm32l496xx.o(STACK)



==============================================================================

Memory Map of the image

  Image Entry point : 0x080001ad

  Load Region LR_IROM1 (Base: 0x08000000, Size: 0x0000879c, Max: 0x00100000, ABSOLUTE)

    Execution Region ER_IROM1 (Exec base: 0x08000000, Load base: 0x08000000, Size: 0x000086f8, Max: 0x00100000, ABSOLUTE)

    Exec Addr    Load Addr    Size         Type   Attr      Idx    E Section Name        Object

    0x08000000   0x08000000   0x000001ac   Data   RO            3    RESET               startup_stm32l496xx.o
    0x080001ac   0x080001ac   0x00000000   Code   RO         4777  * .ARM.Collect$$$$00000000  mc_w.l(entry.o)
    0x080001ac   0x080001ac   0x00000004   Code   RO         5097    .ARM.Collect$$$$00000001  mc_w.l(entry2.o)
    0x080001b0   0x080001b0   0x00000004   Code   RO         5100    .ARM.Collect$$$$00000004  mc_w.l(entry5.o)
    0x080001b4   0x080001b4   0x00000000   Code   RO         5102    .ARM.Collect$$$$00000008  mc_w.l(entry7b.o)
    0x080001b4   0x080001b4   0x00000000   Code   RO         5104    .ARM.Collect$$$$0000000A  mc_w.l(entry8b.o)
    0x080001b4   0x080001b4   0x00000008   Code   RO         5105    .ARM.Collect$$$$0000000B  mc_w.l(entry9a.o)
    0x080001bc   0x080001bc   0x00000000   Code   RO         5107    .ARM.Collect$$$$0000000D  mc_w.l(entry10a.o)
    0x080001bc   0x080001bc   0x00000000   Code   RO         5109    .ARM.Collect$$$$0000000F  mc_w.l(entry11a.o)
    0x080001bc   0x080001bc   0x00000004   Code   RO         5098    .ARM.Collect$$$$00002712  mc_w.l(entry2.o)
    0x080001c0   0x080001c0   0x000000de   Code   RO         4631    .emb_text           port.o
    0x0800029e   0x0800029e   0x00000002   PAD
    0x080002a0   0x080002a0   0x00000024   Code   RO            4    .text               startup_stm32l496xx.o
    0x080002c4   0x080002c4   0x00000068   Code   RO         4786    .text               mc_w.l(uldiv.o)
    0x0800032c   0x0800032c   0x00000008   Code   RO         4788    .text               mc_w.l(ctype_o.o)
    0x08000334   0x08000334   0x00000012   Code   RO         4810    .text               mc_w.l(isspace_o.o)
    0x08000346   0x08000346   0x00000024   Code   RO         4816    .text               mc_w.l(memcpya.o)
    0x0800036a   0x0800036a   0x00000024   Code   RO         4820    .text               mc_w.l(memseta.o)
    0x0800038e   0x0800038e   0x00000024   Code   RO         4822    .text               mc_w.l(strstr.o)
    0x080003b2   0x080003b2   0x0000000e   Code   RO         4824    .text               mc_w.l(strlen.o)
    0x080003c0   0x080003c0   0x0000001a   Code   RO         4826    .text               mc_w.l(memcmp.o)
    0x080003da   0x080003da   0x00000012   Code   RO         4828    .text               mc_w.l(strcpy.o)
    0x080003ec   0x080003ec   0x00000038   Code   RO         5093    .text               mc_w.l(__0sscanf.o)
    0x08000424   0x08000424   0x00000152   Code   RO         5095    .text               mc_w.l(_scanf_int.o)
    0x08000576   0x08000576   0x0000002c   Code   RO         5111    .text               mc_w.l(uidiv.o)
    0x080005a2   0x080005a2   0x0000001e   Code   RO         5113    .text               mc_w.l(llshl.o)
    0x080005c0   0x080005c0   0x00000020   Code   RO         5115    .text               mc_w.l(llushr.o)
    0x080005e0   0x080005e0   0x0000001c   Code   RO         5117    .text               mc_w.l(_chval.o)
    0x080005fc   0x080005fc   0x00000028   Code   RO         5119    .text               mc_w.l(scanf_char.o)
    0x08000624   0x08000624   0x00000040   Code   RO         5121    .text               mc_w.l(_sgetc.o)
    0x08000664   0x08000664   0x00000024   Code   RO         5134    .text               mc_w.l(init.o)
    0x08000688   0x08000688   0x00000332   Code   RO         5140    .text               mc_w.l(_scanf.o)
    0x080009ba   0x080009ba   0x00000004   Code   RO          348    i.BusFault_Handler  stm32l4xx_it.o
    0x080009be   0x080009be   0x00000002   PAD
    0x080009c0   0x080009c0   0x00000010   Code   RO          349    i.DMA1_Channel2_IRQHandler  stm32l4xx_it.o
    0x080009d0   0x080009d0   0x00000010   Code   RO          350    i.DMA1_Channel3_IRQHandler  stm32l4xx_it.o
    0x080009e0   0x080009e0   0x00000030   Code   RO          889    i.DMA_SetConfig     stm32l4xx_hal_dma.o
    0x08000a10   0x08000a10   0x00000002   Code   RO          351    i.DebugMon_Handler  stm32l4xx_it.o
    0x08000a12   0x08000a12   0x00000002   Code   RO           13    i.Error_Handler     main.o
    0x08000a14   0x08000a14   0x00000068   Code   RO          234    i.GSM_Init          gsm.o
    0x08000a7c   0x08000a7c   0x0000005a   Code   RO          890    i.HAL_DMA_Abort     stm32l4xx_hal_dma.o
    0x08000ad6   0x08000ad6   0x00000006   Code   RO          893    i.HAL_DMA_GetError  stm32l4xx_hal_dma.o
    0x08000adc   0x08000adc   0x000000fe   Code   RO          895    i.HAL_DMA_IRQHandler  stm32l4xx_hal_dma.o
    0x08000bda   0x08000bda   0x00000002   PAD
    0x08000bdc   0x08000bdc   0x0000010c   Code   RO          896    i.HAL_DMA_Init      stm32l4xx_hal_dma.o
    0x08000ce8   0x08000ce8   0x0000009c   Code   RO          900    i.HAL_DMA_Start_IT  stm32l4xx_hal_dma.o
    0x08000d84   0x08000d84   0x00000028   Code   RO          522    i.HAL_Delay         stm32l4xx_hal.o
    0x08000dac   0x08000dac   0x000001f4   Code   RO         1243    i.HAL_GPIO_Init     stm32l4xx_hal_gpio.o
    0x08000fa0   0x08000fa0   0x00000010   Code   RO         1245    i.HAL_GPIO_ReadPin  stm32l4xx_hal_gpio.o
    0x08000fb0   0x08000fb0   0x0000000a   Code   RO         1247    i.HAL_GPIO_WritePin  stm32l4xx_hal_gpio.o
    0x08000fba   0x08000fba   0x00000002   PAD
    0x08000fbc   0x08000fbc   0x0000000c   Code   RO          526    i.HAL_GetTick       stm32l4xx_hal.o
    0x08000fc8   0x08000fc8   0x00000018   Code   RO          532    i.HAL_IncTick       stm32l4xx_hal.o
    0x08000fe0   0x08000fe0   0x0000001e   Code   RO          533    i.HAL_Init          stm32l4xx_hal.o
    0x08000ffe   0x08000ffe   0x00000002   PAD
    0x08001000   0x08001000   0x00000058   Code   RO          534    i.HAL_InitTick      stm32l4xx_hal.o
    0x08001058   0x08001058   0x00000040   Code   RO          299    i.HAL_MspInit       stm32l4xx_hal_msp.o
    0x08001098   0x08001098   0x00000028   Code   RO          754    i.HAL_NVIC_EnableIRQ  stm32l4xx_hal_cortex.o
    0x080010c0   0x080010c0   0x00000082   Code   RO          760    i.HAL_NVIC_SetPriority  stm32l4xx_hal_cortex.o
    0x08001142   0x08001142   0x00000002   PAD
    0x08001144   0x08001144   0x00000028   Code   RO          761    i.HAL_NVIC_SetPriorityGrouping  stm32l4xx_hal_cortex.o
    0x0800116c   0x0800116c   0x00000028   Code   RO         1532    i.HAL_PCDEx_ActivateLPM  stm32l4xx_hal_pcd_ex.o
    0x08001194   0x08001194   0x00000172   Code   RO         1327    i.HAL_PCD_Init      stm32l4xx_hal_pcd.o
    0x08001306   0x08001306   0x00000002   PAD
    0x08001308   0x08001308   0x000000c8   Code   RO          301    i.HAL_PCD_MspInit   stm32l4xx_hal_msp.o
    0x080013d0   0x080013d0   0x0000008c   Code   RO         1718    i.HAL_PWREx_ControlVoltageScaling  stm32l4xx_hal_pwr_ex.o
    0x0800145c   0x0800145c   0x00000014   Code   RO         1743    i.HAL_PWREx_EnableVddIO2  stm32l4xx_hal_pwr_ex.o
    0x08001470   0x08001470   0x00000014   Code   RO         1744    i.HAL_PWREx_EnableVddUSB  stm32l4xx_hal_pwr_ex.o
    0x08001484   0x08001484   0x00000010   Code   RO         1749    i.HAL_PWREx_GetVoltageRange  stm32l4xx_hal_pwr_ex.o
    0x08001494   0x08001494   0x00000014   Code   RO         1610    i.HAL_PWR_EnableBkUpAccess  stm32l4xx_hal_pwr.o
    0x080014a8   0x080014a8   0x00000014   Code   RO         2087    i.HAL_RCCEx_EnableMSIPLLMode  stm32l4xx_hal_rcc_ex.o
    0x080014bc   0x080014bc   0x000004f8   Code   RO         2094    i.HAL_RCCEx_PeriphCLKConfig  stm32l4xx_hal_rcc_ex.o
    0x080019b4   0x080019b4   0x0000017c   Code   RO         1970    i.HAL_RCC_ClockConfig  stm32l4xx_hal_rcc.o
    0x08001b30   0x08001b30   0x0000000c   Code   RO         1974    i.HAL_RCC_GetHCLKFreq  stm32l4xx_hal_rcc.o
    0x08001b3c   0x08001b3c   0x00000024   Code   RO         1976    i.HAL_RCC_GetPCLK1Freq  stm32l4xx_hal_rcc.o
    0x08001b60   0x08001b60   0x00000024   Code   RO         1977    i.HAL_RCC_GetPCLK2Freq  stm32l4xx_hal_rcc.o
    0x08001b84   0x08001b84   0x000000ec   Code   RO         1978    i.HAL_RCC_GetSysClockFreq  stm32l4xx_hal_rcc.o
    0x08001c70   0x08001c70   0x00000774   Code   RO         1981    i.HAL_RCC_OscConfig  stm32l4xx_hal_rcc.o
    0x080023e4   0x080023e4   0x00000034   Code   RO          765    i.HAL_SYSTICK_Config  stm32l4xx_hal_cortex.o
    0x08002418   0x08002418   0x000000be   Code   RO         2274    i.HAL_UART_Abort    stm32l4xx_hal_uart.o
    0x080024d6   0x080024d6   0x00000002   Code   RO         2289    i.HAL_UART_ErrorCallback  stm32l4xx_hal_uart.o
    0x080024d8   0x080024d8   0x00000074   Code   RO         2293    i.HAL_UART_Init     stm32l4xx_hal_uart.o
    0x0800254c   0x0800254c   0x0000015c   Code   RO          303    i.HAL_UART_MspInit  stm32l4xx_hal_msp.o
    0x080026a8   0x080026a8   0x000000c0   Code   RO         2297    i.HAL_UART_Receive_DMA  stm32l4xx_hal_uart.o
    0x08002768   0x08002768   0x00000002   Code   RO         2300    i.HAL_UART_RxCpltCallback  stm32l4xx_hal_uart.o
    0x0800276a   0x0800276a   0x00000002   Code   RO         2301    i.HAL_UART_RxHalfCpltCallback  stm32l4xx_hal_uart.o
    0x0800276c   0x0800276c   0x000000b4   Code   RO         2303    i.HAL_UART_Transmit_DMA  stm32l4xx_hal_uart.o
    0x08002820   0x08002820   0x00000002   Code   RO         2305    i.HAL_UART_TxCpltCallback  stm32l4xx_hal_uart.o
    0x08002822   0x08002822   0x00000002   Code   RO         2306    i.HAL_UART_TxHalfCpltCallback  stm32l4xx_hal_uart.o
    0x08002824   0x08002824   0x00000004   Code   RO          352    i.HardFault_Handler  stm32l4xx_it.o
    0x08002828   0x08002828   0x00000030   Code   RO         4709    i.ITM_SendChar      retarget_io.o
    0x08002858   0x08002858   0x00000044   Code   RO          424    i.MX_DMA_Init       dma.o
    0x0800289c   0x0800289c   0x000001a8   Code   RO           14    i.MX_GPIO_Init      main.o
    0x08002a44   0x08002a44   0x00000044   Code   RO           15    i.MX_LPUART1_UART_Init  main.o
    0x08002a88   0x08002a88   0x00000040   Code   RO          448    i.MX_USART3_UART_Init  usart.o
    0x08002ac8   0x08002ac8   0x0000003c   Code   RO           16    i.MX_USB_OTG_FS_PCD_Init  main.o
    0x08002b04   0x08002b04   0x00000004   Code   RO          353    i.MemManage_Handler  stm32l4xx_it.o
    0x08002b08   0x08002b08   0x00000002   Code   RO          354    i.NMI_Handler       stm32l4xx_it.o
    0x08002b0a   0x08002b0a   0x00000002   PAD
    0x08002b0c   0x08002b0c   0x00000188   Code   RO         2098    i.RCCEx_PLLSAI1_Config  stm32l4xx_hal_rcc_ex.o
    0x08002c94   0x08002c94   0x00000160   Code   RO         2099    i.RCCEx_PLLSAI2_Config  stm32l4xx_hal_rcc_ex.o
    0x08002df4   0x08002df4   0x0000009c   Code   RO         1982    i.RCC_SetFlashLatencyFromMSIRange  stm32l4xx_hal_rcc.o
    0x08002e90   0x08002e90   0x000000c4   Code   RO           17    i.StartDefaultTask  main.o
    0x08002f54   0x08002f54   0x00000ffc   Code   RO          235    i.StartGsmTask      gsm.o
    0x08003f50   0x08003f50   0x00000014   Code   RO          355    i.SysTick_Handler   stm32l4xx_it.o
    0x08003f64   0x08003f64   0x000000d8   Code   RO           18    i.SystemClock_Config  main.o
    0x0800403c   0x0800403c   0x00000050   Code   RO          479    i.SystemInit        system_stm32l4xx.o
    0x0800408c   0x0800408c   0x000000f8   Code   RO         2307    i.UART_AdvFeatureConfig  stm32l4xx_hal_uart.o
    0x08004184   0x08004184   0x0000006e   Code   RO         2308    i.UART_CheckIdleState  stm32l4xx_hal_uart.o
    0x080041f2   0x080041f2   0x00000056   Code   RO         2310    i.UART_DMAError     stm32l4xx_hal_uart.o
    0x08004248   0x08004248   0x00000046   Code   RO         2311    i.UART_DMAReceiveCplt  stm32l4xx_hal_uart.o
    0x0800428e   0x0800428e   0x0000000e   Code   RO         2313    i.UART_DMARxHalfCplt  stm32l4xx_hal_uart.o
    0x0800429c   0x0800429c   0x00000038   Code   RO         2315    i.UART_DMATransmitCplt  stm32l4xx_hal_uart.o
    0x080042d4   0x080042d4   0x0000000e   Code   RO         2317    i.UART_DMATxHalfCplt  stm32l4xx_hal_uart.o
    0x080042e2   0x080042e2   0x00000022   Code   RO         2319    i.UART_EndRxTransfer  stm32l4xx_hal_uart.o
    0x08004304   0x08004304   0x00000012   Code   RO         2321    i.UART_EndTxTransfer  stm32l4xx_hal_uart.o
    0x08004316   0x08004316   0x00000002   PAD
    0x08004318   0x08004318   0x0000037e   Code   RO         2324    i.UART_SetConfig    stm32l4xx_hal_uart.o
    0x08004696   0x08004696   0x000000b4   Code   RO         2327    i.UART_WaitOnFlagUntilTimeout  stm32l4xx_hal_uart.o
    0x0800474a   0x0800474a   0x00000002   PAD
    0x0800474c   0x0800474c   0x00000070   Code   RO         2720    i.USB_CoreInit      stm32l4xx_ll_usb.o
    0x080047bc   0x080047bc   0x0000004c   Code   RO         2721    i.USB_CoreReset     stm32l4xx_ll_usb.o
    0x08004808   0x08004808   0x00000024   Code   RO         2726    i.USB_DevDisconnect  stm32l4xx_ll_usb.o
    0x0800482c   0x0800482c   0x000001b8   Code   RO         2727    i.USB_DevInit       stm32l4xx_ll_usb.o
    0x080049e4   0x080049e4   0x0000000e   Code   RO         2728    i.USB_DisableGlobalInt  stm32l4xx_ll_usb.o
    0x080049f2   0x080049f2   0x00000002   PAD
    0x080049f4   0x080049f4   0x0000002c   Code   RO         2737    i.USB_FlushRxFifo   stm32l4xx_ll_usb.o
    0x08004a20   0x08004a20   0x00000030   Code   RO         2738    i.USB_FlushTxFifo   stm32l4xx_ll_usb.o
    0x08004a50   0x08004a50   0x00000036   Code   RO         2756    i.USB_SetCurrentMode  stm32l4xx_ll_usb.o
    0x08004a86   0x08004a86   0x00000012   Code   RO         2758    i.USB_SetDevSpeed   stm32l4xx_ll_usb.o
    0x08004a98   0x08004a98   0x00000004   Code   RO          356    i.UsageFault_Handler  stm32l4xx_it.o
    0x08004a9c   0x08004a9c   0x00000020   Code   RO         4987    i.__0printf$6       mc_w.l(printf6.o)
    0x08004abc   0x08004abc   0x00000028   Code   RO         4989    i.__0sprintf$6      mc_w.l(printf6.o)
    0x08004ae4   0x08004ae4   0x00000010   Code   RO          767    i.__NVIC_GetPriorityGrouping  stm32l4xx_hal_cortex.o
    0x08004af4   0x08004af4   0x00000028   Code   RO          768    i.__NVIC_SetPriority  stm32l4xx_hal_cortex.o
    0x08004b1c   0x08004b1c   0x00000006   Code   RO         4137    i.__get_BASEPRI     cmsis_os2.o
    0x08004b22   0x08004b22   0x00000006   Code   RO         4138    i.__get_IPSR        cmsis_os2.o
    0x08004b28   0x08004b28   0x00000006   Code   RO         4139    i.__get_PRIMASK     cmsis_os2.o
    0x08004b2e   0x08004b2e   0x0000000e   Code   RO         5149    i.__scatterload_copy  mc_w.l(handlers.o)
    0x08004b3c   0x08004b3c   0x00000002   Code   RO         5150    i.__scatterload_null  mc_w.l(handlers.o)
    0x08004b3e   0x08004b3e   0x0000000e   Code   RO         5151    i.__scatterload_zeroinit  mc_w.l(handlers.o)
    0x08004b4c   0x08004b4c   0x000002f6   Code   RO         4994    i._printf_core      mc_w.l(printf6.o)
    0x08004e42   0x08004e42   0x00000024   Code   RO         4995    i._printf_post_padding  mc_w.l(printf6.o)
    0x08004e66   0x08004e66   0x0000002e   Code   RO         4996    i._printf_pre_padding  mc_w.l(printf6.o)
    0x08004e94   0x08004e94   0x0000000a   Code   RO         4998    i._sputc            mc_w.l(printf6.o)
    0x08004e9e   0x08004e9e   0x00000002   PAD
    0x08004ea0   0x08004ea0   0x00000020   Code   RO         4714    i.fputc             retarget_io.o
    0x08004ec0   0x08004ec0   0x00000074   Code   RO           19    i.hex2Str           main.o
    0x08004f34   0x08004f34   0x00000054   Code   RO           20    i.main              main.o
    0x08004f88   0x08004f88   0x00000038   Code   RO         4140    i.osDelay           cmsis_os2.o
    0x08004fc0   0x08004fc0   0x00000040   Code   RO         4154    i.osKernelInitialize  cmsis_os2.o
    0x08005000   0x08005000   0x00000048   Code   RO         4157    i.osKernelStart     cmsis_os2.o
    0x08005048   0x08005048   0x00000098   Code   RO         4160    i.osMessageQueueGet  cmsis_os2.o
    0x080050e0   0x080050e0   0x000000b4   Code   RO         4165    i.osMessageQueueNew  cmsis_os2.o
    0x08005194   0x08005194   0x0000009c   Code   RO         4166    i.osMessageQueuePut  cmsis_os2.o
    0x08005230   0x08005230   0x00000040   Code   RO         4167    i.osMessageQueueReset  cmsis_os2.o
    0x08005270   0x08005270   0x000000d4   Code   RO         4190    i.osThreadNew       cmsis_os2.o
    0x08005344   0x08005344   0x0000007c   Code   RO         3597    i.prvAddCurrentTaskToDelayedList  tasks.o
    0x080053c0   0x080053c0   0x000000b8   Code   RO         3598    i.prvAddNewTaskToReadyList  tasks.o
    0x08005478   0x08005478   0x00000074   Code   RO         3961    i.prvCheckForValidListAndQueue  timers.o
    0x080054ec   0x080054ec   0x00000048   Code   RO         3599    i.prvCheckTasksWaitingTermination  tasks.o
    0x08005534   0x08005534   0x0000002a   Code   RO         3193    i.prvCopyDataFromQueue  queue.o
    0x0800555e   0x0800555e   0x0000007e   Code   RO         3194    i.prvCopyDataToQueue  queue.o
    0x080055dc   0x080055dc   0x00000050   Code   RO         3600    i.prvDeleteTCB      tasks.o
    0x0800562c   0x0800562c   0x00000028   Code   RO         3962    i.prvGetNextExpireTime  timers.o
    0x08005654   0x08005654   0x0000007c   Code   RO         4582    i.prvHeapInit       heap_4.o
    0x080056d0   0x080056d0   0x00000028   Code   RO         3601    i.prvIdleTask       tasks.o
    0x080056f8   0x080056f8   0x0000002a   Code   RO         3197    i.prvInitialiseNewQueue  queue.o
    0x08005722   0x08005722   0x000000c4   Code   RO         3602    i.prvInitialiseNewTask  tasks.o
    0x080057e6   0x080057e6   0x00000002   PAD
    0x080057e8   0x080057e8   0x00000068   Code   RO         3603    i.prvInitialiseTaskLists  tasks.o
    0x08005850   0x08005850   0x00000068   Code   RO         4583    i.prvInsertBlockIntoFreeList  heap_4.o
    0x080058b8   0x080058b8   0x00000058   Code   RO         3964    i.prvInsertTimerInActiveList  timers.o
    0x08005910   0x08005910   0x0000001a   Code   RO         3198    i.prvIsQueueEmpty   queue.o
    0x0800592a   0x0800592a   0x0000001e   Code   RO         3199    i.prvIsQueueFull    queue.o
    0x08005948   0x08005948   0x00000074   Code   RO         3965    i.prvProcessExpiredTimer  timers.o
    0x080059bc   0x080059bc   0x00000164   Code   RO         3966    i.prvProcessReceivedCommands  timers.o
    0x08005b20   0x08005b20   0x00000074   Code   RO         3967    i.prvProcessTimerOrBlockTask  timers.o
    0x08005b94   0x08005b94   0x00000034   Code   RO         3605    i.prvResetNextTaskUnblockTime  tasks.o
    0x08005bc8   0x08005bc8   0x0000002c   Code   RO         3968    i.prvSampleTimeNow  timers.o
    0x08005bf4   0x08005bf4   0x000000a4   Code   RO         3969    i.prvSwitchTimerLists  timers.o
    0x08005c98   0x08005c98   0x00000040   Code   RO         4632    i.prvTaskExitError  port.o
    0x08005cd8   0x08005cd8   0x0000001a   Code   RO         3970    i.prvTimerTask      timers.o
    0x08005cf2   0x08005cf2   0x0000007e   Code   RO         3200    i.prvUnlockQueue    queue.o
    0x08005d70   0x08005d70   0x0000013c   Code   RO         4584    i.pvPortMalloc      heap_4.o
    0x08005eac   0x08005eac   0x0000002c   Code   RO         4633    i.pxPortInitialiseStack  port.o
    0x08005ed8   0x08005ed8   0x0000000c   Code   RO         4715    i.stdout_putchar    retarget_io.o
    0x08005ee4   0x08005ee4   0x00000028   Code   RO         3153    i.uxListRemove      list.o
    0x08005f0c   0x08005f0c   0x00000018   Code   RO         4202    i.vApplicationGetIdleTaskMemory  cmsis_os2.o
    0x08005f24   0x08005f24   0x00000018   Code   RO         4203    i.vApplicationGetTimerTaskMemory  cmsis_os2.o
    0x08005f3c   0x08005f3c   0x0000001a   Code   RO         3154    i.vListInitialise   list.o
    0x08005f56   0x08005f56   0x00000006   Code   RO         3155    i.vListInitialiseItem  list.o
    0x08005f5c   0x08005f5c   0x00000034   Code   RO         3156    i.vListInsert       list.o
    0x08005f90   0x08005f90   0x00000018   Code   RO         3157    i.vListInsertEnd    list.o
    0x08005fa8   0x08005fa8   0x00000054   Code   RO         4635    i.vPortEnterCritical  port.o
    0x08005ffc   0x08005ffc   0x0000003c   Code   RO         4636    i.vPortExitCritical  port.o
    0x08006038   0x08006038   0x00000094   Code   RO         4585    i.vPortFree         heap_4.o
    0x080060cc   0x080060cc   0x00000028   Code   RO         4637    i.vPortSetupTimerInterrupt  port.o
    0x080060f4   0x080060f4   0x00000078   Code   RO         4638    i.vPortValidateInterruptPriority  port.o
    0x0800616c   0x0800616c   0x0000002c   Code   RO         3206    i.vQueueAddToRegistry  queue.o
    0x08006198   0x08006198   0x0000004a   Code   RO         3210    i.vQueueWaitForMessageRestricted  queue.o
    0x080061e2   0x080061e2   0x00000002   PAD
    0x080061e4   0x080061e4   0x0000005c   Code   RO         3617    i.vTaskDelay        tasks.o
    0x08006240   0x08006240   0x00000018   Code   RO         3622    i.vTaskInternalSetTimeOutState  tasks.o
    0x08006258   0x08006258   0x0000000c   Code   RO         3623    i.vTaskMissedYield  tasks.o
    0x08006264   0x08006264   0x00000038   Code   RO         3625    i.vTaskPlaceOnEventList  tasks.o
    0x0800629c   0x0800629c   0x00000040   Code   RO         3626    i.vTaskPlaceOnEventListRestricted  tasks.o
    0x080062dc   0x080062dc   0x000000b8   Code   RO         3634    i.vTaskStartScheduler  tasks.o
    0x08006394   0x08006394   0x00000010   Code   RO         3636    i.vTaskSuspendAll   tasks.o
    0x080063a4   0x080063a4   0x00000090   Code   RO         3637    i.vTaskSwitchContext  tasks.o
    0x08006434   0x08006434   0x00000168   Code   RO         4639    i.xPortStartScheduler  port.o
    0x0800659c   0x0800659c   0x00000034   Code   RO         4640    i.xPortSysTickHandler  port.o
    0x080065d0   0x080065d0   0x00000060   Code   RO         3215    i.xQueueGenericCreate  queue.o
    0x08006630   0x08006630   0x000000e0   Code   RO         3216    i.xQueueGenericCreateStatic  queue.o
    0x08006710   0x08006710   0x00000098   Code   RO         3217    i.xQueueGenericReset  queue.o
    0x080067a8   0x080067a8   0x000001a8   Code   RO         3218    i.xQueueGenericSend  queue.o
    0x08006950   0x08006950   0x000000fe   Code   RO         3219    i.xQueueGenericSendFromISR  queue.o
    0x08006a4e   0x08006a4e   0x00000002   PAD
    0x08006a50   0x08006a50   0x00000168   Code   RO         3228    i.xQueueReceive     queue.o
    0x08006bb8   0x08006bb8   0x000000d0   Code   RO         3229    i.xQueueReceiveFromISR  queue.o
    0x08006c88   0x08006c88   0x0000008c   Code   RO         3638    i.xTaskCheckForTimeOut  tasks.o
    0x08006d14   0x08006d14   0x0000006a   Code   RO         3639    i.xTaskCreate       tasks.o
    0x08006d7e   0x08006d7e   0x000000c0   Code   RO         3640    i.xTaskCreateStatic  tasks.o
    0x08006e3e   0x08006e3e   0x00000002   PAD
    0x08006e40   0x08006e40   0x00000020   Code   RO         3644    i.xTaskGetSchedulerState  tasks.o
    0x08006e60   0x08006e60   0x0000000c   Code   RO         3645    i.xTaskGetTickCount  tasks.o
    0x08006e6c   0x08006e6c   0x00000144   Code   RO         3647    i.xTaskIncrementTick  tasks.o
    0x08006fb0   0x08006fb0   0x000000a4   Code   RO         3650    i.xTaskPriorityDisinherit  tasks.o
    0x08007054   0x08007054   0x00000098   Code   RO         3652    i.xTaskRemoveFromEventList  tasks.o
    0x080070ec   0x080070ec   0x00000104   Code   RO         3653    i.xTaskResumeAll    tasks.o
    0x080071f0   0x080071f0   0x00000078   Code   RO         3978    i.xTimerCreateTimerTask  timers.o
    0x08007268   0x08007268   0x00000084   Code   RO         3979    i.xTimerGenericCommand  timers.o
    0x080072ec   0x080072ec   0x00000024   Data   RO           22    .constdata          main.o
    0x08007310   0x08007310   0x000012e4   Data   RO          237    .constdata          gsm.o
    0x080085f4   0x080085f4   0x00000048   Data   RO          480    .constdata          system_stm32l4xx.o
    0x0800863c   0x0800863c   0x00000081   Data   RO         4789    .constdata          mc_w.l(ctype_o.o)
    0x080086bd   0x080086bd   0x00000003   PAD
    0x080086c0   0x080086c0   0x00000004   Data   RO         4790    .constdata          mc_w.l(ctype_o.o)
    0x080086c4   0x080086c4   0x0000000c   Data   RO           23    .conststring        main.o
    0x080086d0   0x080086d0   0x00000008   Data   RO          238    .conststring        gsm.o
    0x080086d8   0x080086d8   0x00000020   Data   RO         5147    Region$$Table       anon$$obj.o


    Execution Region RW_IRAM1 (Exec base: 0x20000000, Load base: 0x080086f8, Size: 0x00002528, Max: 0x00040000, ABSOLUTE)

    Exec Addr    Load Addr    Size         Type   Attr      Idx    E Section Name        Object

    0x20000000   0x080086f8   0x00000005   Data   RW           24    .data               main.o
    0x20000005   0x080086fd   0x00000003   PAD
    0x20000008   0x08008700   0x00000010   Data   RW          239    .data               gsm.o
    0x20000018   0x08008710   0x00000004   Data   RW          481    .data               system_stm32l4xx.o
    0x2000001c   0x08008714   0x00000009   Data   RW          550    .data               stm32l4xx_hal.o
    0x20000025   0x0800871d   0x00000003   PAD
    0x20000028   0x08008720   0x0000003c   Data   RW         3656    .data               tasks.o
    0x20000064   0x0800875c   0x00000014   Data   RW         3987    .data               timers.o
    0x20000078   0x08008770   0x00000004   Data   RW         4205    .data               cmsis_os2.o
    0x2000007c   0x08008774   0x00000018   Data   RW         4590    .data               heap_4.o
    0x20000094   0x0800878c   0x0000000c   Data   RW         4641    .data               port.o
    0x200000a0   0x08008798   0x00000004   Data   RW         4784    .data               mc_w.l(stdout.o)
    0x200000a4        -       0x00000588   Zero   RW           21    .bss                main.o
    0x2000062c        -       0x00000160   Zero   RW          236    .bss                gsm.o
    0x2000078c        -       0x00000110   Zero   RW          449    .bss                usart.o
    0x2000089c        -       0x00000040   Zero   RW         3232    .bss                queue.o
    0x200008dc        -       0x000004c4   Zero   RW         3655    .bss                tasks.o
    0x20000da0        -       0x00000118   Zero   RW         3986    .bss                timers.o
    0x20000eb8        -       0x000006b8   Zero   RW         4204    .bss                cmsis_os2.o
    0x20001570        -       0x00000bb8   Zero   RW         4589    .bss                heap_4.o
    0x20002128        -       0x00000400   Zero   RW            1    STACK               startup_stm32l496xx.o


==============================================================================

Image component sizes


      Code (inc. data)   RO Data    RW Data    ZI Data      Debug   Object Name

      1022         62          0          4       1720      35072   cmsis_os2.o
        68          4          0          0          0        758   dma.o
         0          0          0          0          0      18392   event_groups.o
      4196       1236       4844         16        352       7840   gsm.o
       692         62          0         24       3000       4811   heap_4.o
       148          0          0          0          0       3606   list.o
      1166        154         48          5       1416     874605   main.o
      1046         92          0         12          0      11773   port.o
      2228         20          0          0         64      19913   queue.o
        92         12          0          0          0       1819   retarget_io.o
        36          8        428          0       1024        960   startup_stm32l496xx.o
       194         32          0          9          0      16425   stm32l4xx_hal.o
       318         22          0          0          0      34391   stm32l4xx_hal_cortex.o
       822         10          0          0          0       4930   stm32l4xx_hal_dma.o
       526         42          0          0          0       3003   stm32l4xx_hal_gpio.o
       612         44          0          0          0       2651   stm32l4xx_hal_msp.o
       370          0          0          0          0       1447   stm32l4xx_hal_pcd.o
        40          4          0          0          0       1036   stm32l4xx_hal_pcd_ex.o
        20          6          0          0          0        551   stm32l4xx_hal_pwr.o
       196         30          0          0          0       2472   stm32l4xx_hal_pwr_ex.o
      2764        108          0          0          0       7428   stm32l4xx_hal_rcc.o
      2036         48          0          0          0       4549   stm32l4xx_hal_rcc_ex.o
      2412         82          0          0          0      14794   stm32l4xx_hal_uart.o
        72         12          0          0          0       4281   stm32l4xx_it.o
       842         32          0          0          0       6855   stm32l4xx_ll_usb.o
        80         12         72          4          0       1229   system_stm32l4xx.o
      2826        346          0         60       1220      27586   tasks.o
      1318        124          0         20        280      32847   timers.o
        64          8          0          0        272        817   usart.o

    ----------------------------------------------------------------------
     26236       2612       5424        160       9348    1146841   Object Totals
         0          0         32          0          0          0   (incl. Generated)
        30          0          0          6          0          0   (incl. Padding)

    ----------------------------------------------------------------------

      Code (inc. data)   RO Data    RW Data    ZI Data      Debug   Library Member Name

        56          8          0          0          0         84   __0sscanf.o
        28          0          0          0          0         68   _chval.o
       818          4          0          0          0        112   _scanf.o
       338          0          0          0          0         96   _scanf_int.o
        64          0          0          0          0         84   _sgetc.o
         8          4        133          0          0         68   ctype_o.o
         0          0          0          0          0          0   entry.o
         0          0          0          0          0          0   entry10a.o
         0          0          0          0          0          0   entry11a.o
         8          4          0          0          0          0   entry2.o
         4          0          0          0          0          0   entry5.o
         0          0          0          0          0          0   entry7b.o
         0          0          0          0          0          0   entry8b.o
         8          4          0          0          0          0   entry9a.o
        30          0          0          0          0          0   handlers.o
        36          8          0          0          0         68   init.o
        18          0          0          0          0         76   isspace_o.o
        30          0          0          0          0         68   llshl.o
        32          0          0          0          0         68   llushr.o
        26          0          0          0          0         80   memcmp.o
        36          0          0          0          0         68   memcpya.o
        36          0          0          0          0        108   memseta.o
       922         20          0          0          0        504   printf6.o
        40          8          0          0          0         84   scanf_char.o
         0          0          0          4          0          0   stdout.o
        18          0          0          0          0         68   strcpy.o
        14          0          0          0          0         68   strlen.o
        36          0          0          0          0         80   strstr.o
        44          0          0          0          0         80   uidiv.o
       104          0          0          0          0         92   uldiv.o

    ----------------------------------------------------------------------
      2756         60        136          4          0       2024   Library Totals
         2          0          3          0          0          0   (incl. Padding)

    ----------------------------------------------------------------------

      Code (inc. data)   RO Data    RW Data    ZI Data      Debug   Library Name

      2754         60        133          4          0       2024   mc_w.l

    ----------------------------------------------------------------------
      2756         60        136          4          0       2024   Library Totals

    ----------------------------------------------------------------------

==============================================================================


      Code (inc. data)   RO Data    RW Data    ZI Data      Debug   

     28992       2672       5560        164       9348    1131029   Grand Totals
     28992       2672       5560        164       9348    1131029   ELF Image Totals
     28992       2672       5560        164          0          0   ROM Totals

==============================================================================

    Total RO  Size (Code + RO Data)                34552 (  33.74kB)
    Total RW  Size (RW Data + ZI Data)              9512 (   9.29kB)
    Total ROM Size (Code + RO Data + RW Data)      34716 (  33.90kB)

==============================================================================

